Archive member included because of file (symbol)

c:/siliconlabs/simplicitystudio/v4/developer/toolchains/gnu_arm/4.9_2015q3/bin/../lib/gcc/arm-none-eabi/4.9.3/../../../../arm-none-eabi/lib/armv7e-m/softfp\libm.a(lib_a-w_pow.o)
                              ./src/i2c.o (pow)
c:/siliconlabs/simplicitystudio/v4/developer/toolchains/gnu_arm/4.9_2015q3/bin/../lib/gcc/arm-none-eabi/4.9.3/../../../../arm-none-eabi/lib/armv7e-m/softfp\libm.a(lib_a-e_pow.o)
                              c:/siliconlabs/simplicitystudio/v4/developer/toolchains/gnu_arm/4.9_2015q3/bin/../lib/gcc/arm-none-eabi/4.9.3/../../../../arm-none-eabi/lib/armv7e-m/softfp\libm.a(lib_a-w_pow.o) (__ieee754_pow)
c:/siliconlabs/simplicitystudio/v4/developer/toolchains/gnu_arm/4.9_2015q3/bin/../lib/gcc/arm-none-eabi/4.9.3/../../../../arm-none-eabi/lib/armv7e-m/softfp\libm.a(lib_a-e_sqrt.o)
                              c:/siliconlabs/simplicitystudio/v4/developer/toolchains/gnu_arm/4.9_2015q3/bin/../lib/gcc/arm-none-eabi/4.9.3/../../../../arm-none-eabi/lib/armv7e-m/softfp\libm.a(lib_a-e_pow.o) (__ieee754_sqrt)
c:/siliconlabs/simplicitystudio/v4/developer/toolchains/gnu_arm/4.9_2015q3/bin/../lib/gcc/arm-none-eabi/4.9.3/../../../../arm-none-eabi/lib/armv7e-m/softfp\libm.a(lib_a-s_fabs.o)
                              c:/siliconlabs/simplicitystudio/v4/developer/toolchains/gnu_arm/4.9_2015q3/bin/../lib/gcc/arm-none-eabi/4.9.3/../../../../arm-none-eabi/lib/armv7e-m/softfp\libm.a(lib_a-e_pow.o) (fabs)
c:/siliconlabs/simplicitystudio/v4/developer/toolchains/gnu_arm/4.9_2015q3/bin/../lib/gcc/arm-none-eabi/4.9.3/../../../../arm-none-eabi/lib/armv7e-m/softfp\libm.a(lib_a-s_finite.o)
                              c:/siliconlabs/simplicitystudio/v4/developer/toolchains/gnu_arm/4.9_2015q3/bin/../lib/gcc/arm-none-eabi/4.9.3/../../../../arm-none-eabi/lib/armv7e-m/softfp\libm.a(lib_a-w_pow.o) (finite)
c:/siliconlabs/simplicitystudio/v4/developer/toolchains/gnu_arm/4.9_2015q3/bin/../lib/gcc/arm-none-eabi/4.9.3/../../../../arm-none-eabi/lib/armv7e-m/softfp\libm.a(lib_a-s_fpclassify.o)
                              c:/siliconlabs/simplicitystudio/v4/developer/toolchains/gnu_arm/4.9_2015q3/bin/../lib/gcc/arm-none-eabi/4.9.3/../../../../arm-none-eabi/lib/armv7e-m/softfp\libm.a(lib_a-w_pow.o) (__fpclassifyd)
c:/siliconlabs/simplicitystudio/v4/developer/toolchains/gnu_arm/4.9_2015q3/bin/../lib/gcc/arm-none-eabi/4.9.3/../../../../arm-none-eabi/lib/armv7e-m/softfp\libm.a(lib_a-s_lib_ver.o)
                              c:/siliconlabs/simplicitystudio/v4/developer/toolchains/gnu_arm/4.9_2015q3/bin/../lib/gcc/arm-none-eabi/4.9.3/../../../../arm-none-eabi/lib/armv7e-m/softfp\libm.a(lib_a-w_pow.o) (__fdlib_version)
c:/siliconlabs/simplicitystudio/v4/developer/toolchains/gnu_arm/4.9_2015q3/bin/../lib/gcc/arm-none-eabi/4.9.3/../../../../arm-none-eabi/lib/armv7e-m/softfp\libm.a(lib_a-s_matherr.o)
                              c:/siliconlabs/simplicitystudio/v4/developer/toolchains/gnu_arm/4.9_2015q3/bin/../lib/gcc/arm-none-eabi/4.9.3/../../../../arm-none-eabi/lib/armv7e-m/softfp\libm.a(lib_a-w_pow.o) (matherr)
c:/siliconlabs/simplicitystudio/v4/developer/toolchains/gnu_arm/4.9_2015q3/bin/../lib/gcc/arm-none-eabi/4.9.3/../../../../arm-none-eabi/lib/armv7e-m/softfp\libm.a(lib_a-s_nan.o)
                              c:/siliconlabs/simplicitystudio/v4/developer/toolchains/gnu_arm/4.9_2015q3/bin/../lib/gcc/arm-none-eabi/4.9.3/../../../../arm-none-eabi/lib/armv7e-m/softfp\libm.a(lib_a-e_pow.o) (nan)
c:/siliconlabs/simplicitystudio/v4/developer/toolchains/gnu_arm/4.9_2015q3/bin/../lib/gcc/arm-none-eabi/4.9.3/../../../../arm-none-eabi/lib/armv7e-m/softfp\libm.a(lib_a-s_rint.o)
                              c:/siliconlabs/simplicitystudio/v4/developer/toolchains/gnu_arm/4.9_2015q3/bin/../lib/gcc/arm-none-eabi/4.9.3/../../../../arm-none-eabi/lib/armv7e-m/softfp\libm.a(lib_a-w_pow.o) (rint)
c:/siliconlabs/simplicitystudio/v4/developer/toolchains/gnu_arm/4.9_2015q3/bin/../lib/gcc/arm-none-eabi/4.9.3/../../../../arm-none-eabi/lib/armv7e-m/softfp\libm.a(lib_a-s_scalbn.o)
                              c:/siliconlabs/simplicitystudio/v4/developer/toolchains/gnu_arm/4.9_2015q3/bin/../lib/gcc/arm-none-eabi/4.9.3/../../../../arm-none-eabi/lib/armv7e-m/softfp\libm.a(lib_a-e_pow.o) (scalbn)
c:/siliconlabs/simplicitystudio/v4/developer/toolchains/gnu_arm/4.9_2015q3/bin/../lib/gcc/arm-none-eabi/4.9.3/../../../../arm-none-eabi/lib/armv7e-m/softfp\libm.a(lib_a-s_copysign.o)
                              c:/siliconlabs/simplicitystudio/v4/developer/toolchains/gnu_arm/4.9_2015q3/bin/../lib/gcc/arm-none-eabi/4.9.3/../../../../arm-none-eabi/lib/armv7e-m/softfp\libm.a(lib_a-s_scalbn.o) (copysign)
c:/siliconlabs/simplicitystudio/v4/developer/toolchains/gnu_arm/4.9_2015q3/bin/../lib/gcc/arm-none-eabi/4.9.3/armv7e-m/softfp\libgcc.a(_arm_addsubdf3.o)
                              ./src/i2c.o (__aeabi_dsub)
[...]
Memory Configuration

Name             Origin             Length             Attributes
FLASH            0x00000000         0x00080000         xr
RAM              0x20000000         0x00010000         xrw
*default*        0x00000000         0xffffffff

Linker script and memory map

LOAD c:/siliconlabs/simplicitystudio/v4/developer/toolchains/gnu_arm/4.9_2015q3/bin/../lib/gcc/arm-none-eabi/4.9.3/armv7e-m/softfp/crti.o
LOAD c:/siliconlabs/simplicitystudio/v4/developer/toolchains/gnu_arm/4.9_2015q3/bin/../lib/gcc/arm-none-eabi/4.9.3/armv7e-m/softfp/crtbegin.o
LOAD c:/siliconlabs/simplicitystudio/v4/developer/toolchains/gnu_arm/4.9_2015q3/bin/../lib/gcc/arm-none-eabi/4.9.3/../../../../arm-none-eabi/lib/armv7e-m/softfp/crt0.o
START GROUP
LOAD ./dcd_switch.o
LOAD ./gatt_db.o
LOAD ./graphics.o
LOAD ./main.o
LOAD ./pti.o
LOAD ./device/EFR32_B_1_3_P/gcc/startup_efr32bg13p.o
LOAD ./device/EFR32_B_1_3_P/system_efr32bg13p.o
LOAD ./emdrv/dmadrv.o
LOAD ./emdrv/gpiointerrupt.o
LOAD ./emdrv/sleep.o
LOAD ./emdrv/tempdrv.o
LOAD ./emdrv/uartdrv.o
LOAD ./emlib/em_adc.o
LOAD ./emlib/em_cmu.o
LOAD ./emlib/em_core.o
LOAD ./emlib/em_crypto.o
LOAD ./emlib/em_emu.o
LOAD ./emlib/em_gpio.o
LOAD ./emlib/em_i2c.o
LOAD ./emlib/em_ldma.o
LOAD ./emlib/em_leuart.o
LOAD ./emlib/em_msc.o
LOAD ./emlib/em_rmu.o
LOAD ./emlib/em_rtcc.o
LOAD ./emlib/em_system.o
LOAD ./emlib/em_timer.o
LOAD ./emlib/em_usart.o
LOAD ./glib/BRD4104A/bmp.o
LOAD ./glib/BRD4104A/dmd_display.o
LOAD ./glib/BRD4104A/glib.o
LOAD ./glib/BRD4104A/glib_bitmap.o
LOAD ./glib/BRD4104A/glib_circle.o
LOAD ./glib/BRD4104A/glib_font_narrow_6x8.o
LOAD ./glib/BRD4104A/glib_font_normal_8x8.o
LOAD ./glib/BRD4104A/glib_font_number_16x20.o
LOAD ./glib/BRD4104A/glib_line.o
LOAD ./glib/BRD4104A/glib_polygon.o
LOAD ./glib/BRD4104A/glib_rectangle.o
LOAD ./glib/BRD4104A/glib_string.o
LOAD ./kit/BRD4104A/bsp_bcc.o
LOAD ./kit/BRD4104A/bsp_stk.o
LOAD ./kit/BRD4104A/bsp_stk_leds.o
LOAD ./kit/BRD4104A/i2cspm.o
LOAD ./kit/BRD4104A/si7013.o
LOAD ./kit/BRD4104A/tempsens.o
LOAD ./kit/BRD4104A/udelay.o
LOAD ./kit_flashpwr/BRD4104A/mx25flash_spi.o
LOAD ./kit_lcd/BRD4104A/display.o
LOAD ./kit_lcd/BRD4104A/displayls013b7dh03.o
LOAD ./kit_lcd/BRD4104A/displaypalemlib.o
LOAD ./serial_vcom/retargetio.o
LOAD ./serial_vcom/retargetserial.o
LOAD ./src/InitDevice.o
LOAD ./src/cmu.o
LOAD ./src/i2c.o
LOAD ./src/timer0.o
LOAD ./stack/bt_mesh_stack/mesh_lib.o
LOAD c:/siliconlabs/simplicitystudio/v4/developer/toolchains/gnu_arm/4.9_2015q3/bin/../lib/gcc/arm-none-eabi/4.9.3/../../../../arm-none-eabi/lib/armv7e-m/softfp\libm.a
LOAD C:/SiliconLabs/SimplicityStudio/v4/developer/sdks/blemesh/v1.1//protocol/bluetooth_dev/lib/EFR32XG13X/GCC/\libbluetooth_mesh.a
END GROUP
START GROUP
LOAD c:/siliconlabs/simplicitystudio/v4/developer/toolchains/gnu_arm/4.9_2015q3/bin/../lib/gcc/arm-none-eabi/4.9.3/armv7e-m/softfp\libgcc.a
LOAD c:/siliconlabs/simplicitystudio/v4/developer/toolchains/gnu_arm/4.9_2015q3/bin/../lib/gcc/arm-none-eabi/4.9.3/../../../../arm-none-eabi/lib/armv7e-m/softfp\libc.a
LOAD c:/siliconlabs/simplicitystudio/v4/developer/toolchains/gnu_arm/4.9_2015q3/bin/../lib/gcc/arm-none-eabi/4.9.3/../../../../arm-none-eabi/lib/armv7e-m/softfp\libnosys.a
END GROUP
START GROUP
LOAD c:/siliconlabs/simplicitystudio/v4/developer/toolchains/gnu_arm/4.9_2015q3/bin/../lib/gcc/arm-none-eabi/4.9.3/armv7e-m/softfp\libgcc.a
LOAD c:/siliconlabs/simplicitystudio/v4/developer/toolchains/gnu_arm/4.9_2015q3/bin/../lib/gcc/arm-none-eabi/4.9.3/../../../../arm-none-eabi/lib/armv7e-m/softfp\libg.a
LOAD c:/siliconlabs/simplicitystudio/v4/developer/toolchains/gnu_arm/4.9_2015q3/bin/../lib/gcc/arm-none-eabi/4.9.3/../../../../arm-none-eabi/lib/armv7e-m/softfp\libc.a
END GROUP
LOAD c:/siliconlabs/simplicitystudio/v4/developer/toolchains/gnu_arm/4.9_2015q3/bin/../lib/gcc/arm-none-eabi/4.9.3/armv7e-m/softfp/crtend.o
LOAD c:/siliconlabs/simplicitystudio/v4/developer/toolchains/gnu_arm/4.9_2015q3/bin/../lib/gcc/arm-none-eabi/4.9.3/armv7e-m/softfp/crtn.o

.text           0x00000000    0x5060c
 *(.vectors)
 .vectors       0x00000000       0xfc ./device/EFR32_B_1_3_P/gcc/startup_efr32bg13p.o
                0x00000000                __Vectors
                0x000000fc                __Vectors_End = .
                0x000000fc                __Vectors_Size = (__Vectors_End - __Vectors)
                0x000000fc                __end__ = .
 *(.text*)
 .text          0x000000fc       0x5c c:/siliconlabs/simplicitystudio/v4/developer/toolchains/gnu_arm/4.9_2015q3/bin/../lib/gcc/arm-none-eabi/4.9.3/armv7e-m/softfp/crtbegin.o
 .text          0x00000158       0x74 c:/siliconlabs/simplicitystudio/v4/developer/toolchains/gnu_arm/4.9_2015q3/bin/../lib/gcc/arm-none-eabi/4.9.3/../../../../arm-none-eabi/lib/armv7e-m/softfp/crt0.o
                0x00000158                _start
                0x00000158                _mainCRTStartup
 .text.graphPrintCenter.constprop.0
                0x000001cc       0x94 ./graphics.o
 .text.graphInit
                0x00000260       0x44 ./graphics.o
                0x00000260                graphInit
 .text.graphWriteString
                0x000002a4       0x40 ./graphics.o
                0x000002a4                graphWriteString
 .text.onoff_change
                0x000002e4        0x4 ./main.o
 .text.power_onoff_change
                0x000002e8        0x4 ./main.o
 .text.transtime_change
                0x000002ec        0x4 ./main.o
 .text.onoff_update
                0x000002f0       0x2c ./main.o
 .text.power_onoff_update
                0x0000031c       0x2c ./main.o
 .text.gpioint  0x00000348       0x18 ./main.o
                0x00000348                gpioint
 .text.led_init
                0x00000360       0x20 ./main.o
 .text.onoff_update_and_publish
                0x00000380       0x1c ./main.o
 .text.LCD_write.part.1
                0x0000039c       0x48 ./main.o
 .text.lightbulb_state_store
                0x000003e4       0x50 ./main.o
 .text.transtime_request
                0x00000434       0xa4 ./main.o
 .text.power_onoff_request
                0x000004d8       0xb4 ./main.o
 .text.onoff_request
                0x0000058c      0x148 ./main.o
 .text.transition_complete
                0x000006d4       0x68 ./main.o
                0x000006d4                transition_complete
 .text.enable_button_interrupts
                0x0000073c       0x48 ./main.o
                0x0000073c                enable_button_interrupts
 .text.send_onoff_request
                0x00000784       0xd8 ./main.o
                0x00000784                send_onoff_request
 .text.lightbulb_state_init
                0x0000085c      0x190 ./main.o
                0x0000085c                lightbulb_state_init
 .text.handle_button_press
                0x000009ec       0x6c ./main.o
                0x000009ec                handle_button_press
 .text.rtcIntCallbackRegister
                0x00000a58        0x4 ./main.o
                0x00000a58                rtcIntCallbackRegister
 .text.LCD_init
                0x00000a5c       0x2c ./main.o
                0x00000a5c                LCD_init
 .text.set_device_name
                0x00000a88       0x9c ./main.o
                0x00000a88                set_device_name
 .text.initiate_factory_reset
                0x00000b24       0x74 ./main.o
                0x00000b24                initiate_factory_reset
 .text.startup.main
                0x00000b98      0x684 ./main.o
                0x00000b98                main
 .text.APP_ConfigEnablePti
                0x0000121c       0x30 ./pti.o
                0x0000121c                APP_ConfigEnablePti
 .text.Default_Handler
                0x0000124c        0x4 ./device/EFR32_B_1_3_P/gcc/startup_efr32bg13p.o
                0x0000124c                DebugMon_Handler
                0x0000124c                USART0_TX_IRQHandler
                0x0000124c                PRORTC_IRQHandler
                0x0000124c                I2C0_IRQHandler
                0x0000124c                HardFault_Handler
                0x0000124c                SysTick_Handler
                0x0000124c                USART1_RX_IRQHandler
                0x0000124c                PendSV_Handler
                0x0000124c                NMI_Handler
                0x0000124c                SYNTH_IRQHandler
                0x0000124c                I2C1_IRQHandler
                0x0000124c                WTIMER0_IRQHandler
                0x0000124c                CRYPTO0_IRQHandler
                0x0000124c                WDOG0_IRQHandler
                0x0000124c                USART1_TX_IRQHandler
                0x0000124c                SMU_IRQHandler
                0x0000124c                MSC_IRQHandler
                0x0000124c                ADC0_IRQHandler
                0x0000124c                UsageFault_Handler
                0x0000124c                WDOG1_IRQHandler
                0x0000124c                LEUART0_IRQHandler
                0x0000124c                FPUEH_IRQHandler
                0x0000124c                VDAC0_IRQHandler
                0x0000124c                CSEN_IRQHandler
                0x0000124c                CRYPTO1_IRQHandler
                0x0000124c                LETIMER0_IRQHandler
                0x0000124c                TIMER1_IRQHandler
                0x0000124c                TRNG0_IRQHandler
                0x0000124c                RFSENSE_IRQHandler
                0x0000124c                BUFC_IRQHandler
                0x0000124c                MODEM_IRQHandler
                0x0000124c                USART2_RX_IRQHandler
                0x0000124c                Default_Handler
                0x0000124c                RAC_SEQ_IRQHandler
                0x0000124c                FRC_PRI_IRQHandler
                0x0000124c                FRC_IRQHandler
                0x0000124c                CRYOTIMER_IRQHandler
                0x0000124c                PCNT0_IRQHandler
                0x0000124c                AGC_IRQHandler
                0x0000124c                ACMP0_IRQHandler
                0x0000124c                MemManage_Handler
                0x0000124c                SVC_Handler
                0x0000124c                RTCC_IRQHandler
                0x0000124c                CMU_IRQHandler
                0x0000124c                RAC_RSM_IRQHandler
                0x0000124c                LESENSE_IRQHandler
                0x0000124c                PROTIMER_IRQHandler
                0x0000124c                BusFault_Handler
                0x0000124c                USART2_TX_IRQHandler
                0x0000124c                IDAC0_IRQHandler
 .text.Reset_Handler
                0x00001250       0x38 ./device/EFR32_B_1_3_P/gcc/startup_efr32bg13p.o
                0x00001250                Reset_Handler
 .text.SystemMaxCoreClockGet
                0x00001288        0x8 ./device/EFR32_B_1_3_P/system_efr32bg13p.o
                0x00001288                SystemMaxCoreClockGet
 .text.SystemHFClockGet
                0x00001290       0x50 ./device/EFR32_B_1_3_P/system_efr32bg13p.o
                0x00001290                SystemHFClockGet
 .text.SystemCoreClockGet
                0x000012e0       0x24 ./device/EFR32_B_1_3_P/system_efr32bg13p.o
                0x000012e0                SystemCoreClockGet
 .text.SystemHFXOClockGet
                0x00001304        0xc ./device/EFR32_B_1_3_P/system_efr32bg13p.o
                0x00001304                SystemHFXOClockGet
 .text.SystemHFXOClockSet
                0x00001310       0x20 ./device/EFR32_B_1_3_P/system_efr32bg13p.o
                0x00001310                SystemHFXOClockSet
 .text.SystemInit
                0x00001330       0x14 ./device/EFR32_B_1_3_P/system_efr32bg13p.o
                0x00001330                SystemInit
 .text.SystemLFRCOClockGet
                0x00001344        0x8 ./device/EFR32_B_1_3_P/system_efr32bg13p.o
                0x00001344                SystemLFRCOClockGet
 .text.SystemULFRCOClockGet
                0x0000134c        0x8 ./device/EFR32_B_1_3_P/system_efr32bg13p.o
                0x0000134c                SystemULFRCOClockGet
 .text.SystemLFXOClockGet
                0x00001354        0xc ./device/EFR32_B_1_3_P/system_efr32bg13p.o
                0x00001354                SystemLFXOClockGet
 .text.SystemLFXOClockSet
                0x00001360       0x20 ./device/EFR32_B_1_3_P/system_efr32bg13p.o
                0x00001360                SystemLFXOClockSet
 .text.LDMA_IRQHandler
                0x00001380       0x7c ./emdrv/dmadrv.o
                0x00001380                LDMA_IRQHandler
 .text.GPIOINT_IRQDispatcher
                0x000013fc       0x2c ./emdrv/gpiointerrupt.o
 .text.GPIOINT_Init
                0x00001428       0x1c ./emdrv/gpiointerrupt.o
                0x00001428                GPIOINT_Init
 .text.GPIOINT_CallbackRegister
                0x00001444       0x1c ./emdrv/gpiointerrupt.o
                0x00001444                GPIOINT_CallbackRegister
 .text.GPIO_EVEN_IRQHandler
                0x00001460       0x20 ./emdrv/gpiointerrupt.o
                0x00001460                GPIO_EVEN_IRQHandler
 .text.GPIO_ODD_IRQHandler
                0x00001480       0x20 ./emdrv/gpiointerrupt.o
                0x00001480                GPIO_ODD_IRQHandler
 .text.sleepCallbackWrapper
                0x000014a0       0x14 ./emdrv/sleep.o
 .text.enterEMx
                0x000014b4       0x70 ./emdrv/sleep.o
 .text.SLEEP_Init
                0x00001524       0x44 ./emdrv/sleep.o
                0x00001524                SLEEP_Init
 .text.SLEEP_Sleep
                0x00001568       0x70 ./emdrv/sleep.o
                0x00001568                SLEEP_Sleep
 .text.SLEEP_SleepBlockBegin
                0x000015d8       0x28 ./emdrv/sleep.o
                0x000015d8                SLEEP_SleepBlockBegin
 .text.SLEEP_SleepBlockEnd
                0x00001600       0x2c ./emdrv/sleep.o
                0x00001600                SLEEP_SleepBlockEnd
 .text.SLEEP_LowestEnergyModeGet
                0x0000162c       0x1c ./emdrv/sleep.o
                0x0000162c                SLEEP_LowestEnergyModeGet
 .text.updateInterrupts
                0x00001648       0xdc ./emdrv/tempdrv.o
 .text.TEMPDRV_IRQHandler
                0x00001724       0xa0 ./emdrv/tempdrv.o
                0x00001724                TEMPDRV_IRQHandler
 .text.EMU_IRQHandler
                0x000017c4        0x4 ./emdrv/tempdrv.o
                0x000017c4                EMU_IRQHandler
 .text.TEMPDRV_Init
                0x000017c8       0xb0 ./emdrv/tempdrv.o
                0x000017c8                TEMPDRV_Init
 .text.flashWaitStateControl
                0x00001878       0x60 ./emlib/em_cmu.o
 .text.CMU_HFRCODevinfoGet
                0x000018d8       0xb4 ./emlib/em_cmu.o
 .text.flashWaitStateMax
                0x0000198c       0x10 ./emlib/em_cmu.o
 .text.CMU_OscillatorTuningSet.part.1
                0x0000199c       0x3c ./emlib/em_cmu.o
 .text.CMU_UpdateWaitStates
                0x000019d8        0x4 ./emlib/em_cmu.o
                0x000019d8                CMU_UpdateWaitStates
 .text.CMU_ClockEnable
                0x000019dc       0x8c ./emlib/em_cmu.o
                0x000019dc                CMU_ClockEnable
 .text.CMU_ClockPrescGet
                0x00001a68       0xd0 ./emlib/em_cmu.o
                0x00001a68                CMU_ClockPrescGet
 .text.CMU_ClockDivGet
                0x00001b38        0xc ./emlib/em_cmu.o
                0x00001b38                CMU_ClockDivGet
 .text.CMU_ClockSelectGet
                0x00001b44       0xc4 ./emlib/em_cmu.o
                0x00001b44                CMU_ClockSelectGet
 .text.lfClkGet
                0x00001c08       0x94 ./emlib/em_cmu.o
 .text.CMU_ClockFreqGet
                0x00001c9c      0x1a4 ./emlib/em_cmu.o
                0x00001c9c                CMU_ClockFreqGet
 .text.CMU_ClockPrescSet
                0x00001e40      0x298 ./emlib/em_cmu.o
                0x00001e40                CMU_ClockPrescSet
 .text.CMU_ClockDivSet
                0x000020d8        0x8 ./emlib/em_cmu.o
                0x000020d8                CMU_ClockDivSet
 .text.CMU_HFRCOBandSet
                0x000020e0      0x148 ./emlib/em_cmu.o
                0x000020e0                CMU_HFRCOBandSet
 .text.CMU_HFXOAutostartEnable
                0x00002228       0x8c ./emlib/em_cmu.o
                0x00002228                CMU_HFXOAutostartEnable
 .text.CMU_OscillatorTuningWait
                0x000022b4       0x5c ./emlib/em_cmu.o
                0x000022b4                CMU_OscillatorTuningWait
 .text.CMU_OscillatorEnable
                0x00002310      0x12c ./emlib/em_cmu.o
                0x00002310                CMU_OscillatorEnable
 .text.CMU_ClockSelectSet
                0x0000243c      0x2bc ./emlib/em_cmu.o
                0x0000243c                CMU_ClockSelectSet
 .text.CMU_HFXOInit
                0x000026f8       0x7c ./emlib/em_cmu.o
                0x000026f8                CMU_HFXOInit
 .text.CMU_LFXOInit
                0x00002774       0x40 ./emlib/em_cmu.o
                0x00002774                CMU_LFXOInit
 .text.CORE_EnterCritical
                0x000027b4        0x8 ./emlib/em_core.o
                0x000027b4                CORE_EnterCritical
 .text.CORE_ExitCritical
                0x000027bc        0x8 ./emlib/em_core.o
                0x000027bc                CORE_ExitCritical
 .text.CORE_EnterAtomic
                0x000027c4        0x8 ./emlib/em_core.o
                0x000027c4                CORE_EnterAtomic
 .text.CORE_ExitAtomic
                0x000027cc        0x8 ./emlib/em_core.o
                0x000027cc                CORE_ExitAtomic
 .text.CORE_SetNvicRamTableHandler
                0x000027d4       0x10 ./emlib/em_core.o
                0x000027d4                CORE_SetNvicRamTableHandler
 .text.CORE_InitNvicVectorTable
                0x000027e4       0x48 ./emlib/em_core.o
                0x000027e4                CORE_InitNvicVectorTable
 .text.CRYPTO_ModulusSet
                0x0000282c       0x38 ./emlib/em_crypto.o
                0x0000282c                CRYPTO_ModulusSet
 .text.CRYPTO_KeyRead
                0x00002864       0x2c ./emlib/em_crypto.o
                0x00002864                CRYPTO_KeyRead
 .text.lpGetDevinfoVrefLowHigh
                0x00002890       0xdc ./emlib/em_emu.o
 .text.lpCmpHystCalibrationLoad.isra.0
                0x0000296c       0x78 ./emlib/em_emu.o
 .text.vScaleDownEM23Setup
                0x000029e4       0x60 ./emlib/em_emu.o
 .text.emState.part.2
                0x00002a44       0x7c ./emlib/em_emu.o
 .text.emState  0x00002ac0       0x50 ./emlib/em_emu.o
 .text.EMU_EnterEM2
                0x00002b10       0x34 ./emlib/em_emu.o
                0x00002b10                EMU_EnterEM2
 .text.EMU_EnterEM3
                0x00002b44       0x58 ./emlib/em_emu.o
                0x00002b44                EMU_EnterEM3
 .text.EMU_Save
                0x00002b9c        0x8 ./emlib/em_emu.o
                0x00002b9c                EMU_Save
 .text.EMU_Restore
                0x00002ba4        0x4 ./emlib/em_emu.o
                0x00002ba4                EMU_Restore
 .text.EMU_VScaleEM01
                0x00002ba8       0x68 ./emlib/em_emu.o
                0x00002ba8                EMU_VScaleEM01
 .text.EMU_VScaleEM01ByClock
                0x00002c10       0x50 ./emlib/em_emu.o
                0x00002c10                EMU_VScaleEM01ByClock
 .text.EMU_EM01Init
                0x00002c60       0x14 ./emlib/em_emu.o
                0x00002c60                EMU_EM01Init
 .text.EMU_EM23Init
                0x00002c74       0x18 ./emlib/em_emu.o
                0x00002c74                EMU_EM23Init
 .text.EMU_EM4Init
                0x00002c8c       0x5c ./emlib/em_emu.o
                0x00002c8c                EMU_EM4Init
 .text.EMU_DCDCModeSet
                0x00002ce8       0x84 ./emlib/em_emu.o
                0x00002ce8                EMU_DCDCModeSet
 .text.EMU_EnterEM4
                0x00002d6c       0x50 ./emlib/em_emu.o
                0x00002d6c                EMU_EnterEM4
 .text.EMU_DCDCOutputVoltageSet
                0x00002dbc      0x160 ./emlib/em_emu.o
                0x00002dbc                EMU_DCDCOutputVoltageSet
 .text.EMU_DCDCOptimizeSlice
                0x00002f1c       0xf8 ./emlib/em_emu.o
                0x00002f1c                EMU_DCDCOptimizeSlice
 .text.EMU_DCDCLnRcoBandSet
                0x00003014       0x24 ./emlib/em_emu.o
                0x00003014                EMU_DCDCLnRcoBandSet
 .text.EMU_DCDCInit
                0x00003038       0xec ./emlib/em_emu.o
                0x00003038                EMU_DCDCInit
 .text.GPIO_ExtIntConfig
                0x00003124       0xb0 ./emlib/em_gpio.o
                0x00003124                GPIO_ExtIntConfig
 .text.GPIO_PinModeSet
                0x000031d4       0x84 ./emlib/em_gpio.o
                0x000031d4                GPIO_PinModeSet
 .text.I2C_BusFreqSet.part.0
                0x00003258       0x60 ./emlib/em_i2c.o
 .text.I2C_Enable
                0x000032b8        0xc ./emlib/em_i2c.o
                0x000032b8                I2C_Enable
 .text.I2C_Init
                0x000032c4       0x3c ./emlib/em_i2c.o
                0x000032c4                I2C_Init
 .text.MSC_Init
                0x00003300       0x20 ./emlib/em_msc.o
                0x00003300                MSC_Init
 .text.MSC_Deinit
                0x00003320       0x14 ./emlib/em_msc.o
                0x00003320                MSC_Deinit
 .text.RMU_ResetCauseClear
                0x00003334        0xc ./emlib/em_rmu.o
                0x00003334                RMU_ResetCauseClear
 .text.RMU_ResetCauseGet
                0x00003340       0x60 ./emlib/em_rmu.o
                0x00003340                RMU_ResetCauseGet
 .text.RTCC_Enable
                0x000033a0        0xc ./emlib/em_rtcc.o
                0x000033a0                RTCC_Enable
 .text.RTCC_Init
                0x000033ac       0x48 ./emlib/em_rtcc.o
                0x000033ac                RTCC_Init
 .text.SYSTEM_ChipRevisionGet
                0x000033f4       0x34 ./emlib/em_system.o
                0x000033f4                SYSTEM_ChipRevisionGet
 .text.TIMER_Init
                0x00003428       0xb0 ./emlib/em_timer.o
                0x00003428                TIMER_Init
 .text.USART_BaudrateAsyncSet
                0x000034d8       0x68 ./emlib/em_usart.o
                0x000034d8                USART_BaudrateAsyncSet
 .text.USART_BaudrateSyncSet
                0x00003540       0x24 ./emlib/em_usart.o
                0x00003540                USART_BaudrateSyncSet
 .text.USART_Enable
                0x00003564       0x10 ./emlib/em_usart.o
                0x00003564                USART_Enable
 .text.USART_Reset
                0x00003574       0x58 ./emlib/em_usart.o
                0x00003574                USART_Reset
 .text.USART_InitAsync
                0x000035cc       0x70 ./emlib/em_usart.o
                0x000035cc                USART_InitAsync
 .text.USART_InitSync
                0x0000363c       0x88 ./emlib/em_usart.o
                0x0000363c                USART_InitSync
 .text.USART_Rx
                0x000036c4        0xc ./emlib/em_usart.o
                0x000036c4                USART_Rx
 .text.USART_SpiTransfer
                0x000036d0       0x14 ./emlib/em_usart.o
                0x000036d0                USART_SpiTransfer
 .text.USART_Tx
                0x000036e4        0xc ./emlib/em_usart.o
                0x000036e4                USART_Tx
 .text.USART_TxDouble
                0x000036f0        0xc ./emlib/em_usart.o
                0x000036f0                USART_TxDouble
 .text.DMD_writeColor.part.0
                0x000036fc      0x190 ./glib/BRD4104A/dmd_display.o
 .text.DMD_getDisplayGeometry
                0x0000388c       0x1c ./glib/BRD4104A/dmd_display.o
                0x0000388c                DMD_getDisplayGeometry
 .text.DMD_setClippingArea
                0x000038a8       0x44 ./glib/BRD4104A/dmd_display.o
                0x000038a8                DMD_setClippingArea
 .text.DMD_writeColor
                0x000038ec       0x20 ./glib/BRD4104A/dmd_display.o
                0x000038ec                DMD_writeColor
 .text.DMD_allocateFramebuffer
                0x0000390c       0x38 ./glib/BRD4104A/dmd_display.o
                0x0000390c                DMD_allocateFramebuffer
 .text.DMD_init
                0x00003944       0x78 ./glib/BRD4104A/dmd_display.o
                0x00003944                DMD_init
 .text.DMD_updateDisplay
                0x000039bc       0xbc ./glib/BRD4104A/dmd_display.o
                0x000039bc                DMD_updateDisplay
 .text.GLIB_applyClippingRegion.part.1
                0x00003a78       0x1c ./glib/BRD4104A/glib.o
 .text.GLIB_setClippingRegion.part.2
                0x00003a94       0x48 ./glib/BRD4104A/glib.o
 .text.GLIB_contextInit
                0x00003adc       0x58 ./glib/BRD4104A/glib.o
                0x00003adc                GLIB_contextInit
 .text.GLIB_clear
                0x00003b34       0x48 ./glib/BRD4104A/glib.o
                0x00003b34                GLIB_clear
 .text.GLIB_drawPixel
                0x00003b7c       0x40 ./glib/BRD4104A/glib.o
                0x00003b7c                GLIB_drawPixel
 .text.GLIB_drawPixelColor
                0x00003bbc       0x3c ./glib/BRD4104A/glib.o
                0x00003bbc                GLIB_drawPixelColor
 .text.GLIB_rectContainsPoint
                0x00003bf8       0x24 ./glib/BRD4104A/glib_rectangle.o
                0x00003bf8                GLIB_rectContainsPoint
 .text.GLIB_drawChar.part.0
                0x00003c1c      0x164 ./glib/BRD4104A/glib_string.o
 .text.GLIB_drawString
                0x00003d80       0x90 ./glib/BRD4104A/glib_string.o
                0x00003d80                GLIB_drawString
 .text.GLIB_setFont
                0x00003e10       0x20 ./glib/BRD4104A/glib_string.o
                0x00003e10                GLIB_setFont
 .text.UDELAY_Calibrate
                0x00003e30      0x1c0 ./kit/BRD4104A/udelay.o
                0x00003e30                UDELAY_Calibrate
 .text.UDELAY_Delay
                0x00003ff0       0x28 ./kit/BRD4104A/udelay.o
                0x00003ff0                UDELAY_Delay
 .text.MX25_init
                0x00004018       0xa4 ./kit_flashpwr/BRD4104A/mx25flash_spi.o
                0x00004018                MX25_init
 .text.MX25_DP  0x000040bc       0x5c ./kit_flashpwr/BRD4104A/mx25flash_spi.o
                0x000040bc                MX25_DP
 .text.DISPLAY_Init
                0x00004118       0x34 ./kit_lcd/BRD4104A/display.o
                0x00004118                DISPLAY_Init
 .text.DISPLAY_DeviceGet
                0x0000414c       0x38 ./kit_lcd/BRD4104A/display.o
                0x0000414c                DISPLAY_DeviceGet
 .text.DISPLAY_DeviceRegister
                0x00004184       0x44 ./kit_lcd/BRD4104A/display.o
                0x00004184                DISPLAY_DeviceRegister
 .text.PixelMatrixAllocate
                0x000041c8       0x3c ./kit_lcd/BRD4104A/displayls013b7dh03.o
 .text.PixelMatrixFree
                0x00004204        0x8 ./kit_lcd/BRD4104A/displayls013b7dh03.o
 .text.DriverRefresh
                0x0000420c       0x10 ./kit_lcd/BRD4104A/displayls013b7dh03.o
 .text.PixelMatrixClear
                0x0000421c       0x20 ./kit_lcd/BRD4104A/displayls013b7dh03.o
 .text.PixelMatrixDraw
                0x0000423c       0x8c ./kit_lcd/BRD4104A/displayls013b7dh03.o
 .text.DisplayPolarityInverse
                0x000042c8       0x10 ./kit_lcd/BRD4104A/displayls013b7dh03.o
 .text.DisplayEnable
                0x000042d8       0x1c ./kit_lcd/BRD4104A/displayls013b7dh03.o
 .text.DISPLAY_Ls013b7dh03Init
                0x000042f4       0xf4 ./kit_lcd/BRD4104A/displayls013b7dh03.o
                0x000042f4                DISPLAY_Ls013b7dh03Init
 .text.PAL_SpiInit
                0x000043e8       0x50 ./kit_lcd/BRD4104A/displaypalemlib.o
                0x000043e8                PAL_SpiInit
 .text.PAL_SpiTransmit
                0x00004438       0x40 ./kit_lcd/BRD4104A/displaypalemlib.o
                0x00004438                PAL_SpiTransmit
 .text.PAL_TimerInit
                0x00004478        0xc ./kit_lcd/BRD4104A/displaypalemlib.o
                0x00004478                PAL_TimerInit
 .text.PAL_TimerMicroSecondsDelay
                0x00004484        0xc ./kit_lcd/BRD4104A/displaypalemlib.o
                0x00004484                PAL_TimerMicroSecondsDelay
 .text.PAL_TimerRepeat
                0x00004490       0x18 ./kit_lcd/BRD4104A/displaypalemlib.o
                0x00004490                PAL_TimerRepeat
 .text.PAL_GpioInit
                0x000044a8       0x14 ./kit_lcd/BRD4104A/displaypalemlib.o
                0x000044a8                PAL_GpioInit
 .text.PAL_GpioPinModeSet
                0x000044bc       0x1c ./kit_lcd/BRD4104A/displaypalemlib.o
                0x000044bc                PAL_GpioPinModeSet
 .text.PAL_GpioPinOutSet
                0x000044d8       0x1c ./kit_lcd/BRD4104A/displaypalemlib.o
                0x000044d8                PAL_GpioPinOutSet
 .text.PAL_GpioPinOutClear
                0x000044f4       0x1c ./kit_lcd/BRD4104A/displaypalemlib.o
                0x000044f4                PAL_GpioPinOutClear
 .text.PAL_GpioPinOutToggle
                0x00004510       0x1c ./kit_lcd/BRD4104A/displaypalemlib.o
                0x00004510                PAL_GpioPinOutToggle
 .text._close   0x0000452c        0x4 ./serial_vcom/retargetio.o
                0x0000452c                _close
 .text._exit    0x00004530        0x4 ./serial_vcom/retargetio.o
                0x00004530                _exit
 .text._fstat   0x00004534        0xc ./serial_vcom/retargetio.o
                0x00004534                _fstat
 .text._isatty  0x00004540        0x4 ./serial_vcom/retargetio.o
                0x00004540                _isatty
 .text._lseek   0x00004544        0x4 ./serial_vcom/retargetio.o
                0x00004544                _lseek
 .text._read    0x00004548       0x30 ./serial_vcom/retargetio.o
                0x00004548                _read
 .text._sbrk    0x00004578       0x1c ./serial_vcom/retargetio.o
                0x00004578                _sbrk
 .text._write   0x00004594       0x1c ./serial_vcom/retargetio.o
                0x00004594                _write
 .text.USART0_RX_IRQHandler
                0x000045b0       0x58 ./serial_vcom/retargetserial.o
                0x000045b0                USART0_RX_IRQHandler
 .text.RETARGET_SerialInit
                0x00004608       0xc8 ./serial_vcom/retargetserial.o
                0x00004608                RETARGET_SerialInit
 .text.RETARGET_ReadChar
                0x000046d0       0x58 ./serial_vcom/retargetserial.o
                0x000046d0                RETARGET_ReadChar
 .text.RETARGET_WriteChar
                0x00004728       0x58 ./serial_vcom/retargetserial.o
                0x00004728                RETARGET_WriteChar
 .text.EMU_enter_DefaultMode_from_RESET
                0x00004780       0x8c ./src/InitDevice.o
                0x00004780                EMU_enter_DefaultMode_from_RESET
 .text.CMU_enter_DefaultMode_from_RESET
                0x0000480c      0x118 ./src/InitDevice.o
                0x0000480c                CMU_enter_DefaultMode_from_RESET
 .text.RTCC_enter_DefaultMode_from_RESET
                0x00004924       0x48 ./src/InitDevice.o
                0x00004924                RTCC_enter_DefaultMode_from_RESET
 .text.enter_DefaultMode_from_RESET
                0x0000496c       0x64 ./src/InitDevice.o
                0x0000496c                enter_DefaultMode_from_RESET
 .text.cmu_init_TIMER0
                0x000049d0       0x20 ./src/cmu.o
                0x000049d0                cmu_init_TIMER0
 .text.I2C0_init
                0x000049f0       0xa4 ./src/i2c.o
                0x000049f0                I2C0_init
 .text.I2C0_readByte
                0x00004a94       0x84 ./src/i2c.o
                0x00004a94                I2C0_readByte
 .text.I2C0_writeByte
                0x00004b18       0x48 ./src/i2c.o
                0x00004b18                I2C0_writeByte
 .text.lum_enable
                0x00004b60       0x40 ./src/i2c.o
                0x00004b60                lum_enable
 .text.getLuminosityValue
                0x00004ba0      0x1fc ./src/i2c.o
                0x00004ba0                getLuminosityValue
 .text.TIMER0_init
                0x00004d9c       0x38 ./src/timer0.o
                0x00004d9c                TIMER0_init
 .text.TIMER0_setup
                0x00004dd4       0x1c ./src/timer0.o
                0x00004dd4                TIMER0_setup
 .text.TIMER0_startwithCount
                0x00004df0       0x24 ./src/timer0.o
                0x00004df0                TIMER0_startwithCount
 .text.TIMER0_IRQHandler
                0x00004e14       0x30 ./src/timer0.o
                0x00004e14                TIMER0_IRQHandler
 .text.mesh_lib_transition_time_to_ms
                0x00004e44       0x2c ./stack/bt_mesh_stack/mesh_lib.o
                0x00004e44                mesh_lib_transition_time_to_ms
 .text.deserialize_request
                0x00004e70      0x120 ./stack/bt_mesh_stack/mesh_lib.o
                0x00004e70                deserialize_request
 .text.serialize_state
                0x00004f90      0x164 ./stack/bt_mesh_stack/mesh_lib.o
                0x00004f90                serialize_state
 .text.mesh_lib_init
                0x000050f4       0x4c ./stack/bt_mesh_stack/mesh_lib.o
                0x000050f4                mesh_lib_init
 .text.mesh_lib_generic_server_register_handler
                0x00005140       0x74 ./stack/bt_mesh_stack/mesh_lib.o
                0x00005140                mesh_lib_generic_server_register_handler
 .text.mesh_lib_generic_server_event_handler
                0x000051b4       0x98 ./stack/bt_mesh_stack/mesh_lib.o
                0x000051b4                mesh_lib_generic_server_event_handler
 .text.mesh_lib_generic_server_response
                0x0000524c       0x98 ./stack/bt_mesh_stack/mesh_lib.o
                0x0000524c                mesh_lib_generic_server_response
 .text.mesh_lib_generic_server_update
                0x000052e4       0x84 ./stack/bt_mesh_stack/mesh_lib.o
                0x000052e4                mesh_lib_generic_server_update
 .text.mesh_lib_generic_server_publish
                0x00005368       0x30 ./stack/bt_mesh_stack/mesh_lib.o
                0x00005368                mesh_lib_generic_server_publish
 .text.pow      0x00005398      0x2f8 c:/siliconlabs/simplicitystudio/v4/developer/toolchains/gnu_arm/4.9_2015q3/bin/../lib/gcc/arm-none-eabi/4.9.3/../../../../arm-none-eabi/lib/armv7e-m/softfp\libm.a(lib_a-w_pow.o)
                0x00005398                pow
 .text.__ieee754_pow
                0x00005690      0xa98 c:/siliconlabs/simplicitystudio/v4/developer/toolchains/gnu_arm/4.9_2015q3/bin/../lib/gcc/arm-none-eabi/4.9.3/../../../../arm-none-eabi/lib/armv7e-m/softfp\libm.a(lib_a-e_pow.o)
                0x00005690                __ieee754_pow
 .text.__ieee754_sqrt
                0x00006128      0x188 c:/siliconlabs/simplicitystudio/v4/developer/toolchains/gnu_arm/4.9_2015q3/bin/../lib/gcc/arm-none-eabi/4.9.3/../../../../arm-none-eabi/lib/armv7e-m/softfp\libm.a(lib_a-e_sqrt.o)
                0x00006128                __ieee754_sqrt
 .text.fabs     0x000062b0        0x8 c:/siliconlabs/simplicitystudio/v4/developer/toolchains/gnu_arm/4.9_2015q3/bin/../lib/gcc/arm-none-eabi/4.9.3/../../../../arm-none-eabi/lib/armv7e-m/softfp\libm.a(lib_a-s_fabs.o)
                0x000062b0                fabs
 .text.finite   0x000062b8        0xc c:/siliconlabs/simplicitystudio/v4/developer/toolchains/gnu_arm/4.9_2015q3/bin/../lib/gcc/arm-none-eabi/4.9.3/../../../../arm-none-eabi/lib/armv7e-m/softfp\libm.a(lib_a-s_finite.o)
                0x000062b8                finite
 .text.__fpclassifyd
                0x000062c4       0x58 c:/siliconlabs/simplicitystudio/v4/developer/toolchains/gnu_arm/4.9_2015q3/bin/../lib/gcc/arm-none-eabi/4.9.3/../../../../arm-none-eabi/lib/armv7e-m/softfp\libm.a(lib_a-s_fpclassify.o)
                0x000062c4                __fpclassifyd
 .text.matherr  0x0000631c        0x4 c:/siliconlabs/simplicitystudio/v4/developer/toolchains/gnu_arm/4.9_2015q3/bin/../lib/gcc/arm-none-eabi/4.9.3/../../../../arm-none-eabi/lib/armv7e-m/softfp\libm.a(lib_a-s_matherr.o)
                0x0000631c                matherr
 .text.nan      0x00006320        0xc c:/siliconlabs/simplicitystudio/v4/developer/toolchains/gnu_arm/4.9_2015q3/bin/../lib/gcc/arm-none-eabi/4.9.3/../../../../arm-none-eabi/lib/armv7e-m/softfp\libm.a(lib_a-s_nan.o)
                0x00006320                nan
 .text.rint     0x0000632c      0x118 c:/siliconlabs/simplicitystudio/v4/developer/toolchains/gnu_arm/4.9_2015q3/bin/../lib/gcc/arm-none-eabi/4.9.3/../../../../arm-none-eabi/lib/armv7e-m/softfp\libm.a(lib_a-s_rint.o)
                0x0000632c                rint
 *fill*         0x00006444        0x4 
 .text.scalbn   0x00006448      0x104 c:/siliconlabs/simplicitystudio/v4/developer/toolchains/gnu_arm/4.9_2015q3/bin/../lib/gcc/arm-none-eabi/4.9.3/../../../../arm-none-eabi/lib/armv7e-m/softfp\libm.a(lib_a-s_scalbn.o)
                0x00006448                scalbn
 .text.copysign
                0x0000654c       0x10 c:/siliconlabs/simplicitystudio/v4/developer/toolchains/gnu_arm/4.9_2015q3/bin/../lib/gcc/arm-none-eabi/4.9.3/../../../../arm-none-eabi/lib/armv7e-m/softfp\libm.a(lib_a-s_copysign.o)
                0x0000654c                copysign
 *fill*         0x0000655c        0x4 
 .text          0x00006560    0x3e1d0 C:/SiliconLabs/SimplicityStudio/v4/developer/sdks/blemesh/v1.1//protocol/bluetooth_dev/lib/EFR32XG13X/GCC/\libbluetooth_mesh.a
                0x000065bc                gecko_init_alloc
                0x00006c8c                vectors_init
                0x0000700c                gecko_sleep_for_ms
                0x000070ac                bgapi_buffer_init
                0x00007120                register_message_handler
                0x00007254                gecko_handle_library_packet
                0x000080b8                gecko_handle_command
                0x0000813c                gecko_handle_command_noresponse
                0x0000816c                gecko_external_signal
                0x00008288                gecko_priority_handle
                0x00008350                gecko_register_bgapi_library
                0x000083b0                gecko_event_pending
                0x00008424                gecko_peek_event
                0x00008428                gecko_wait_event
                0x00008448                gecko_can_sleep_ms
                0x00008bc0                gecko_stack_init
                0x0000a3c4                gecko_bgapi_class_mesh_prov_init
                0x0000a3d0                gecko_bgapi_class_mesh_node_init
                0x0000a400                gecko_bgapi_class_mesh_generic_client_init
                0x0000a40c                gecko_bgapi_class_mesh_generic_server_init
                0x0000fc40                gecko_bgapi_class_le_connection_init
                0x0000fc4c                gecko_bgapi_class_endpoint_init
                0x0000fc58                gecko_bgapi_class_sm_init
                0x0000fc70                gecko_bgapi_class_flash_init
                0x0000fc88                gecko_bgapi_class_gatt_server_init
                0x0000fc94                gecko_bgapi_class_gatt_init
                0x0000fcb4                gecko_bgapi_class_le_gap_init
                0x0000fcc0                gecko_bgapi_class_dfu_init
                0x0000fccc                gecko_bgapi_class_test_init
                0x0000fce4                gecko_bgapi_class_hardware_init
                0x0000fcfc                gecko_bgapi_class_system_init
                0x00023ad6                RAIL_EnablePti
                0x00023adc                RAIL_GetPtiConfig
                0x00023ae2                RAIL_ConfigPti
                0x0003a708                bg_pool_size
                0x0003a9a4                bg_pool_free_count
                0x0003af6e                bg_message_send
 .text.unlikely
                0x00044730       0x3a C:/SiliconLabs/SimplicityStudio/v4/developer/sdks/blemesh/v1.1//protocol/bluetooth_dev/lib/EFR32XG13X/GCC/\libbluetooth_mesh.a
 *fill*         0x0004476a        0x2 
 .text          0x0004476c      0x370 c:/siliconlabs/simplicitystudio/v4/developer/toolchains/gnu_arm/4.9_2015q3/bin/../lib/gcc/arm-none-eabi/4.9.3/armv7e-m/softfp\libgcc.a(_arm_addsubdf3.o)
                0x0004476c                __aeabi_drsub
                0x00044774                __aeabi_dsub
                0x00044774                __subdf3
                0x00044778                __aeabi_dadd
                0x00044778                __adddf3
                0x000449f0                __floatunsidf
                0x000449f0                __aeabi_ui2d
                0x00044a10                __floatsidf
                0x00044a10                __aeabi_i2d
                0x00044a34                __aeabi_f2d
                0x00044a34                __extendsfdf2
                0x00044a70                __floatundidf
                0x00044a70                __aeabi_ul2d
                0x00044a80                __floatdidf
                0x00044a80                __aeabi_l2d
 .text          0x00044adc      0x424 c:/siliconlabs/simplicitystudio/v4/developer/toolchains/gnu_arm/4.9_2015q3/bin/../lib/gcc/arm-none-eabi/4.9.3/armv7e-m/softfp\libgcc.a(_arm_muldivdf3.o)
                0x00044adc                __aeabi_dmul
                0x00044adc                __muldf3
                0x00044d30                __divdf3
                0x00044d30                __aeabi_ddiv
 .text          0x00044f00      0x110 c:/siliconlabs/simplicitystudio/v4/developer/toolchains/gnu_arm/4.9_2015q3/bin/../lib/gcc/arm-none-eabi/4.9.3/armv7e-m/softfp\libgcc.a(_arm_cmpdf2.o)
                0x00044f00                __gtdf2
                0x00044f00                __gedf2
                0x00044f08                __ltdf2
                0x00044f08                __ledf2
                0x00044f10                __nedf2
                0x00044f10                __eqdf2
                0x00044f10                __cmpdf2
                0x00044f8c                __aeabi_cdrcmple
                0x00044f9c                __aeabi_cdcmpeq
                0x00044f9c                __aeabi_cdcmple
                0x00044fac                __aeabi_dcmpeq
                0x00044fc0                __aeabi_dcmplt
                0x00044fd4                __aeabi_dcmple
                0x00044fe8                __aeabi_dcmpge
                0x00044ffc                __aeabi_dcmpgt
 .text          0x00045010       0x38 c:/siliconlabs/simplicitystudio/v4/developer/toolchains/gnu_arm/4.9_2015q3/bin/../lib/gcc/arm-none-eabi/4.9.3/armv7e-m/softfp\libgcc.a(_aeabi_ldivmod.o)
                0x00045010                __aeabi_ldivmod
 .text          0x00045048       0x30 c:/siliconlabs/simplicitystudio/v4/developer/toolchains/gnu_arm/4.9_2015q3/bin/../lib/gcc/arm-none-eabi/4.9.3/armv7e-m/softfp\libgcc.a(_aeabi_uldivmod.o)
                0x00045048                __aeabi_uldivmod
 .text          0x00045078       0x60 c:/siliconlabs/simplicitystudio/v4/developer/toolchains/gnu_arm/4.9_2015q3/bin/../lib/gcc/arm-none-eabi/4.9.3/armv7e-m/softfp\libgcc.a(bpabi.o)
                0x00045078                __gnu_ldivmod_helper
                0x000450a8                __gnu_uldivmod_helper
 .text          0x000450d8        0x4 c:/siliconlabs/simplicitystudio/v4/developer/toolchains/gnu_arm/4.9_2015q3/bin/../lib/gcc/arm-none-eabi/4.9.3/armv7e-m/softfp\libgcc.a(_dvmd_tls.o)
                0x000450d8                __aeabi_idiv0
                0x000450d8                __aeabi_ldiv0
 .text          0x000450dc      0x29c c:/siliconlabs/simplicitystudio/v4/developer/toolchains/gnu_arm/4.9_2015q3/bin/../lib/gcc/arm-none-eabi/4.9.3/armv7e-m/softfp\libgcc.a(_divdi3.o)
                0x000450dc                __divdi3
 .text          0x00045378      0x26c c:/siliconlabs/simplicitystudio/v4/developer/toolchains/gnu_arm/4.9_2015q3/bin/../lib/gcc/arm-none-eabi/4.9.3/armv7e-m/softfp\libgcc.a(_udivdi3.o)
                0x00045378                __udivdi3
 .text.__errno  0x000455e4        0xc c:/siliconlabs/simplicitystudio/v4/developer/toolchains/gnu_arm/4.9_2015q3/bin/../lib/gcc/arm-none-eabi/4.9.3/../../../../arm-none-eabi/lib/armv7e-m/softfp\libc.a(lib_a-errno.o)
                0x000455e4                __errno
 .text.exit     0x000455f0       0x20 c:/siliconlabs/simplicitystudio/v4/developer/toolchains/gnu_arm/4.9_2015q3/bin/../lib/gcc/arm-none-eabi/4.9.3/../../../../arm-none-eabi/lib/armv7e-m/softfp\libc.a(lib_a-exit.o)
                0x000455f0                exit
 .text.__libc_init_array
                0x00045610       0x50 c:/siliconlabs/simplicitystudio/v4/developer/toolchains/gnu_arm/4.9_2015q3/bin/../lib/gcc/arm-none-eabi/4.9.3/../../../../arm-none-eabi/lib/armv7e-m/softfp\libc.a(lib_a-init.o)
                0x00045610                __libc_init_array
 .text.malloc   0x00045660       0x10 c:/siliconlabs/simplicitystudio/v4/developer/toolchains/gnu_arm/4.9_2015q3/bin/../lib/gcc/arm-none-eabi/4.9.3/../../../../arm-none-eabi/lib/armv7e-m/softfp\libc.a(lib_a-malloc.o)
                0x00045660                malloc
 .text.free     0x00045670       0x10 c:/siliconlabs/simplicitystudio/v4/developer/toolchains/gnu_arm/4.9_2015q3/bin/../lib/gcc/arm-none-eabi/4.9.3/../../../../arm-none-eabi/lib/armv7e-m/softfp\libc.a(lib_a-malloc.o)
                0x00045670                free
 .text._malloc_r
                0x00045680      0x524 c:/siliconlabs/simplicitystudio/v4/developer/toolchains/gnu_arm/4.9_2015q3/bin/../lib/gcc/arm-none-eabi/4.9.3/../../../../arm-none-eabi/lib/armv7e-m/softfp\libc.a(lib_a-mallocr.o)
                0x00045680                _malloc_r
 .text.memcmp   0x00045ba4       0x64 c:/siliconlabs/simplicitystudio/v4/developer/toolchains/gnu_arm/4.9_2015q3/bin/../lib/gcc/arm-none-eabi/4.9.3/../../../../arm-none-eabi/lib/armv7e-m/softfp\libc.a(lib_a-memcmp.o)
                0x00045ba4                memcmp
 .text          0x00045c08      0x134 c:/siliconlabs/simplicitystudio/v4/developer/toolchains/gnu_arm/4.9_2015q3/bin/../lib/gcc/arm-none-eabi/4.9.3/../../../../arm-none-eabi/lib/armv7e-m/softfp\libc.a(lib_a-memcpy.o)
                0x00045c08                memcpy
 .text.memmove  0x00045d3c       0xc8 c:/siliconlabs/simplicitystudio/v4/developer/toolchains/gnu_arm/4.9_2015q3/bin/../lib/gcc/arm-none-eabi/4.9.3/../../../../arm-none-eabi/lib/armv7e-m/softfp\libc.a(lib_a-memmove.o)
                0x00045d3c                memmove
 .text.memset   0x00045e04       0x9c c:/siliconlabs/simplicitystudio/v4/developer/toolchains/gnu_arm/4.9_2015q3/bin/../lib/gcc/arm-none-eabi/4.9.3/../../../../arm-none-eabi/lib/armv7e-m/softfp\libc.a(lib_a-memset.o)
                0x00045e04                memset
 .text.__malloc_lock
                0x00045ea0        0x4 c:/siliconlabs/simplicitystudio/v4/developer/toolchains/gnu_arm/4.9_2015q3/bin/../lib/gcc/arm-none-eabi/4.9.3/../../../../arm-none-eabi/lib/armv7e-m/softfp\libc.a(lib_a-mlock.o)
                0x00045ea0                __malloc_lock
 .text.__malloc_unlock
                0x00045ea4        0x4 c:/siliconlabs/simplicitystudio/v4/developer/toolchains/gnu_arm/4.9_2015q3/bin/../lib/gcc/arm-none-eabi/4.9.3/../../../../arm-none-eabi/lib/armv7e-m/softfp\libc.a(lib_a-mlock.o)
                0x00045ea4                __malloc_unlock
 .text.printf   0x00045ea8       0x28 c:/siliconlabs/simplicitystudio/v4/developer/toolchains/gnu_arm/4.9_2015q3/bin/../lib/gcc/arm-none-eabi/4.9.3/../../../../arm-none-eabi/lib/armv7e-m/softfp\libc.a(lib_a-printf.o)
                0x00045ea8                printf
 .text._sbrk_r  0x00045ed0       0x24 c:/siliconlabs/simplicitystudio/v4/developer/toolchains/gnu_arm/4.9_2015q3/bin/../lib/gcc/arm-none-eabi/4.9.3/../../../../arm-none-eabi/lib/armv7e-m/softfp\libc.a(lib_a-sbrkr.o)
                0x00045ed0                _sbrk_r
 .text.setvbuf  0x00045ef4       0xf8 c:/siliconlabs/simplicitystudio/v4/developer/toolchains/gnu_arm/4.9_2015q3/bin/../lib/gcc/arm-none-eabi/4.9.3/../../../../arm-none-eabi/lib/armv7e-m/softfp\libc.a(lib_a-setvbuf.o)
                0x00045ef4                setvbuf
 .text.sprintf  0x00045fec       0x4c c:/siliconlabs/simplicitystudio/v4/developer/toolchains/gnu_arm/4.9_2015q3/bin/../lib/gcc/arm-none-eabi/4.9.3/../../../../arm-none-eabi/lib/armv7e-m/softfp\libc.a(lib_a-sprintf.o)
                0x00045fec                sprintf
 .text.strcat   0x00046038       0x40 c:/siliconlabs/simplicitystudio/v4/developer/toolchains/gnu_arm/4.9_2015q3/bin/../lib/gcc/arm-none-eabi/4.9.3/../../../../arm-none-eabi/lib/armv7e-m/softfp\libc.a(lib_a-strcat.o)
                0x00046038                strcat
 *fill*         0x00046078        0x8 
 .text          0x00046080      0x2dc c:/siliconlabs/simplicitystudio/v4/developer/toolchains/gnu_arm/4.9_2015q3/bin/../lib/gcc/arm-none-eabi/4.9.3/../../../../arm-none-eabi/lib/armv7e-m/softfp\libc.a(lib_a-strcmp.o)
                0x00046088                strcmp
 .text.strcpy   0x0004635c       0xbc c:/siliconlabs/simplicitystudio/v4/developer/toolchains/gnu_arm/4.9_2015q3/bin/../lib/gcc/arm-none-eabi/4.9.3/../../../../arm-none-eabi/lib/armv7e-m/softfp\libc.a(lib_a-strcpy.o)
                0x0004635c                strcpy
 .text.strlen   0x00046418       0x5c c:/siliconlabs/simplicitystudio/v4/developer/toolchains/gnu_arm/4.9_2015q3/bin/../lib/gcc/arm-none-eabi/4.9.3/../../../../arm-none-eabi/lib/armv7e-m/softfp\libc.a(lib_a-strlen.o)
                0x00046418                strlen
 *fill*         0x00046474        0x4 
 .text._svfprintf_r
                0x00046478     0x14d0 c:/siliconlabs/simplicitystudio/v4/developer/toolchains/gnu_arm/4.9_2015q3/bin/../lib/gcc/arm-none-eabi/4.9.3/../../../../arm-none-eabi/lib/armv7e-m/softfp\libc.a(lib_a-svfprintf.o)
                0x00046478                _svfprintf_r
 .text._vfprintf_r
                0x00047948     0x1428 c:/siliconlabs/simplicitystudio/v4/developer/toolchains/gnu_arm/4.9_2015q3/bin/../lib/gcc/arm-none-eabi/4.9.3/../../../../arm-none-eabi/lib/armv7e-m/softfp\libc.a(lib_a-vfprintf.o)
                0x00047948                _vfprintf_r
 .text.__sbprintf
                0x00048d70       0x78 c:/siliconlabs/simplicitystudio/v4/developer/toolchains/gnu_arm/4.9_2015q3/bin/../lib/gcc/arm-none-eabi/4.9.3/../../../../arm-none-eabi/lib/armv7e-m/softfp\libc.a(lib_a-vfprintf.o)
 .text.__swsetup_r
                0x00048de8       0xc4 c:/siliconlabs/simplicitystudio/v4/developer/toolchains/gnu_arm/4.9_2015q3/bin/../lib/gcc/arm-none-eabi/4.9.3/../../../../arm-none-eabi/lib/armv7e-m/softfp\libc.a(lib_a-wsetup.o)
                0x00048de8                __swsetup_r
 .text.startup.register_fini
                0x00048eac       0x14 c:/siliconlabs/simplicitystudio/v4/developer/toolchains/gnu_arm/4.9_2015q3/bin/../lib/gcc/arm-none-eabi/4.9.3/../../../../arm-none-eabi/lib/armv7e-m/softfp\libc.a(lib_a-__call_atexit.o)
 .text.__call_exitprocs
                0x00048ec0       0xd4 c:/siliconlabs/simplicitystudio/v4/developer/toolchains/gnu_arm/4.9_2015q3/bin/../lib/gcc/arm-none-eabi/4.9.3/../../../../arm-none-eabi/lib/armv7e-m/softfp\libc.a(lib_a-__call_atexit.o)
                0x00048ec0                __call_exitprocs
 .text.atexit   0x00048f94        0xc c:/siliconlabs/simplicitystudio/v4/developer/toolchains/gnu_arm/4.9_2015q3/bin/../lib/gcc/arm-none-eabi/4.9.3/../../../../arm-none-eabi/lib/armv7e-m/softfp\libc.a(lib_a-atexit.o)
                0x00048f94                atexit
 .text.quorem   0x00048fa0      0x12c c:/siliconlabs/simplicitystudio/v4/developer/toolchains/gnu_arm/4.9_2015q3/bin/../lib/gcc/arm-none-eabi/4.9.3/../../../../arm-none-eabi/lib/armv7e-m/softfp\libc.a(lib_a-dtoa.o)
 *fill*         0x000490cc        0x4 
 .text._dtoa_r  0x000490d0      0xe90 c:/siliconlabs/simplicitystudio/v4/developer/toolchains/gnu_arm/4.9_2015q3/bin/../lib/gcc/arm-none-eabi/4.9.3/../../../../arm-none-eabi/lib/armv7e-m/softfp\libc.a(lib_a-dtoa.o)
                0x000490d0                _dtoa_r
 .text.__sflush_r
                0x00049f60      0x154 c:/siliconlabs/simplicitystudio/v4/developer/toolchains/gnu_arm/4.9_2015q3/bin/../lib/gcc/arm-none-eabi/4.9.3/../../../../arm-none-eabi/lib/armv7e-m/softfp\libc.a(lib_a-fflush.o)
                0x00049f60                __sflush_r
 .text._fflush_r
                0x0004a0b4       0x2c c:/siliconlabs/simplicitystudio/v4/developer/toolchains/gnu_arm/4.9_2015q3/bin/../lib/gcc/arm-none-eabi/4.9.3/../../../../arm-none-eabi/lib/armv7e-m/softfp\libc.a(lib_a-fflush.o)
                0x0004a0b4                _fflush_r
 .text._cleanup_r
                0x0004a0e0        0xc c:/siliconlabs/simplicitystudio/v4/developer/toolchains/gnu_arm/4.9_2015q3/bin/../lib/gcc/arm-none-eabi/4.9.3/../../../../arm-none-eabi/lib/armv7e-m/softfp\libc.a(lib_a-findfp.o)
                0x0004a0e0                _cleanup_r
 .text.__sinit.part.1
                0x0004a0ec       0xf0 c:/siliconlabs/simplicitystudio/v4/developer/toolchains/gnu_arm/4.9_2015q3/bin/../lib/gcc/arm-none-eabi/4.9.3/../../../../arm-none-eabi/lib/armv7e-m/softfp\libc.a(lib_a-findfp.o)
 .text.__sinit  0x0004a1dc        0xc c:/siliconlabs/simplicitystudio/v4/developer/toolchains/gnu_arm/4.9_2015q3/bin/../lib/gcc/arm-none-eabi/4.9.3/../../../../arm-none-eabi/lib/armv7e-m/softfp\libc.a(lib_a-findfp.o)
                0x0004a1dc                __sinit
 .text.__sfp_lock_acquire
                0x0004a1e8        0x4 c:/siliconlabs/simplicitystudio/v4/developer/toolchains/gnu_arm/4.9_2015q3/bin/../lib/gcc/arm-none-eabi/4.9.3/../../../../arm-none-eabi/lib/armv7e-m/softfp\libc.a(lib_a-findfp.o)
                0x0004a1e8                __sfp_lock_acquire
 .text.__sfp_lock_release
                0x0004a1ec        0x4 c:/siliconlabs/simplicitystudio/v4/developer/toolchains/gnu_arm/4.9_2015q3/bin/../lib/gcc/arm-none-eabi/4.9.3/../../../../arm-none-eabi/lib/armv7e-m/softfp\libc.a(lib_a-findfp.o)
                0x0004a1ec                __sfp_lock_release
 .text.__libc_fini_array
                0x0004a1f0       0x2c c:/siliconlabs/simplicitystudio/v4/developer/toolchains/gnu_arm/4.9_2015q3/bin/../lib/gcc/arm-none-eabi/4.9.3/../../../../arm-none-eabi/lib/armv7e-m/softfp\libc.a(lib_a-fini.o)
                0x0004a1f0                __libc_fini_array
 .text._malloc_trim_r
                0x0004a21c       0x9c c:/siliconlabs/simplicitystudio/v4/developer/toolchains/gnu_arm/4.9_2015q3/bin/../lib/gcc/arm-none-eabi/4.9.3/../../../../arm-none-eabi/lib/armv7e-m/softfp\libc.a(lib_a-freer.o)
                0x0004a21c                _malloc_trim_r
 .text._free_r  0x0004a2b8      0x1b0 c:/siliconlabs/simplicitystudio/v4/developer/toolchains/gnu_arm/4.9_2015q3/bin/../lib/gcc/arm-none-eabi/4.9.3/../../../../arm-none-eabi/lib/armv7e-m/softfp\libc.a(lib_a-freer.o)
                0x0004a2b8                _free_r
 .text._fwalk_reent
                0x0004a468       0x54 c:/siliconlabs/simplicitystudio/v4/developer/toolchains/gnu_arm/4.9_2015q3/bin/../lib/gcc/arm-none-eabi/4.9.3/../../../../arm-none-eabi/lib/armv7e-m/softfp\libc.a(lib_a-fwalk.o)
                0x0004a468                _fwalk_reent
 .text.__locale_charset
                0x0004a4bc        0x8 c:/siliconlabs/simplicitystudio/v4/developer/toolchains/gnu_arm/4.9_2015q3/bin/../lib/gcc/arm-none-eabi/4.9.3/../../../../arm-none-eabi/lib/armv7e-m/softfp\libc.a(lib_a-locale.o)
                0x0004a4bc                __locale_charset
 .text.__locale_mb_cur_max
                0x0004a4c4        0xc c:/siliconlabs/simplicitystudio/v4/developer/toolchains/gnu_arm/4.9_2015q3/bin/../lib/gcc/arm-none-eabi/4.9.3/../../../../arm-none-eabi/lib/armv7e-m/softfp\libc.a(lib_a-locale.o)
                0x0004a4c4                __locale_mb_cur_max
 .text._localeconv_r
                0x0004a4d0        0x8 c:/siliconlabs/simplicitystudio/v4/developer/toolchains/gnu_arm/4.9_2015q3/bin/../lib/gcc/arm-none-eabi/4.9.3/../../../../arm-none-eabi/lib/armv7e-m/softfp\libc.a(lib_a-locale.o)
                0x0004a4d0                _localeconv_r
 .text.__smakebuf_r
                0x0004a4d8       0xe0 c:/siliconlabs/simplicitystudio/v4/developer/toolchains/gnu_arm/4.9_2015q3/bin/../lib/gcc/arm-none-eabi/4.9.3/../../../../arm-none-eabi/lib/armv7e-m/softfp\libc.a(lib_a-makebuf.o)
                0x0004a4d8                __smakebuf_r
 .text.memchr   0x0004a5b8       0x94 c:/siliconlabs/simplicitystudio/v4/developer/toolchains/gnu_arm/4.9_2015q3/bin/../lib/gcc/arm-none-eabi/4.9.3/../../../../arm-none-eabi/lib/armv7e-m/softfp\libc.a(lib_a-memchr.o)
                0x0004a5b8                memchr
 .text._Balloc  0x0004a64c       0x4c c:/siliconlabs/simplicitystudio/v4/developer/toolchains/gnu_arm/4.9_2015q3/bin/../lib/gcc/arm-none-eabi/4.9.3/../../../../arm-none-eabi/lib/armv7e-m/softfp\libc.a(lib_a-mprec.o)
                0x0004a64c                _Balloc
 .text._Bfree   0x0004a698       0x14 c:/siliconlabs/simplicitystudio/v4/developer/toolchains/gnu_arm/4.9_2015q3/bin/../lib/gcc/arm-none-eabi/4.9.3/../../../../arm-none-eabi/lib/armv7e-m/softfp\libc.a(lib_a-mprec.o)
                0x0004a698                _Bfree
 .text.__multadd
                0x0004a6ac       0x84 c:/siliconlabs/simplicitystudio/v4/developer/toolchains/gnu_arm/4.9_2015q3/bin/../lib/gcc/arm-none-eabi/4.9.3/../../../../arm-none-eabi/lib/armv7e-m/softfp\libc.a(lib_a-mprec.o)
                0x0004a6ac                __multadd
 .text.__hi0bits
                0x0004a730       0x40 c:/siliconlabs/simplicitystudio/v4/developer/toolchains/gnu_arm/4.9_2015q3/bin/../lib/gcc/arm-none-eabi/4.9.3/../../../../arm-none-eabi/lib/armv7e-m/softfp\libc.a(lib_a-mprec.o)
                0x0004a730                __hi0bits
 .text.__lo0bits
                0x0004a770       0x5c c:/siliconlabs/simplicitystudio/v4/developer/toolchains/gnu_arm/4.9_2015q3/bin/../lib/gcc/arm-none-eabi/4.9.3/../../../../arm-none-eabi/lib/armv7e-m/softfp\libc.a(lib_a-mprec.o)
                0x0004a770                __lo0bits
 .text.__i2b    0x0004a7cc       0x14 c:/siliconlabs/simplicitystudio/v4/developer/toolchains/gnu_arm/4.9_2015q3/bin/../lib/gcc/arm-none-eabi/4.9.3/../../../../arm-none-eabi/lib/armv7e-m/softfp\libc.a(lib_a-mprec.o)
                0x0004a7cc                __i2b
 .text.__multiply
                0x0004a7e0      0x134 c:/siliconlabs/simplicitystudio/v4/developer/toolchains/gnu_arm/4.9_2015q3/bin/../lib/gcc/arm-none-eabi/4.9.3/../../../../arm-none-eabi/lib/armv7e-m/softfp\libc.a(lib_a-mprec.o)
                0x0004a7e0                __multiply
 .text.__pow5mult
                0x0004a914       0xa0 c:/siliconlabs/simplicitystudio/v4/developer/toolchains/gnu_arm/4.9_2015q3/bin/../lib/gcc/arm-none-eabi/4.9.3/../../../../arm-none-eabi/lib/armv7e-m/softfp\libc.a(lib_a-mprec.o)
                0x0004a914                __pow5mult
 .text.__lshift
                0x0004a9b4       0xac c:/siliconlabs/simplicitystudio/v4/developer/toolchains/gnu_arm/4.9_2015q3/bin/../lib/gcc/arm-none-eabi/4.9.3/../../../../arm-none-eabi/lib/armv7e-m/softfp\libc.a(lib_a-mprec.o)
                0x0004a9b4                __lshift
 .text.__mcmp   0x0004aa60       0x48 c:/siliconlabs/simplicitystudio/v4/developer/toolchains/gnu_arm/4.9_2015q3/bin/../lib/gcc/arm-none-eabi/4.9.3/../../../../arm-none-eabi/lib/armv7e-m/softfp\libc.a(lib_a-mprec.o)
                0x0004aa60                __mcmp
 .text.__mdiff  0x0004aaa8       0xd4 c:/siliconlabs/simplicitystudio/v4/developer/toolchains/gnu_arm/4.9_2015q3/bin/../lib/gcc/arm-none-eabi/4.9.3/../../../../arm-none-eabi/lib/armv7e-m/softfp\libc.a(lib_a-mprec.o)
                0x0004aaa8                __mdiff
 .text.__d2b    0x0004ab7c       0xb8 c:/siliconlabs/simplicitystudio/v4/developer/toolchains/gnu_arm/4.9_2015q3/bin/../lib/gcc/arm-none-eabi/4.9.3/../../../../arm-none-eabi/lib/armv7e-m/softfp\libc.a(lib_a-mprec.o)
                0x0004ab7c                __d2b
 .text.__sread  0x0004ac34       0x24 c:/siliconlabs/simplicitystudio/v4/developer/toolchains/gnu_arm/4.9_2015q3/bin/../lib/gcc/arm-none-eabi/4.9.3/../../../../arm-none-eabi/lib/armv7e-m/softfp\libc.a(lib_a-stdio.o)
                0x0004ac34                __sread
 .text.__swrite
                0x0004ac58       0x38 c:/siliconlabs/simplicitystudio/v4/developer/toolchains/gnu_arm/4.9_2015q3/bin/../lib/gcc/arm-none-eabi/4.9.3/../../../../arm-none-eabi/lib/armv7e-m/softfp\libc.a(lib_a-stdio.o)
                0x0004ac58                __swrite
 .text.__sseek  0x0004ac90       0x20 c:/siliconlabs/simplicitystudio/v4/developer/toolchains/gnu_arm/4.9_2015q3/bin/../lib/gcc/arm-none-eabi/4.9.3/../../../../arm-none-eabi/lib/armv7e-m/softfp\libc.a(lib_a-stdio.o)
                0x0004ac90                __sseek
 .text.__sclose
                0x0004acb0        0x8 c:/siliconlabs/simplicitystudio/v4/developer/toolchains/gnu_arm/4.9_2015q3/bin/../lib/gcc/arm-none-eabi/4.9.3/../../../../arm-none-eabi/lib/armv7e-m/softfp\libc.a(lib_a-stdio.o)
                0x0004acb0                __sclose
 .text.__ssprint_r
                0x0004acb8      0x104 c:/siliconlabs/simplicitystudio/v4/developer/toolchains/gnu_arm/4.9_2015q3/bin/../lib/gcc/arm-none-eabi/4.9.3/../../../../arm-none-eabi/lib/armv7e-m/softfp\libc.a(lib_a-svfiprintf.o)
                0x0004acb8                __ssprint_r
 .text.__sprint_r.part.0
                0x0004adbc       0x78 c:/siliconlabs/simplicitystudio/v4/developer/toolchains/gnu_arm/4.9_2015q3/bin/../lib/gcc/arm-none-eabi/4.9.3/../../../../arm-none-eabi/lib/armv7e-m/softfp\libc.a(lib_a-vfiprintf.o)
 .text.__sprint_r
                0x0004ae34       0x18 c:/siliconlabs/simplicitystudio/v4/developer/toolchains/gnu_arm/4.9_2015q3/bin/../lib/gcc/arm-none-eabi/4.9.3/../../../../arm-none-eabi/lib/armv7e-m/softfp\libc.a(lib_a-vfiprintf.o)
                0x0004ae34                __sprint_r
 .text._write_r
                0x0004ae4c       0x28 c:/siliconlabs/simplicitystudio/v4/developer/toolchains/gnu_arm/4.9_2015q3/bin/../lib/gcc/arm-none-eabi/4.9.3/../../../../arm-none-eabi/lib/armv7e-m/softfp\libc.a(lib_a-writer.o)
                0x0004ae4c                _write_r
 .text.__register_exitproc
                0x0004ae74       0xa4 c:/siliconlabs/simplicitystudio/v4/developer/toolchains/gnu_arm/4.9_2015q3/bin/../lib/gcc/arm-none-eabi/4.9.3/../../../../arm-none-eabi/lib/armv7e-m/softfp\libc.a(lib_a-__atexit.o)
                0x0004ae74                __register_exitproc
 .text._calloc_r
                0x0004af18       0x60 c:/siliconlabs/simplicitystudio/v4/developer/toolchains/gnu_arm/4.9_2015q3/bin/../lib/gcc/arm-none-eabi/4.9.3/../../../../arm-none-eabi/lib/armv7e-m/softfp\libc.a(lib_a-callocr.o)
                0x0004af18                _calloc_r
 .text._close_r
                0x0004af78       0x24 c:/siliconlabs/simplicitystudio/v4/developer/toolchains/gnu_arm/4.9_2015q3/bin/../lib/gcc/arm-none-eabi/4.9.3/../../../../arm-none-eabi/lib/armv7e-m/softfp\libc.a(lib_a-closer.o)
                0x0004af78                _close_r
 .text._fclose_r
                0x0004af9c       0x84 c:/siliconlabs/simplicitystudio/v4/developer/toolchains/gnu_arm/4.9_2015q3/bin/../lib/gcc/arm-none-eabi/4.9.3/../../../../arm-none-eabi/lib/armv7e-m/softfp\libc.a(lib_a-fclose.o)
                0x0004af9c                _fclose_r
 .text.__fputwc
                0x0004b020       0xb0 c:/siliconlabs/simplicitystudio/v4/developer/toolchains/gnu_arm/4.9_2015q3/bin/../lib/gcc/arm-none-eabi/4.9.3/../../../../arm-none-eabi/lib/armv7e-m/softfp\libc.a(lib_a-fputwc.o)
                0x0004b020                __fputwc
 .text._fputwc_r
                0x0004b0d0       0x24 c:/siliconlabs/simplicitystudio/v4/developer/toolchains/gnu_arm/4.9_2015q3/bin/../lib/gcc/arm-none-eabi/4.9.3/../../../../arm-none-eabi/lib/armv7e-m/softfp\libc.a(lib_a-fputwc.o)
                0x0004b0d0                _fputwc_r
 .text._fstat_r
                0x0004b0f4       0x28 c:/siliconlabs/simplicitystudio/v4/developer/toolchains/gnu_arm/4.9_2015q3/bin/../lib/gcc/arm-none-eabi/4.9.3/../../../../arm-none-eabi/lib/armv7e-m/softfp\libc.a(lib_a-fstatr.o)
                0x0004b0f4                _fstat_r
 .text.__sfvwrite_r
                0x0004b11c      0x318 c:/siliconlabs/simplicitystudio/v4/developer/toolchains/gnu_arm/4.9_2015q3/bin/../lib/gcc/arm-none-eabi/4.9.3/../../../../arm-none-eabi/lib/armv7e-m/softfp\libc.a(lib_a-fvwrite.o)
                0x0004b11c                __sfvwrite_r
 .text._isatty_r
                0x0004b434       0x24 c:/siliconlabs/simplicitystudio/v4/developer/toolchains/gnu_arm/4.9_2015q3/bin/../lib/gcc/arm-none-eabi/4.9.3/../../../../arm-none-eabi/lib/armv7e-m/softfp\libc.a(lib_a-isattyr.o)
                0x0004b434                _isatty_r
 .text._lseek_r
                0x0004b458       0x28 c:/siliconlabs/simplicitystudio/v4/developer/toolchains/gnu_arm/4.9_2015q3/bin/../lib/gcc/arm-none-eabi/4.9.3/../../../../arm-none-eabi/lib/armv7e-m/softfp\libc.a(lib_a-lseekr.o)
                0x0004b458                _lseek_r
 .text._read_r  0x0004b480       0x28 c:/siliconlabs/simplicitystudio/v4/developer/toolchains/gnu_arm/4.9_2015q3/bin/../lib/gcc/arm-none-eabi/4.9.3/../../../../arm-none-eabi/lib/armv7e-m/softfp\libc.a(lib_a-readr.o)
                0x0004b480                _read_r
 .text._realloc_r
                0x0004b4a8      0x3ec c:/siliconlabs/simplicitystudio/v4/developer/toolchains/gnu_arm/4.9_2015q3/bin/../lib/gcc/arm-none-eabi/4.9.3/../../../../arm-none-eabi/lib/armv7e-m/softfp\libc.a(lib_a-reallocr.o)
                0x0004b4a8                _realloc_r
 .text.__swbuf_r
                0x0004b894       0xa8 c:/siliconlabs/simplicitystudio/v4/developer/toolchains/gnu_arm/4.9_2015q3/bin/../lib/gcc/arm-none-eabi/4.9.3/../../../../arm-none-eabi/lib/armv7e-m/softfp\libc.a(lib_a-wbuf.o)
                0x0004b894                __swbuf_r
 .text._wcrtomb_r
                0x0004b93c       0x54 c:/siliconlabs/simplicitystudio/v4/developer/toolchains/gnu_arm/4.9_2015q3/bin/../lib/gcc/arm-none-eabi/4.9.3/../../../../arm-none-eabi/lib/armv7e-m/softfp\libc.a(lib_a-wcrtomb.o)
                0x0004b93c                _wcrtomb_r
 .text.__ascii_wctomb
                0x0004b990       0x1c c:/siliconlabs/simplicitystudio/v4/developer/toolchains/gnu_arm/4.9_2015q3/bin/../lib/gcc/arm-none-eabi/4.9.3/../../../../arm-none-eabi/lib/armv7e-m/softfp\libc.a(lib_a-wctomb_r.o)
                0x0004b990                __ascii_wctomb
 .text          0x0004b9ac       0x50 c:/siliconlabs/simplicitystudio/v4/developer/toolchains/gnu_arm/4.9_2015q3/bin/../lib/gcc/arm-none-eabi/4.9.3/armv7e-m/softfp\libgcc.a(_arm_fixdfsi.o)
                0x0004b9ac                __aeabi_d2iz
                0x0004b9ac                __fixdfsi
 *(.init)
 .init          0x0004b9fc        0x4 c:/siliconlabs/simplicitystudio/v4/developer/toolchains/gnu_arm/4.9_2015q3/bin/../lib/gcc/arm-none-eabi/4.9.3/armv7e-m/softfp/crti.o
                0x0004b9fc                _init
 .init          0x0004ba00        0x8 c:/siliconlabs/simplicitystudio/v4/developer/toolchains/gnu_arm/4.9_2015q3/bin/../lib/gcc/arm-none-eabi/4.9.3/armv7e-m/softfp/crtn.o
 *(.fini)
 .fini          0x0004ba08        0x4 c:/siliconlabs/simplicitystudio/v4/developer/toolchains/gnu_arm/4.9_2015q3/bin/../lib/gcc/arm-none-eabi/4.9.3/armv7e-m/softfp/crti.o
                0x0004ba08                _fini
 .fini          0x0004ba0c        0x8 c:/siliconlabs/simplicitystudio/v4/developer/toolchains/gnu_arm/4.9_2015q3/bin/../lib/gcc/arm-none-eabi/4.9.3/armv7e-m/softfp/crtn.o
 *fill*         0x0004ba14        0x4 
 .fini.__stub   0x0004ba18       0x20 linker stubs
 *crtbegin.o(.ctors)
 *crtbegin?.o(.ctors)
 *(EXCLUDE_FILE(*crtend.o *crtend?.o) .ctors)
 *(SORT(.ctors.*))
 *(.ctors)
 *crtbegin.o(.dtors)
 *crtbegin?.o(.dtors)
 *(EXCLUDE_FILE(*crtend.o *crtend?.o) .dtors)
 *(SORT(.dtors.*))
 *(.dtors)
 *(.rodata*)
 .rodata.__mesh_dcd
                0x0004ba38       0x1a ./dcd_switch.o
                0x0004ba38                __mesh_dcd
 *fill*         0x0004ba52        0x2 
 .rodata.__mesh_dcd_len
                0x0004ba54        0x4 ./dcd_switch.o
                0x0004ba54                __mesh_dcd_len
 .rodata.config
                0x0004ba58       0x38 ./main.o
                0x0004ba58                config
 .rodata.str1.4
                0x0004ba90      0x804 ./main.o
                                0x810 (size before relaxing)
 .rodata        0x0004c294       0x14 ./pti.o
 .rodata.CSWTCH.50
                0x0004c2a8        0x5 ./emlib/em_cmu.o
 *fill*         0x0004c2ad        0x3 
 .rodata.CSWTCH.51
                0x0004c2b0        0x5 ./emlib/em_cmu.o
 *fill*         0x0004c2b5        0x3 
 .rodata.CSWTCH.52
                0x0004c2b8        0x5 ./emlib/em_cmu.o
 *fill*         0x0004c2bd        0x3 
 .rodata.CSWTCH.49
                0x0004c2c0        0x3 ./emlib/em_cmu.o
 *fill*         0x0004c2c3        0x1 
 .rodata.flashWsTable
                0x0004c2c4       0x28 ./emlib/em_cmu.o
 .rodata.i2cNSum
                0x0004c2ec        0x4 ./emlib/em_i2c.o
 .rodata.resetCauseMasks
                0x0004c2f0       0x48 ./emlib/em_rmu.o
 .rodata.GLIB_FontNormal8x8
                0x0004c338       0x10 ./glib/BRD4104A/glib_font_normal_8x8.o
                0x0004c338                GLIB_FontNormal8x8
 .rodata.GLIB_FontNormal8x8PixMap
                0x0004c348      0x320 ./glib/BRD4104A/glib_font_normal_8x8.o
 .rodata        0x0004c668        0x9 ./kit/BRD4104A/udelay.o
 *fill*         0x0004c671        0x3 
 .rodata        0x0004c674       0x18 ./kit_flashpwr/BRD4104A/mx25flash_spi.o
 .rodata.str1.4
                0x0004c68c       0x15 ./kit_lcd/BRD4104A/displayls013b7dh03.o
 *fill*         0x0004c6a1        0x3 
 .rodata        0x0004c6a4       0x18 ./kit_lcd/BRD4104A/displaypalemlib.o
 .rodata        0x0004c6bc       0x1c ./serial_vcom/retargetserial.o
 .rodata        0x0004c6d8       0x31 ./src/InitDevice.o
 *fill*         0x0004c709        0x3 
 .rodata        0x0004c70c       0x10 ./src/i2c.o
 .rodata        0x0004c71c       0x10 ./stack/bt_mesh_stack/mesh_lib.o
 .rodata.str1.4
                0x0004c72c        0x4 c:/siliconlabs/simplicitystudio/v4/developer/toolchains/gnu_arm/4.9_2015q3/bin/../lib/gcc/arm-none-eabi/4.9.3/../../../../arm-none-eabi/lib/armv7e-m/softfp\libm.a(lib_a-w_pow.o)
 *fill*         0x0004c730        0x0 
 .rodata.dp_h   0x0004c730       0x10 c:/siliconlabs/simplicitystudio/v4/developer/toolchains/gnu_arm/4.9_2015q3/bin/../lib/gcc/arm-none-eabi/4.9.3/../../../../arm-none-eabi/lib/armv7e-m/softfp\libm.a(lib_a-e_pow.o)
 .rodata.dp_l   0x0004c740       0x10 c:/siliconlabs/simplicitystudio/v4/developer/toolchains/gnu_arm/4.9_2015q3/bin/../lib/gcc/arm-none-eabi/4.9.3/../../../../arm-none-eabi/lib/armv7e-m/softfp\libm.a(lib_a-e_pow.o)
 .rodata.bp     0x0004c750       0x10 c:/siliconlabs/simplicitystudio/v4/developer/toolchains/gnu_arm/4.9_2015q3/bin/../lib/gcc/arm-none-eabi/4.9.3/../../../../arm-none-eabi/lib/armv7e-m/softfp\libm.a(lib_a-e_pow.o)
 .rodata.str1.4
                0x00000000        0x1 c:/siliconlabs/simplicitystudio/v4/developer/toolchains/gnu_arm/4.9_2015q3/bin/../lib/gcc/arm-none-eabi/4.9.3/../../../../arm-none-eabi/lib/armv7e-m/softfp\libm.a(lib_a-e_pow.o)
 .rodata.TWO52  0x0004c760       0x10 c:/siliconlabs/simplicitystudio/v4/developer/toolchains/gnu_arm/4.9_2015q3/bin/../lib/gcc/arm-none-eabi/4.9.3/../../../../arm-none-eabi/lib/armv7e-m/softfp\libm.a(lib_a-s_rint.o)
 .rodata        0x0004c770     0x26a8 C:/SiliconLabs/SimplicityStudio/v4/developer/sdks/blemesh/v1.1//protocol/bluetooth_dev/lib/EFR32XG13X/GCC/\libbluetooth_mesh.a
 .rodata.str1.1
                0x0004ee18      0x359 C:/SiliconLabs/SimplicityStudio/v4/developer/sdks/blemesh/v1.1//protocol/bluetooth_dev/lib/EFR32XG13X/GCC/\libbluetooth_mesh.a
                                0x46c (size before relaxing)
 *fill*         0x0004f171        0x1 
 .rodata.ll_timingEfr32xg13Timing
                0x0004f172       0x28 C:/SiliconLabs/SimplicityStudio/v4/developer/sdks/blemesh/v1.1//protocol/bluetooth_dev/lib/EFR32XG13X/GCC/\libbluetooth_mesh.a
 *fill*         0x0004f19a        0x2 
 .rodata.ll_radioScaToPpm
                0x0004f19c       0x24 C:/SiliconLabs/SimplicityStudio/v4/developer/sdks/blemesh/v1.1//protocol/bluetooth_dev/lib/EFR32XG13X/GCC/\libbluetooth_mesh.a
 .rodata.ble_1M_irCalConfig
                0x0004f1c0       0x19 C:/SiliconLabs/SimplicityStudio/v4/developer/sdks/blemesh/v1.1//protocol/bluetooth_dev/lib/EFR32XG13X/GCC/\libbluetooth_mesh.a
 *fill*         0x0004f1d9        0x3 
 .rodata.ble_1M_timing
                0x0004f1dc       0x18 C:/SiliconLabs/SimplicityStudio/v4/developer/sdks/blemesh/v1.1//protocol/bluetooth_dev/lib/EFR32XG13X/GCC/\libbluetooth_mesh.a
 *fill*         0x0004f1f4        0xc 
 .rodata.genericSeqProg
                0x0004f200     0x115c C:/SiliconLabs/SimplicityStudio/v4/developer/sdks/blemesh/v1.1//protocol/bluetooth_dev/lib/EFR32XG13X/GCC/\libbluetooth_mesh.a
 .rodata.mbedtls_cipher_definitions
                0x0005035c       0x50 C:/SiliconLabs/SimplicityStudio/v4/developer/sdks/blemesh/v1.1//protocol/bluetooth_dev/lib/EFR32XG13X/GCC/\libbluetooth_mesh.a
 .rodata.curvesSgDcdc
                0x000503ac        0x8 C:/SiliconLabs/SimplicityStudio/v4/developer/sdks/blemesh/v1.1//protocol/bluetooth_dev/lib/EFR32XG13X/GCC/\libbluetooth_mesh.a
 .rodata.curvesSgVbat
                0x000503b4        0x8 C:/SiliconLabs/SimplicityStudio/v4/developer/sdks/blemesh/v1.1//protocol/bluetooth_dev/lib/EFR32XG13X/GCC/\libbluetooth_mesh.a
 .rodata.curves24LpVbat
                0x000503bc        0xe C:/SiliconLabs/SimplicityStudio/v4/developer/sdks/blemesh/v1.1//protocol/bluetooth_dev/lib/EFR32XG13X/GCC/\libbluetooth_mesh.a
 *fill*         0x000503ca        0x2 
 .rodata.curves24HpVbat
                0x000503cc        0x8 C:/SiliconLabs/SimplicityStudio/v4/developer/sdks/blemesh/v1.1//protocol/bluetooth_dev/lib/EFR32XG13X/GCC/\libbluetooth_mesh.a
 .rodata.curves24LpDcdc
                0x000503d4        0xe C:/SiliconLabs/SimplicityStudio/v4/developer/sdks/blemesh/v1.1//protocol/bluetooth_dev/lib/EFR32XG13X/GCC/\libbluetooth_mesh.a
 *fill*         0x000503e2        0x2 
 .rodata.curves24HpDcdc
                0x000503e4        0x8 C:/SiliconLabs/SimplicityStudio/v4/developer/sdks/blemesh/v1.1//protocol/bluetooth_dev/lib/EFR32XG13X/GCC/\libbluetooth_mesh.a
 .rodata.str1.4
                0x000503ec        0x2 c:/siliconlabs/simplicitystudio/v4/developer/toolchains/gnu_arm/4.9_2015q3/bin/../lib/gcc/arm-none-eabi/4.9.3/../../../../arm-none-eabi/lib/armv7e-m/softfp\libc.a(lib_a-impure.o)
 *fill*         0x000503ee        0x2 
 .rodata._global_impure_ptr
                0x000503f0        0x4 c:/siliconlabs/simplicitystudio/v4/developer/toolchains/gnu_arm/4.9_2015q3/bin/../lib/gcc/arm-none-eabi/4.9.3/../../../../arm-none-eabi/lib/armv7e-m/softfp\libc.a(lib_a-impure.o)
                0x000503f0                _global_impure_ptr
 .rodata.zeroes.6911
                0x000503f4       0x10 c:/siliconlabs/simplicitystudio/v4/developer/toolchains/gnu_arm/4.9_2015q3/bin/../lib/gcc/arm-none-eabi/4.9.3/../../../../arm-none-eabi/lib/armv7e-m/softfp\libc.a(lib_a-svfprintf.o)
 .rodata.blanks.6910
                0x00050404       0x10 c:/siliconlabs/simplicitystudio/v4/developer/toolchains/gnu_arm/4.9_2015q3/bin/../lib/gcc/arm-none-eabi/4.9.3/../../../../arm-none-eabi/lib/armv7e-m/softfp\libc.a(lib_a-svfprintf.o)
 .rodata.str1.4
                0x00050414       0x42 c:/siliconlabs/simplicitystudio/v4/developer/toolchains/gnu_arm/4.9_2015q3/bin/../lib/gcc/arm-none-eabi/4.9.3/../../../../arm-none-eabi/lib/armv7e-m/softfp\libc.a(lib_a-svfprintf.o)
 *fill*         0x00050456        0x2 
 .rodata.zeroes.6926
                0x00050458       0x10 c:/siliconlabs/simplicitystudio/v4/developer/toolchains/gnu_arm/4.9_2015q3/bin/../lib/gcc/arm-none-eabi/4.9.3/../../../../arm-none-eabi/lib/armv7e-m/softfp\libc.a(lib_a-vfprintf.o)
 .rodata.str1.4
                0x00000000       0x42 c:/siliconlabs/simplicitystudio/v4/developer/toolchains/gnu_arm/4.9_2015q3/bin/../lib/gcc/arm-none-eabi/4.9.3/../../../../arm-none-eabi/lib/armv7e-m/softfp\libc.a(lib_a-vfprintf.o)
 .rodata.blanks.6925
                0x00050468       0x10 c:/siliconlabs/simplicitystudio/v4/developer/toolchains/gnu_arm/4.9_2015q3/bin/../lib/gcc/arm-none-eabi/4.9.3/../../../../arm-none-eabi/lib/armv7e-m/softfp\libc.a(lib_a-vfprintf.o)
 .rodata.str1.4
                0x00050478       0x10 c:/siliconlabs/simplicitystudio/v4/developer/toolchains/gnu_arm/4.9_2015q3/bin/../lib/gcc/arm-none-eabi/4.9.3/../../../../arm-none-eabi/lib/armv7e-m/softfp\libc.a(lib_a-dtoa.o)
                                 0x12 (size before relaxing)
 .rodata.str1.4
                0x00050488        0xc c:/siliconlabs/simplicitystudio/v4/developer/toolchains/gnu_arm/4.9_2015q3/bin/../lib/gcc/arm-none-eabi/4.9.3/../../../../arm-none-eabi/lib/armv7e-m/softfp\libc.a(lib_a-locale.o)
                                 0x12 (size before relaxing)
 *fill*         0x00050494        0x4 
 .rodata.__mprec_tens
                0x00050498       0xc8 c:/siliconlabs/simplicitystudio/v4/developer/toolchains/gnu_arm/4.9_2015q3/bin/../lib/gcc/arm-none-eabi/4.9.3/../../../../arm-none-eabi/lib/armv7e-m/softfp\libc.a(lib_a-mprec.o)
                0x00050498                __mprec_tens
 .rodata.p05.5302
                0x00050560        0xc c:/siliconlabs/simplicitystudio/v4/developer/toolchains/gnu_arm/4.9_2015q3/bin/../lib/gcc/arm-none-eabi/4.9.3/../../../../arm-none-eabi/lib/armv7e-m/softfp\libc.a(lib_a-mprec.o)
 *fill*         0x0005056c        0x4 
 .rodata.__mprec_bigtens
                0x00050570       0x28 c:/siliconlabs/simplicitystudio/v4/developer/toolchains/gnu_arm/4.9_2015q3/bin/../lib/gcc/arm-none-eabi/4.9.3/../../../../arm-none-eabi/lib/armv7e-m/softfp\libc.a(lib_a-mprec.o)
                0x00050570                __mprec_bigtens
 *(.eh_frame*)
 .eh_frame      0x00050598        0x0 c:/siliconlabs/simplicitystudio/v4/developer/toolchains/gnu_arm/4.9_2015q3/bin/../lib/gcc/arm-none-eabi/4.9.3/armv7e-m/softfp/crtbegin.o
 .eh_frame      0x00050598       0x70 c:/siliconlabs/simplicitystudio/v4/developer/toolchains/gnu_arm/4.9_2015q3/bin/../lib/gcc/arm-none-eabi/4.9.3/../../../../arm-none-eabi/lib/armv7e-m/softfp\libc.a(lib_a-strcmp.o)
 .eh_frame      0x00050608        0x4 c:/siliconlabs/simplicitystudio/v4/developer/toolchains/gnu_arm/4.9_2015q3/bin/../lib/gcc/arm-none-eabi/4.9.3/armv7e-m/softfp/crtend.o

.gatt_data      0x0005060c      0x1aa
 .gatt_data     0x0005060c      0x1aa ./gatt_db.o
                0x0005060c                bg_gattdb_data_adv_uuid128_map
                0x00050610                bg_gattdb_data_adv_uuid16_map
                0x00050614                bg_gattdb_data_attributes_dynamic_mapping_map
                0x00050620                bg_gattdb_data_attributes_map
                0x00050710                bg_gattdb_data_attribute_field_0
                0x00050714                bg_gattdb_data_attribute_field_1
                0x0005071c                bg_gattdb_data_attribute_field_2
                0x00050724                bg_gattdb_data_attribute_field_3
                0x0005072c                bg_gattdb_data_attribute_field_4
                0x00050730                bg_gattdb_data_attribute_field_5
                0x00050734                bg_gattdb_data_attribute_field_6
                0x0005073c                bg_gattdb_data_attribute_field_7
                0x0005074c                bg_gattdb_data_attribute_field_8
                0x00050750                bg_gattdb_data_attribute_field_9
                0x00050758                bg_gattdb_data_attribute_field_10
                0x00050760                bg_gattdb_data_attribute_field_11
                0x00050768                bg_gattdb_data_attribute_field_12
                0x00050770                bg_gattdb_data_attribute_field_14
                0x00050774                bg_gattdb_data_attribute_field_15
                0x0005077c                bg_gattdb_data_attribute_field_16
                0x00050784                bg_gattdb_data_attribute_field_17
                0x0005078c                bg_gattdb_data_attribute_field_18
                0x00050794                bg_gattdb_data_uuidtable_128_map
                0x00050798                bg_gattdb_data_uuidtable_16_map

.gatt_header    0x000507b8       0x34
 .gatt_header   0x000507b8       0x34 ./gatt_db.o
                0x000507b8                bg_gattdb_data

.glue_7         0x000507ec        0x0
 .glue_7        0x00000000        0x0 linker stubs

.glue_7t        0x000507ec        0x0
 .glue_7t       0x00000000        0x0 linker stubs

.vfp11_veneer   0x000507ec        0x0
 .vfp11_veneer  0x00000000        0x0 linker stubs

.v4_bx          0x000507ec        0x0
 .v4_bx         0x00000000        0x0 linker stubs

.iplt           0x000507ec        0x0
 .iplt          0x00000000        0x0 c:/siliconlabs/simplicitystudio/v4/developer/toolchains/gnu_arm/4.9_2015q3/bin/../lib/gcc/arm-none-eabi/4.9.3/armv7e-m/softfp/crtbegin.o

.ARM.extab
 *(.ARM.extab* .gnu.linkonce.armextab.*)
                0x000507ec                __exidx_start = .

.ARM.exidx      0x000507ec        0x8
 *(.ARM.exidx* .gnu.linkonce.armexidx.*)
 .ARM.exidx     0x000507ec        0x8 c:/siliconlabs/simplicitystudio/v4/developer/toolchains/gnu_arm/4.9_2015q3/bin/../lib/gcc/arm-none-eabi/4.9.3/../../../../arm-none-eabi/lib/armv7e-m/softfp/crt0.o
 .ARM.exidx     0x000507f4        0x0 c:/siliconlabs/simplicitystudio/v4/developer/toolchains/gnu_arm/4.9_2015q3/bin/../lib/gcc/arm-none-eabi/4.9.3/armv7e-m/softfp\libgcc.a(_divdi3.o)
                                  0x8 (size before relaxing)
 .ARM.exidx     0x000507f4        0x0 c:/siliconlabs/simplicitystudio/v4/developer/toolchains/gnu_arm/4.9_2015q3/bin/../lib/gcc/arm-none-eabi/4.9.3/armv7e-m/softfp\libgcc.a(_udivdi3.o)
                                  0x8 (size before relaxing)
                0x000507f4                __exidx_end = .
                0x000507f4                __etext = .

.rel.dyn        0x000507f4        0x0
 .rel.iplt      0x00000000        0x0 c:/siliconlabs/simplicitystudio/v4/developer/toolchains/gnu_arm/4.9_2015q3/bin/../lib/gcc/arm-none-eabi/4.9.3/armv7e-m/softfp/crtbegin.o

.data           0x20000000     0x1048 load address 0x000507f4
                0x20000000                __data_start__ = .
 *(vtable)
 *(.data*)
 .data.__mesh_dcd_ptr
                0x20000000        0x4 ./dcd_switch.o
                0x20000000                __mesh_dcd_ptr
 .data.bg_gattdb_data_attribute_field_2_data
                0x20000004       0x16 ./gatt_db.o
                0x20000004                bg_gattdb_data_attribute_field_2_data
 *fill*         0x2000001a        0x2 
 .data.bg_gattdb
                0x2000001c        0x4 ./gatt_db.o
                0x2000001c                bg_gattdb
 .data.conn_handle
                0x20000020        0x1 ./main.o
 *fill*         0x20000021        0x1 
 .data._my_index
                0x20000022        0x2 ./main.o
 .data.SystemLFXOClock
                0x20000024        0x4 ./device/EFR32_B_1_3_P/system_efr32bg13p.o
 .data.SystemHFXOClock
                0x20000028        0x4 ./device/EFR32_B_1_3_P/system_efr32bg13p.o
 .data.SystemCoreClock
                0x2000002c        0x4 ./device/EFR32_B_1_3_P/system_efr32bg13p.o
                0x2000002c                SystemCoreClock
 .data.SystemHfrcoFreq
                0x20000030        0x4 ./device/EFR32_B_1_3_P/system_efr32bg13p.o
                0x20000030                SystemHfrcoFreq
 .data.auxHfrcoFreq
                0x20000034        0x4 ./emlib/em_cmu.o
 .data.loops_per_jiffy
                0x20000038        0x4 ./kit/BRD4104A/udelay.o
                0x20000038                loops_per_jiffy
 .data.pDisplayDeviceDriverInitFunctions
                0x2000003c        0x8 ./kit_lcd/BRD4104A/display.o
 .data.pixelMatrixPool
                0x20000044        0x4 ./kit_lcd/BRD4104A/displayls013b7dh03.o
 .data.__fdlib_version
                0x20000048        0x1 c:/siliconlabs/simplicitystudio/v4/developer/toolchains/gnu_arm/4.9_2015q3/bin/../lib/gcc/arm-none-eabi/4.9.3/../../../../arm-none-eabi/lib/armv7e-m/softfp\libm.a(lib_a-s_lib_ver.o)
                0x20000048                __fdlib_version
 *fill*         0x20000049        0x7 
 .data          0x20000050      0x4f4 C:/SiliconLabs/SimplicityStudio/v4/developer/sdks/blemesh/v1.1//protocol/bluetooth_dev/lib/EFR32XG13X/GCC/\libbluetooth_mesh.a
 .data.pa_voltmode_config
                0x20000544        0x2 C:/SiliconLabs/SimplicityStudio/v4/developer/sdks/blemesh/v1.1//protocol/bluetooth_dev/lib/EFR32XG13X/GCC/\libbluetooth_mesh.a
 .data.current_db
                0x20000546        0x1 C:/SiliconLabs/SimplicityStudio/v4/developer/sdks/blemesh/v1.1//protocol/bluetooth_dev/lib/EFR32XG13X/GCC/\libbluetooth_mesh.a
 *fill*         0x20000547        0x1 
 .data.sar_config
                0x20000548       0x18 C:/SiliconLabs/SimplicityStudio/v4/developer/sdks/blemesh/v1.1//protocol/bluetooth_dev/lib/EFR32XG13X/GCC/\libbluetooth_mesh.a
 .data.RFSENSE_RfOscFreqHz
                0x20000560        0x4 C:/SiliconLabs/SimplicityStudio/v4/developer/sdks/blemesh/v1.1//protocol/bluetooth_dev/lib/EFR32XG13X/GCC/\libbluetooth_mesh.a
 .data.gatt_max_mtu_config
                0x20000564        0x2 C:/SiliconLabs/SimplicityStudio/v4/developer/sdks/blemesh/v1.1//protocol/bluetooth_dev/lib/EFR32XG13X/GCC/\libbluetooth_mesh.a
 *fill*         0x20000566        0x2 
 .data.impure_data
                0x20000568      0x428 c:/siliconlabs/simplicitystudio/v4/developer/toolchains/gnu_arm/4.9_2015q3/bin/../lib/gcc/arm-none-eabi/4.9.3/../../../../arm-none-eabi/lib/armv7e-m/softfp\libc.a(lib_a-impure.o)
 .data._impure_ptr
                0x20000990        0x4 c:/siliconlabs/simplicitystudio/v4/developer/toolchains/gnu_arm/4.9_2015q3/bin/../lib/gcc/arm-none-eabi/4.9.3/../../../../arm-none-eabi/lib/armv7e-m/softfp\libc.a(lib_a-impure.o)
                0x20000990                _impure_ptr
 .data.__malloc_av_
                0x20000994      0x408 c:/siliconlabs/simplicitystudio/v4/developer/toolchains/gnu_arm/4.9_2015q3/bin/../lib/gcc/arm-none-eabi/4.9.3/../../../../arm-none-eabi/lib/armv7e-m/softfp\libc.a(lib_a-mallocr.o)
                0x20000994                __malloc_av_
 .data.__malloc_trim_threshold
                0x20000d9c        0x4 c:/siliconlabs/simplicitystudio/v4/developer/toolchains/gnu_arm/4.9_2015q3/bin/../lib/gcc/arm-none-eabi/4.9.3/../../../../arm-none-eabi/lib/armv7e-m/softfp\libc.a(lib_a-mallocr.o)
                0x20000d9c                __malloc_trim_threshold
 .data.__malloc_sbrk_base
                0x20000da0        0x4 c:/siliconlabs/simplicitystudio/v4/developer/toolchains/gnu_arm/4.9_2015q3/bin/../lib/gcc/arm-none-eabi/4.9.3/../../../../arm-none-eabi/lib/armv7e-m/softfp\libc.a(lib_a-mallocr.o)
                0x20000da0                __malloc_sbrk_base
 .data.lconv    0x20000da4       0x38 c:/siliconlabs/simplicitystudio/v4/developer/toolchains/gnu_arm/4.9_2015q3/bin/../lib/gcc/arm-none-eabi/4.9.3/../../../../arm-none-eabi/lib/armv7e-m/softfp\libc.a(lib_a-locale.o)
 .data.lc_ctype_charset
                0x20000ddc       0x20 c:/siliconlabs/simplicitystudio/v4/developer/toolchains/gnu_arm/4.9_2015q3/bin/../lib/gcc/arm-none-eabi/4.9.3/../../../../arm-none-eabi/lib/armv7e-m/softfp\libc.a(lib_a-locale.o)
 .data.__mb_cur_max
                0x20000dfc        0x4 c:/siliconlabs/simplicitystudio/v4/developer/toolchains/gnu_arm/4.9_2015q3/bin/../lib/gcc/arm-none-eabi/4.9.3/../../../../arm-none-eabi/lib/armv7e-m/softfp\libc.a(lib_a-locale.o)
                0x20000dfc                __mb_cur_max
 .data.__wctomb
                0x20000e00        0x4 c:/siliconlabs/simplicitystudio/v4/developer/toolchains/gnu_arm/4.9_2015q3/bin/../lib/gcc/arm-none-eabi/4.9.3/../../../../arm-none-eabi/lib/armv7e-m/softfp\libc.a(lib_a-wctomb_r.o)
                0x20000e00                __wctomb
                0x20000e04                . = ALIGN (0x4)
 *(.ram)
 .ram           0x20000e04      0x234 ./emlib/em_msc.o
                0x20000e04                mscRfAssertEFM
                0x20000e08                MSC_LoadVerifyAddress
                0x20000e58                MSC_LoadWriteData
                0x20000f00                MSC_WriteWordI
                0x20000f7c                MSC_ErasePage
                0x20000ffc                MSC_WriteWord
                0x20001004                MSC_WriteWordFast
                0x2000100c                MSC_MassErase
                0x20001038                . = ALIGN (0x4)
                0x20001038                PROVIDE (__preinit_array_start, .)
 *(.preinit_array)
                0x20001038                PROVIDE (__preinit_array_end, .)
                0x20001038                . = ALIGN (0x4)
                0x20001038                PROVIDE (__init_array_start, .)
 *(SORT(.init_array.*))
 .init_array.00000
                0x20001038        0x4 c:/siliconlabs/simplicitystudio/v4/developer/toolchains/gnu_arm/4.9_2015q3/bin/../lib/gcc/arm-none-eabi/4.9.3/../../../../arm-none-eabi/lib/armv7e-m/softfp\libc.a(lib_a-__call_atexit.o)
 *(.init_array)
 .init_array    0x2000103c        0x4 c:/siliconlabs/simplicitystudio/v4/developer/toolchains/gnu_arm/4.9_2015q3/bin/../lib/gcc/arm-none-eabi/4.9.3/armv7e-m/softfp/crtbegin.o
                0x20001040                PROVIDE (__init_array_end, .)
                0x20001040                . = ALIGN (0x4)
                0x20001040                PROVIDE (__fini_array_start, .)
 *(SORT(.fini_array.*))
 *(.fini_array)
 .fini_array    0x20001040        0x4 c:/siliconlabs/simplicitystudio/v4/developer/toolchains/gnu_arm/4.9_2015q3/bin/../lib/gcc/arm-none-eabi/4.9.3/armv7e-m/softfp/crtbegin.o
                0x20001044                PROVIDE (__fini_array_end, .)
 *(.jcr*)
 .jcr           0x20001044        0x0 c:/siliconlabs/simplicitystudio/v4/developer/toolchains/gnu_arm/4.9_2015q3/bin/../lib/gcc/arm-none-eabi/4.9.3/armv7e-m/softfp/crtbegin.o
 .jcr           0x20001044        0x4 c:/siliconlabs/simplicitystudio/v4/developer/toolchains/gnu_arm/4.9_2015q3/bin/../lib/gcc/arm-none-eabi/4.9.3/armv7e-m/softfp/crtend.o
                0x20001048                . = ALIGN (0x4)
                0x20001048                __data_end__ = .

.igot.plt       0x20001048        0x0 load address 0x0005183c
 .igot.plt      0x00000000        0x0 c:/siliconlabs/simplicitystudio/v4/developer/toolchains/gnu_arm/4.9_2015q3/bin/../lib/gcc/arm-none-eabi/4.9.3/armv7e-m/softfp/crtbegin.o

.bss            0x20001100     0x5bb8 load address 0x00051900
                0x20001100                . = ALIGN (0x4)
                0x20001100                __bss_start__ = .
 *(.bss*)
 .bss           0x20001100       0x1c c:/siliconlabs/simplicitystudio/v4/developer/toolchains/gnu_arm/4.9_2015q3/bin/../lib/gcc/arm-none-eabi/4.9.3/armv7e-m/softfp/crtbegin.o
 .bss.deviceHeader
                0x2000111c        0x4 ./graphics.o
 .bss.glibContext
                0x20001120       0x2c ./graphics.o
 .bss.graphLineNum
                0x2000114c        0x1 ./graphics.o
 *fill*         0x2000114d        0x1 
 .bss._my_address
                0x2000114e        0x2 ./main.o
 .bss.trid      0x20001150        0x1 ./main.o
 *fill*         0x20001151        0x3 
 .bss.LCD_data  0x20001154       0xe0 ./main.o
 .bss.lightbulb_state
                0x20001234        0x4 ./main.o
 .bss.request_count
                0x20001238        0x1 ./main.o
 .bss.num_connections
                0x20001239        0x1 ./main.o
 .bss.switch_pos
                0x2000123a        0x1 ./main.o
 *fill*         0x2000123b        0x1 
 .bss.chTable   0x2000123c       0x80 ./emdrv/dmadrv.o
 .bss.dmaXfer   0x200012bc      0x100 ./emdrv/dmadrv.o
 .bss.gpioCallbacks
                0x200013bc       0x40 ./emdrv/gpiointerrupt.o
 .bss.sleepCallback
                0x200013fc        0x4 ./emdrv/sleep.o
 .bss.sleepBlockCnt
                0x20001400        0x2 ./emdrv/sleep.o
 *fill*         0x20001402        0x2 
 .bss.sleepContext
                0x20001404        0xc ./emdrv/sleep.o
 .bss.highCallback
                0x20001410        0x4 ./emdrv/tempdrv.o
 .bss.calibrationTEMP
                0x20001414        0x4 ./emdrv/tempdrv.o
 .bss.nullCallback
                0x20001418        0x8 ./emdrv/tempdrv.o
 .bss.lowCallback
                0x20001420        0x4 ./emdrv/tempdrv.o
 .bss.calibrationEMU
                0x20001424        0x4 ./emdrv/tempdrv.o
 .bss.tempdrvHighCallbacks
                0x20001428       0x28 ./emdrv/tempdrv.o
 .bss.tempdrvLowCallbacks
                0x20001450       0x28 ./emdrv/tempdrv.o
 .bss.TEMPDRV_InitState
                0x20001478        0x1 ./emdrv/tempdrv.o
 *fill*         0x20001479        0x1 
 .bss.dcdcEm01LoadCurrent_mA
                0x2000147a        0x2 ./emlib/em_emu.o
 .bss.dcdcReverseCurrentControl
                0x2000147c        0x2 ./emlib/em_emu.o
 *fill*         0x2000147e        0x2 
 .bss.vScaleEM01Config
                0x20001480        0x1 ./emlib/em_emu.o
 *fill*         0x20001481        0x1 
 .bss.dcdcMaxCurrent_mA
                0x20001482        0x2 ./emlib/em_emu.o
 .bss.cmuStatus.6241
                0x20001484        0x4 ./emlib/em_emu.o
 .bss.vScaleStatus.6243
                0x20001488        0x1 ./emlib/em_emu.o
 .bss.hfClock.6242
                0x20001489        0x1 ./emlib/em_emu.o
 *fill*         0x2000148a        0x2 
 .bss.pixelMatrixBuffer
                0x2000148c        0x4 ./glib/BRD4104A/dmd_display.o
 .bss.displayDevice
                0x20001490       0x2c ./glib/BRD4104A/dmd_display.o
 .bss.dimensions
                0x200014bc        0xc ./glib/BRD4104A/dmd_display.o
 .bss.moduleInitialized
                0x200014c8        0x1 ./glib/BRD4104A/dmd_display.o
 *fill*         0x200014c9        0x3 
 .bss.devicesRegistered
                0x200014cc        0x4 ./kit_lcd/BRD4104A/display.o
 .bss.deviceTable
                0x200014d0       0x2c ./kit_lcd/BRD4104A/display.o
 .bss.moduleInitialized
                0x200014fc        0x1 ./kit_lcd/BRD4104A/display.o
 *fill*         0x200014fd        0x3 