Archive member included because of file (symbol)

c:/siliconlabs/simplicitystudio/v4/developer/toolchains/gnu_arm/4.9_2015q3/bin/../lib/gcc/arm-none-eabi/4.9.3/armv7e-m/softfp\libgcc.a(_aeabi_ldivmod.o)
                              C:/SiliconLabs/SimplicityStudio/v4/developer/sdks/blemesh/v1.1//protocol/bluetooth_dev/lib/EFR32XG13X/GCC/\libbluetooth_mesh.a (__aeabi_ldivmod)
c:/siliconlabs/simplicitystudio/v4/developer/toolchains/gnu_arm/4.9_2015q3/bin/../lib/gcc/arm-none-eabi/4.9.3/armv7e-m/softfp\libgcc.a(_aeabi_uldivmod.o)
                              ./emlib/em_usart.o (__aeabi_uldivmod)
c:/siliconlabs/simplicitystudio/v4/developer/toolchains/gnu_arm/4.9_2015q3/bin/../lib/gcc/arm-none-eabi/4.9.3/armv7e-m/softfp\libgcc.a(bpabi.o)
                              c:/siliconlabs/simplicitystudio/v4/developer/toolchains/gnu_arm/4.9_2015q3/bin/../lib/gcc/arm-none-eabi/4.9.3/armv7e-m/softfp\libgcc.a(_aeabi_ldivmod.o) (__gnu_ldivmod_helper)
c:/siliconlabs/simplicitystudio/v4/developer/toolchains/gnu_arm/4.9_2015q3/bin/../lib/gcc/arm-none-eabi/4.9.3/armv7e-m/softfp\libgcc.a(_dvmd_tls.o)
                              c:/siliconlabs/simplicitystudio/v4/developer/toolchains/gnu_arm/4.9_2015q3/bin/../lib/gcc/arm-none-eabi/4.9.3/armv7e-m/softfp\libgcc.a(_aeabi_ldivmod.o) (__aeabi_ldiv0)
c:/siliconlabs/simplicitystudio/v4/developer/toolchains/gnu_arm/4.9_2015q3/bin/../lib/gcc/arm-none-eabi/4.9.3/armv7e-m/softfp\libgcc.a(_divdi3.o)
                              c:/siliconlabs/simplicitystudio/v4/developer/toolchains/gnu_arm/4.9_2015q3/bin/../lib/gcc/arm-none-eabi/4.9.3/armv7e-m/softfp\libgcc.a(bpabi.o) (__divdi3)
c:/siliconlabs/simplicitystudio/v4/developer/toolchains/gnu_arm/4.9_2015q3/bin/../lib/gcc/arm-none-eabi/4.9.3/armv7e-m/softfp\libgcc.a(_udivdi3.o)
                              c:/siliconlabs/simplicitystudio/v4/developer/toolchains/gnu_arm/4.9_2015q3/bin/../lib/gcc/arm-none-eabi/4.9.3/armv7e-m/softfp\libgcc.a(bpabi.o) (__udivdi3)
c:/siliconlabs/simplicitystudio/v4/developer/toolchains/gnu_arm/4.9_2015q3/bin/../lib/gcc/arm-none-eabi/4.9.3/../../../../arm-none-eabi/lib/armv7e-m/softfp\libc.a(lib_a-exit.o)
                              c:/siliconlabs/simplicitystudio/v4/developer/toolchains/gnu_arm/4.9_2015q3/bin/../lib/gcc/arm-none-eabi/4.9.3/../../../../arm-none-eabi/lib/armv7e-m/softfp/crt0.o (exit)
c:/siliconlabs/simplicitystudio/v4/developer/toolchains/gnu_arm/4.9_2015q3/bin/../lib/gcc/arm-none-eabi/4.9.3/../../../../arm-none-eabi/lib/armv7e-m/softfp\libc.a(lib_a-impure.o)
                              c:/siliconlabs/simplicitystudio/v4/developer/toolchains/gnu_arm/4.9_2015q3/bin/../lib/gcc/arm-none-eabi/4.9.3/../../../../arm-none-eabi/lib/armv7e-m/softfp\libc.a(lib_a-exit.o) (_global_impure_ptr)
c:/siliconlabs/simplicitystudio/v4/developer/toolchains/gnu_arm/4.9_2015q3/bin/../lib/gcc/arm-none-eabi/4.9.3/../../../../arm-none-eabi/lib/armv7e-m/softfp\libc.a(lib_a-init.o)
                              c:/siliconlabs/simplicitystudio/v4/developer/toolchains/gnu_arm/4.9_2015q3/bin/../lib/gcc/arm-none-eabi/4.9.3/../../../../arm-none-eabi/lib/armv7e-m/softfp/crt0.o (__libc_init_array)
c:/siliconlabs/simplicitystudio/v4/developer/toolchains/gnu_arm/4.9_2015q3/bin/../lib/gcc/arm-none-eabi/4.9.3/../../../../arm-none-eabi/lib/armv7e-m/softfp\libc.a(lib_a-malloc.o)
                              ./main.o (malloc)
c:/siliconlabs/simplicitystudio/v4/developer/toolchains/gnu_arm/4.9_2015q3/bin/../lib/gcc/arm-none-eabi/4.9.3/../../../../arm-none-eabi/lib/armv7e-m/softfp\libc.a(lib_a-mallocr.o)
                              c:/siliconlabs/simplicitystudio/v4/developer/toolchains/gnu_arm/4.9_2015q3/bin/../lib/gcc/arm-none-eabi/4.9.3/../../../../arm-none-eabi/lib/armv7e-m/softfp\libc.a(lib_a-malloc.o) (_malloc_r)
c:/siliconlabs/simplicitystudio/v4/developer/toolchains/gnu_arm/4.9_2015q3/bin/../lib/gcc/arm-none-eabi/4.9.3/../../../../arm-none-eabi/lib/armv7e-m/softfp\libc.a(lib_a-memcmp.o)
                              C:/SiliconLabs/SimplicityStudio/v4/developer/sdks/blemesh/v1.1//protocol/bluetooth_dev/lib/EFR32XG13X/GCC/\libbluetooth_mesh.a (memcmp)
c:/siliconlabs/simplicitystudio/v4/developer/toolchains/gnu_arm/4.9_2015q3/bin/../lib/gcc/arm-none-eabi/4.9.3/../../../../arm-none-eabi/lib/armv7e-m/softfp\libc.a(lib_a-memcpy.o)
                              ./main.o (memcpy)
c:/siliconlabs/simplicitystudio/v4/developer/toolchains/gnu_arm/4.9_2015q3/bin/../lib/gcc/arm-none-eabi/4.9.3/../../../../arm-none-eabi/lib/armv7e-m/softfp\libc.a(lib_a-memmove.o)
                              C:/SiliconLabs/SimplicityStudio/v4/developer/sdks/blemesh/v1.1//protocol/bluetooth_dev/lib/EFR32XG13X/GCC/\libbluetooth_mesh.a (memmove)
c:/siliconlabs/simplicitystudio/v4/developer/toolchains/gnu_arm/4.9_2015q3/bin/../lib/gcc/arm-none-eabi/4.9.3/../../../../arm-none-eabi/lib/armv7e-m/softfp\libc.a(lib_a-memset.o)
[...]
Memory Configuration

Name             Origin             Length             Attributes
FLASH            0x00000000         0x00080000         xr
RAM              0x20000000         0x00010000         xrw
*default*        0x00000000         0xffffffff

Linker script and memory map

LOAD c:/siliconlabs/simplicitystudio/v4/developer/toolchains/gnu_arm/4.9_2015q3/bin/../lib/gcc/arm-none-eabi/4.9.3/armv7e-m/softfp/crti.o
LOAD c:/siliconlabs/simplicitystudio/v4/developer/toolchains/gnu_arm/4.9_2015q3/bin/../lib/gcc/arm-none-eabi/4.9.3/armv7e-m/softfp/crtbegin.o
LOAD c:/siliconlabs/simplicitystudio/v4/developer/toolchains/gnu_arm/4.9_2015q3/bin/../lib/gcc/arm-none-eabi/4.9.3/../../../../arm-none-eabi/lib/armv7e-m/softfp/crt0.o
START GROUP
LOAD ./dcd_switch.o
LOAD ./gatt_db.o
LOAD ./graphics.o
LOAD ./main.o
LOAD ./pti.o
LOAD ./device/EFR32_B_1_3_P/gcc/startup_efr32bg13p.o
LOAD ./device/EFR32_B_1_3_P/system_efr32bg13p.o
LOAD ./emdrv/dmadrv.o
LOAD ./emdrv/gpiointerrupt.o
LOAD ./emdrv/sleep.o
LOAD ./emdrv/tempdrv.o
LOAD ./emdrv/uartdrv.o
LOAD ./emlib/em_adc.o
LOAD ./emlib/em_cmu.o
LOAD ./emlib/em_core.o
LOAD ./emlib/em_crypto.o
LOAD ./emlib/em_emu.o
LOAD ./emlib/em_gpio.o
LOAD ./emlib/em_i2c.o
LOAD ./emlib/em_ldma.o
LOAD ./emlib/em_leuart.o
LOAD ./emlib/em_msc.o
LOAD ./emlib/em_rmu.o
LOAD ./emlib/em_rtcc.o
LOAD ./emlib/em_system.o
LOAD ./emlib/em_usart.o
LOAD ./glib/BRD4104A/bmp.o
LOAD ./glib/BRD4104A/dmd_display.o
LOAD ./glib/BRD4104A/glib.o
LOAD ./glib/BRD4104A/glib_bitmap.o
LOAD ./glib/BRD4104A/glib_circle.o
LOAD ./glib/BRD4104A/glib_font_narrow_6x8.o
LOAD ./glib/BRD4104A/glib_font_normal_8x8.o
LOAD ./glib/BRD4104A/glib_font_number_16x20.o
LOAD ./glib/BRD4104A/glib_line.o
LOAD ./glib/BRD4104A/glib_polygon.o
LOAD ./glib/BRD4104A/glib_rectangle.o
LOAD ./glib/BRD4104A/glib_string.o
LOAD ./kit/BRD4104A/bsp_bcc.o
LOAD ./kit/BRD4104A/bsp_stk.o
LOAD ./kit/BRD4104A/bsp_stk_leds.o
LOAD ./kit/BRD4104A/i2cspm.o
LOAD ./kit/BRD4104A/si7013.o
LOAD ./kit/BRD4104A/tempsens.o
LOAD ./kit/BRD4104A/udelay.o
LOAD ./kit_flashpwr/BRD4104A/mx25flash_spi.o
LOAD ./kit_lcd/BRD4104A/display.o
LOAD ./kit_lcd/BRD4104A/displayls013b7dh03.o
LOAD ./kit_lcd/BRD4104A/displaypalemlib.o
LOAD ./serial_vcom/retargetio.o
LOAD ./serial_vcom/retargetserial.o
LOAD ./src/InitDevice.o
LOAD ./src/adc0.o
LOAD ./src/cmu.o
LOAD ./stack/bt_mesh_stack/mesh_lib.o
LOAD c:/siliconlabs/simplicitystudio/v4/developer/toolchains/gnu_arm/4.9_2015q3/bin/../lib/gcc/arm-none-eabi/4.9.3/../../../../arm-none-eabi/lib/armv7e-m/softfp\libm.a
LOAD C:/SiliconLabs/SimplicityStudio/v4/developer/sdks/blemesh/v1.1//protocol/bluetooth_dev/lib/EFR32XG13X/GCC/\libbluetooth_mesh.a
END GROUP
START GROUP
LOAD c:/siliconlabs/simplicitystudio/v4/developer/toolchains/gnu_arm/4.9_2015q3/bin/../lib/gcc/arm-none-eabi/4.9.3/armv7e-m/softfp\libgcc.a
LOAD c:/siliconlabs/simplicitystudio/v4/developer/toolchains/gnu_arm/4.9_2015q3/bin/../lib/gcc/arm-none-eabi/4.9.3/../../../../arm-none-eabi/lib/armv7e-m/softfp\libc.a
LOAD c:/siliconlabs/simplicitystudio/v4/developer/toolchains/gnu_arm/4.9_2015q3/bin/../lib/gcc/arm-none-eabi/4.9.3/../../../../arm-none-eabi/lib/armv7e-m/softfp\libnosys.a
END GROUP
START GROUP
LOAD c:/siliconlabs/simplicitystudio/v4/developer/toolchains/gnu_arm/4.9_2015q3/bin/../lib/gcc/arm-none-eabi/4.9.3/armv7e-m/softfp\libgcc.a
LOAD c:/siliconlabs/simplicitystudio/v4/developer/toolchains/gnu_arm/4.9_2015q3/bin/../lib/gcc/arm-none-eabi/4.9.3/../../../../arm-none-eabi/lib/armv7e-m/softfp\libg.a
LOAD c:/siliconlabs/simplicitystudio/v4/developer/toolchains/gnu_arm/4.9_2015q3/bin/../lib/gcc/arm-none-eabi/4.9.3/../../../../arm-none-eabi/lib/armv7e-m/softfp\libc.a
END GROUP
LOAD c:/siliconlabs/simplicitystudio/v4/developer/toolchains/gnu_arm/4.9_2015q3/bin/../lib/gcc/arm-none-eabi/4.9.3/armv7e-m/softfp/crtend.o
LOAD c:/siliconlabs/simplicitystudio/v4/developer/toolchains/gnu_arm/4.9_2015q3/bin/../lib/gcc/arm-none-eabi/4.9.3/armv7e-m/softfp/crtn.o

.text           0x00000000    0x4f90c
 *(.vectors)
 .vectors       0x00000000       0xfc ./device/EFR32_B_1_3_P/gcc/startup_efr32bg13p.o
                0x00000000                __Vectors
                0x000000fc                __Vectors_End = .
                0x000000fc                __Vectors_Size = (__Vectors_End - __Vectors)
                0x000000fc                __end__ = .
 *(.text*)
 .text          0x000000fc       0x5c c:/siliconlabs/simplicitystudio/v4/developer/toolchains/gnu_arm/4.9_2015q3/bin/../lib/gcc/arm-none-eabi/4.9.3/armv7e-m/softfp/crtbegin.o
 .text          0x00000158       0x74 c:/siliconlabs/simplicitystudio/v4/developer/toolchains/gnu_arm/4.9_2015q3/bin/../lib/gcc/arm-none-eabi/4.9.3/../../../../arm-none-eabi/lib/armv7e-m/softfp/crt0.o
                0x00000158                _start
                0x00000158                _mainCRTStartup
 .text.graphPrintCenter.constprop.0
                0x000001cc       0x94 ./graphics.o
 .text.graphInit
                0x00000260       0x44 ./graphics.o
                0x00000260                graphInit
 .text.graphWriteString
                0x000002a4       0x34 ./graphics.o
                0x000002a4                graphWriteString
 .text.onoff_change
                0x000002d8        0x4 ./main.o
 .text.power_onoff_change
                0x000002dc        0x4 ./main.o
 .text.transtime_change
                0x000002e0        0x4 ./main.o
 .text.onoff_update
                0x000002e4       0x2c ./main.o
 .text.power_onoff_update
                0x00000310       0x2c ./main.o
 .text.gpioint  0x0000033c       0x18 ./main.o
                0x0000033c                gpioint
 .text.led_init
                0x00000354       0x20 ./main.o
 .text.onoff_update_and_publish
                0x00000374       0x1c ./main.o
 .text.LCD_write.part.1
                0x00000390       0x48 ./main.o
 .text.lightbulb_state_store
                0x000003d8       0x50 ./main.o
 .text.transtime_request
                0x00000428       0xa4 ./main.o
 .text.power_onoff_request
                0x000004cc       0xb4 ./main.o
 .text.onoff_request
                0x00000580      0x154 ./main.o
 .text.transition_complete
                0x000006d4       0x68 ./main.o
                0x000006d4                transition_complete
 .text.enable_button_interrupts
                0x0000073c       0x48 ./main.o
                0x0000073c                enable_button_interrupts
 .text.send_onoff_request
                0x00000784       0xd8 ./main.o
                0x00000784                send_onoff_request
 .text.lightbulb_state_init
                0x0000085c      0x190 ./main.o
                0x0000085c                lightbulb_state_init
 .text.handle_button_press
                0x000009ec       0x6c ./main.o
                0x000009ec                handle_button_press
 .text.rtcIntCallbackRegister
                0x00000a58        0x4 ./main.o
                0x00000a58                rtcIntCallbackRegister
 .text.LCD_init
                0x00000a5c       0x2c ./main.o
                0x00000a5c                LCD_init
 .text.set_device_name
                0x00000a88       0x9c ./main.o
                0x00000a88                set_device_name
 .text.initiate_factory_reset
                0x00000b24       0x74 ./main.o
                0x00000b24                initiate_factory_reset
 .text.startup.main
                0x00000b98      0xac4 ./main.o
                0x00000b98                main
 .text.APP_ConfigEnablePti
                0x0000165c       0x30 ./pti.o
                0x0000165c                APP_ConfigEnablePti
 .text.Default_Handler
                0x0000168c        0x4 ./device/EFR32_B_1_3_P/gcc/startup_efr32bg13p.o
                0x0000168c                DebugMon_Handler
                0x0000168c                USART0_TX_IRQHandler
                0x0000168c                PRORTC_IRQHandler
                0x0000168c                I2C0_IRQHandler
                0x0000168c                HardFault_Handler
                0x0000168c                SysTick_Handler
                0x0000168c                USART1_RX_IRQHandler
                0x0000168c                PendSV_Handler
                0x0000168c                NMI_Handler
                0x0000168c                SYNTH_IRQHandler
                0x0000168c                I2C1_IRQHandler
                0x0000168c                WTIMER0_IRQHandler
                0x0000168c                CRYPTO0_IRQHandler
                0x0000168c                WDOG0_IRQHandler
                0x0000168c                USART1_TX_IRQHandler
                0x0000168c                SMU_IRQHandler
                0x0000168c                MSC_IRQHandler
                0x0000168c                UsageFault_Handler
                0x0000168c                WDOG1_IRQHandler
                0x0000168c                LEUART0_IRQHandler
                0x0000168c                FPUEH_IRQHandler
                0x0000168c                VDAC0_IRQHandler
                0x0000168c                CSEN_IRQHandler
                0x0000168c                CRYPTO1_IRQHandler
                0x0000168c                TIMER0_IRQHandler
                0x0000168c                LETIMER0_IRQHandler
                0x0000168c                TIMER1_IRQHandler
                0x0000168c                TRNG0_IRQHandler
                0x0000168c                RFSENSE_IRQHandler
                0x0000168c                BUFC_IRQHandler
                0x0000168c                MODEM_IRQHandler
                0x0000168c                USART2_RX_IRQHandler
                0x0000168c                Default_Handler
                0x0000168c                RAC_SEQ_IRQHandler
                0x0000168c                FRC_PRI_IRQHandler
                0x0000168c                FRC_IRQHandler
                0x0000168c                CRYOTIMER_IRQHandler
                0x0000168c                PCNT0_IRQHandler
                0x0000168c                AGC_IRQHandler
                0x0000168c                ACMP0_IRQHandler
                0x0000168c                MemManage_Handler
                0x0000168c                SVC_Handler
                0x0000168c                RTCC_IRQHandler
                0x0000168c                CMU_IRQHandler
                0x0000168c                RAC_RSM_IRQHandler
                0x0000168c                LESENSE_IRQHandler
                0x0000168c                PROTIMER_IRQHandler
                0x0000168c                BusFault_Handler
                0x0000168c                USART2_TX_IRQHandler
                0x0000168c                IDAC0_IRQHandler
 .text.Reset_Handler
                0x00001690       0x38 ./device/EFR32_B_1_3_P/gcc/startup_efr32bg13p.o
                0x00001690                Reset_Handler
 .text.SystemMaxCoreClockGet
                0x000016c8        0x8 ./device/EFR32_B_1_3_P/system_efr32bg13p.o
                0x000016c8                SystemMaxCoreClockGet
 .text.SystemHFClockGet
                0x000016d0       0x50 ./device/EFR32_B_1_3_P/system_efr32bg13p.o
                0x000016d0                SystemHFClockGet
 .text.SystemCoreClockGet
                0x00001720       0x24 ./device/EFR32_B_1_3_P/system_efr32bg13p.o
                0x00001720                SystemCoreClockGet
 .text.SystemHFXOClockGet
                0x00001744        0xc ./device/EFR32_B_1_3_P/system_efr32bg13p.o
                0x00001744                SystemHFXOClockGet
 .text.SystemHFXOClockSet
                0x00001750       0x20 ./device/EFR32_B_1_3_P/system_efr32bg13p.o
                0x00001750                SystemHFXOClockSet
 .text.SystemInit
                0x00001770       0x14 ./device/EFR32_B_1_3_P/system_efr32bg13p.o
                0x00001770                SystemInit
 .text.SystemLFRCOClockGet
                0x00001784        0x8 ./device/EFR32_B_1_3_P/system_efr32bg13p.o
                0x00001784                SystemLFRCOClockGet
 .text.SystemULFRCOClockGet
                0x0000178c        0x8 ./device/EFR32_B_1_3_P/system_efr32bg13p.o
                0x0000178c                SystemULFRCOClockGet
 .text.SystemLFXOClockGet
                0x00001794        0xc ./device/EFR32_B_1_3_P/system_efr32bg13p.o
                0x00001794                SystemLFXOClockGet
 .text.SystemLFXOClockSet
                0x000017a0       0x20 ./device/EFR32_B_1_3_P/system_efr32bg13p.o
                0x000017a0                SystemLFXOClockSet
 .text.LDMA_IRQHandler
                0x000017c0       0x7c ./emdrv/dmadrv.o
                0x000017c0                LDMA_IRQHandler
 .text.GPIOINT_IRQDispatcher
                0x0000183c       0x2c ./emdrv/gpiointerrupt.o
 .text.GPIOINT_Init
                0x00001868       0x1c ./emdrv/gpiointerrupt.o
                0x00001868                GPIOINT_Init
 .text.GPIOINT_CallbackRegister
                0x00001884       0x1c ./emdrv/gpiointerrupt.o
                0x00001884                GPIOINT_CallbackRegister
 .text.GPIO_EVEN_IRQHandler
                0x000018a0       0x20 ./emdrv/gpiointerrupt.o
                0x000018a0                GPIO_EVEN_IRQHandler
 .text.GPIO_ODD_IRQHandler
                0x000018c0       0x20 ./emdrv/gpiointerrupt.o
                0x000018c0                GPIO_ODD_IRQHandler
 .text.sleepCallbackWrapper
                0x000018e0       0x14 ./emdrv/sleep.o
 .text.enterEMx
                0x000018f4       0x70 ./emdrv/sleep.o
 .text.SLEEP_Init
                0x00001964       0x44 ./emdrv/sleep.o
                0x00001964                SLEEP_Init
 .text.SLEEP_Sleep
                0x000019a8       0x70 ./emdrv/sleep.o
                0x000019a8                SLEEP_Sleep
 .text.SLEEP_SleepBlockBegin
                0x00001a18       0x28 ./emdrv/sleep.o
                0x00001a18                SLEEP_SleepBlockBegin
 .text.SLEEP_SleepBlockEnd
                0x00001a40       0x2c ./emdrv/sleep.o
                0x00001a40                SLEEP_SleepBlockEnd
 .text.SLEEP_LowestEnergyModeGet
                0x00001a6c       0x1c ./emdrv/sleep.o
                0x00001a6c                SLEEP_LowestEnergyModeGet
 .text.updateInterrupts
                0x00001a88       0xdc ./emdrv/tempdrv.o
 .text.TEMPDRV_IRQHandler
                0x00001b64       0xa0 ./emdrv/tempdrv.o
                0x00001b64                TEMPDRV_IRQHandler
 .text.EMU_IRQHandler
                0x00001c04        0x4 ./emdrv/tempdrv.o
                0x00001c04                EMU_IRQHandler
 .text.TEMPDRV_Init
                0x00001c08       0xb0 ./emdrv/tempdrv.o
                0x00001c08                TEMPDRV_Init
 .text.ADC_LoadDevinfoCal
                0x00001cb8       0xb8 ./emlib/em_adc.o
 .text.ADC_InitSingle
                0x00001d70       0xbc ./emlib/em_adc.o
                0x00001d70                ADC_InitSingle
 .text.ADC_PrescaleCalc
                0x00001e2c       0x4c ./emlib/em_adc.o
                0x00001e2c                ADC_PrescaleCalc
 .text.ADC_Init
                0x00001e78       0x60 ./emlib/em_adc.o
                0x00001e78                ADC_Init
 .text.ADC_TimebaseCalc
                0x00001ed8       0x30 ./emlib/em_adc.o
                0x00001ed8                ADC_TimebaseCalc
 .text.flashWaitStateControl
                0x00001f08       0x60 ./emlib/em_cmu.o
 .text.CMU_HFRCODevinfoGet
                0x00001f68       0xb4 ./emlib/em_cmu.o
 .text.flashWaitStateMax
                0x0000201c       0x10 ./emlib/em_cmu.o
 .text.CMU_OscillatorTuningSet.part.1
                0x0000202c       0x3c ./emlib/em_cmu.o
 .text.CMU_UpdateWaitStates
                0x00002068        0x4 ./emlib/em_cmu.o
                0x00002068                CMU_UpdateWaitStates
 .text.CMU_AUXHFRCOBandSet
                0x0000206c      0x104 ./emlib/em_cmu.o
                0x0000206c                CMU_AUXHFRCOBandSet
 .text.CMU_ClockEnable
                0x00002170       0x8c ./emlib/em_cmu.o
                0x00002170                CMU_ClockEnable
 .text.CMU_ClockPrescGet
                0x000021fc       0xd0 ./emlib/em_cmu.o
                0x000021fc                CMU_ClockPrescGet
 .text.CMU_ClockDivGet
                0x000022cc        0xc ./emlib/em_cmu.o
                0x000022cc                CMU_ClockDivGet
 .text.CMU_ClockSelectGet
                0x000022d8       0xc4 ./emlib/em_cmu.o
                0x000022d8                CMU_ClockSelectGet
 .text.lfClkGet
                0x0000239c       0x94 ./emlib/em_cmu.o
 .text.CMU_ClockFreqGet
                0x00002430      0x1a4 ./emlib/em_cmu.o
                0x00002430                CMU_ClockFreqGet
 .text.CMU_ClockPrescSet
                0x000025d4      0x298 ./emlib/em_cmu.o
                0x000025d4                CMU_ClockPrescSet
 .text.CMU_ClockDivSet
                0x0000286c        0x8 ./emlib/em_cmu.o
                0x0000286c                CMU_ClockDivSet
 .text.CMU_HFRCOBandSet
                0x00002874      0x148 ./emlib/em_cmu.o
                0x00002874                CMU_HFRCOBandSet
 .text.CMU_HFXOAutostartEnable
                0x000029bc       0x8c ./emlib/em_cmu.o
                0x000029bc                CMU_HFXOAutostartEnable
 .text.CMU_OscillatorTuningWait
                0x00002a48       0x5c ./emlib/em_cmu.o
                0x00002a48                CMU_OscillatorTuningWait
 .text.CMU_OscillatorEnable
                0x00002aa4      0x12c ./emlib/em_cmu.o
                0x00002aa4                CMU_OscillatorEnable
 .text.CMU_ClockSelectSet
                0x00002bd0      0x2bc ./emlib/em_cmu.o
                0x00002bd0                CMU_ClockSelectSet
 .text.CMU_HFXOInit
                0x00002e8c       0x7c ./emlib/em_cmu.o
                0x00002e8c                CMU_HFXOInit
 .text.CMU_LFXOInit
                0x00002f08       0x40 ./emlib/em_cmu.o
                0x00002f08                CMU_LFXOInit
 .text.CORE_EnterCritical
                0x00002f48        0x8 ./emlib/em_core.o
                0x00002f48                CORE_EnterCritical
 .text.CORE_ExitCritical
                0x00002f50        0x8 ./emlib/em_core.o
                0x00002f50                CORE_ExitCritical
 .text.CORE_EnterAtomic
                0x00002f58        0x8 ./emlib/em_core.o
                0x00002f58                CORE_EnterAtomic
 .text.CORE_ExitAtomic
                0x00002f60        0x8 ./emlib/em_core.o
                0x00002f60                CORE_ExitAtomic
 .text.CORE_SetNvicRamTableHandler
                0x00002f68       0x10 ./emlib/em_core.o
                0x00002f68                CORE_SetNvicRamTableHandler
 .text.CORE_InitNvicVectorTable
                0x00002f78       0x48 ./emlib/em_core.o
                0x00002f78                CORE_InitNvicVectorTable
 .text.CRYPTO_ModulusSet
                0x00002fc0       0x38 ./emlib/em_crypto.o
                0x00002fc0                CRYPTO_ModulusSet
 .text.CRYPTO_KeyRead
                0x00002ff8       0x2c ./emlib/em_crypto.o
                0x00002ff8                CRYPTO_KeyRead
 .text.lpGetDevinfoVrefLowHigh
                0x00003024       0xdc ./emlib/em_emu.o
 .text.lpCmpHystCalibrationLoad.isra.0
                0x00003100       0x78 ./emlib/em_emu.o
 .text.vScaleDownEM23Setup
                0x00003178       0x60 ./emlib/em_emu.o
 .text.emState.part.2
                0x000031d8       0x7c ./emlib/em_emu.o
 .text.emState  0x00003254       0x50 ./emlib/em_emu.o
 .text.EMU_EnterEM2
                0x000032a4       0x34 ./emlib/em_emu.o
                0x000032a4                EMU_EnterEM2
 .text.EMU_EnterEM3
                0x000032d8       0x58 ./emlib/em_emu.o
                0x000032d8                EMU_EnterEM3
 .text.EMU_Save
                0x00003330        0x8 ./emlib/em_emu.o
                0x00003330                EMU_Save
 .text.EMU_Restore
                0x00003338        0x4 ./emlib/em_emu.o
                0x00003338                EMU_Restore
 .text.EMU_VScaleEM01
                0x0000333c       0x68 ./emlib/em_emu.o
                0x0000333c                EMU_VScaleEM01
 .text.EMU_VScaleEM01ByClock
                0x000033a4       0x50 ./emlib/em_emu.o
                0x000033a4                EMU_VScaleEM01ByClock
 .text.EMU_EM01Init
                0x000033f4       0x14 ./emlib/em_emu.o
                0x000033f4                EMU_EM01Init
 .text.EMU_EM23Init
                0x00003408       0x18 ./emlib/em_emu.o
                0x00003408                EMU_EM23Init
 .text.EMU_EM4Init
                0x00003420       0x5c ./emlib/em_emu.o
                0x00003420                EMU_EM4Init
 .text.EMU_DCDCModeSet
                0x0000347c       0x84 ./emlib/em_emu.o
                0x0000347c                EMU_DCDCModeSet
 .text.EMU_EnterEM4
                0x00003500       0x50 ./emlib/em_emu.o
                0x00003500                EMU_EnterEM4
 .text.EMU_DCDCOutputVoltageSet
                0x00003550      0x160 ./emlib/em_emu.o
                0x00003550                EMU_DCDCOutputVoltageSet
 .text.EMU_DCDCOptimizeSlice
                0x000036b0       0xf8 ./emlib/em_emu.o
                0x000036b0                EMU_DCDCOptimizeSlice
 .text.EMU_DCDCLnRcoBandSet
                0x000037a8       0x24 ./emlib/em_emu.o
                0x000037a8                EMU_DCDCLnRcoBandSet
 .text.EMU_DCDCInit
                0x000037cc       0xec ./emlib/em_emu.o
                0x000037cc                EMU_DCDCInit
 .text.GPIO_ExtIntConfig
                0x000038b8       0xb0 ./emlib/em_gpio.o
                0x000038b8                GPIO_ExtIntConfig
 .text.GPIO_PinModeSet
                0x00003968       0x84 ./emlib/em_gpio.o
                0x00003968                GPIO_PinModeSet
 .text.MSC_Init
                0x000039ec       0x20 ./emlib/em_msc.o
                0x000039ec                MSC_Init
 .text.MSC_Deinit
                0x00003a0c       0x14 ./emlib/em_msc.o
                0x00003a0c                MSC_Deinit
 .text.RMU_ResetCauseClear
                0x00003a20        0xc ./emlib/em_rmu.o
                0x00003a20                RMU_ResetCauseClear
 .text.RMU_ResetCauseGet
                0x00003a2c       0x60 ./emlib/em_rmu.o
                0x00003a2c                RMU_ResetCauseGet
 .text.RTCC_Enable
                0x00003a8c        0xc ./emlib/em_rtcc.o
                0x00003a8c                RTCC_Enable
 .text.RTCC_Init
                0x00003a98       0x48 ./emlib/em_rtcc.o
                0x00003a98                RTCC_Init
 .text.SYSTEM_ChipRevisionGet
                0x00003ae0       0x34 ./emlib/em_system.o
                0x00003ae0                SYSTEM_ChipRevisionGet
 .text.USART_BaudrateAsyncSet
                0x00003b14       0x68 ./emlib/em_usart.o
                0x00003b14                USART_BaudrateAsyncSet
 .text.USART_BaudrateSyncSet
                0x00003b7c       0x24 ./emlib/em_usart.o
                0x00003b7c                USART_BaudrateSyncSet
 .text.USART_Enable
                0x00003ba0       0x10 ./emlib/em_usart.o
                0x00003ba0                USART_Enable
 .text.USART_Reset
                0x00003bb0       0x58 ./emlib/em_usart.o
                0x00003bb0                USART_Reset
 .text.USART_InitAsync
                0x00003c08       0x70 ./emlib/em_usart.o
                0x00003c08                USART_InitAsync
 .text.USART_InitSync
                0x00003c78       0x88 ./emlib/em_usart.o
                0x00003c78                USART_InitSync
 .text.USART_Rx
                0x00003d00        0xc ./emlib/em_usart.o
                0x00003d00                USART_Rx
 .text.USART_SpiTransfer
                0x00003d0c       0x14 ./emlib/em_usart.o
                0x00003d0c                USART_SpiTransfer
 .text.USART_Tx
                0x00003d20        0xc ./emlib/em_usart.o
                0x00003d20                USART_Tx
 .text.USART_TxDouble
                0x00003d2c        0xc ./emlib/em_usart.o
                0x00003d2c                USART_TxDouble
 .text.DMD_writeColor.part.0
                0x00003d38      0x190 ./glib/BRD4104A/dmd_display.o
 .text.DMD_getDisplayGeometry
                0x00003ec8       0x1c ./glib/BRD4104A/dmd_display.o
                0x00003ec8                DMD_getDisplayGeometry
 .text.DMD_setClippingArea
                0x00003ee4       0x44 ./glib/BRD4104A/dmd_display.o
                0x00003ee4                DMD_setClippingArea
 .text.DMD_writeColor
                0x00003f28       0x20 ./glib/BRD4104A/dmd_display.o
                0x00003f28                DMD_writeColor
 .text.DMD_allocateFramebuffer
                0x00003f48       0x38 ./glib/BRD4104A/dmd_display.o
                0x00003f48                DMD_allocateFramebuffer
 .text.DMD_init
                0x00003f80       0x78 ./glib/BRD4104A/dmd_display.o
                0x00003f80                DMD_init
 .text.DMD_updateDisplay
                0x00003ff8       0xbc ./glib/BRD4104A/dmd_display.o
                0x00003ff8                DMD_updateDisplay
 .text.GLIB_applyClippingRegion.part.1
                0x000040b4       0x1c ./glib/BRD4104A/glib.o
 .text.GLIB_setClippingRegion.part.2
                0x000040d0       0x48 ./glib/BRD4104A/glib.o
 .text.GLIB_contextInit
                0x00004118       0x58 ./glib/BRD4104A/glib.o
                0x00004118                GLIB_contextInit
 .text.GLIB_clear
                0x00004170       0x48 ./glib/BRD4104A/glib.o
                0x00004170                GLIB_clear
 .text.GLIB_drawPixel
                0x000041b8       0x40 ./glib/BRD4104A/glib.o
                0x000041b8                GLIB_drawPixel
 .text.GLIB_drawPixelColor
                0x000041f8       0x3c ./glib/BRD4104A/glib.o
                0x000041f8                GLIB_drawPixelColor
 .text.GLIB_rectContainsPoint
                0x00004234       0x24 ./glib/BRD4104A/glib_rectangle.o
                0x00004234                GLIB_rectContainsPoint
 .text.GLIB_drawChar.part.0
                0x00004258      0x164 ./glib/BRD4104A/glib_string.o
 .text.GLIB_drawString
                0x000043bc       0x90 ./glib/BRD4104A/glib_string.o
                0x000043bc                GLIB_drawString
 .text.GLIB_setFont
                0x0000444c       0x20 ./glib/BRD4104A/glib_string.o
                0x0000444c                GLIB_setFont
 .text.UDELAY_Calibrate
                0x0000446c      0x1c0 ./kit/BRD4104A/udelay.o
                0x0000446c                UDELAY_Calibrate
 .text.UDELAY_Delay
                0x0000462c       0x28 ./kit/BRD4104A/udelay.o
                0x0000462c                UDELAY_Delay
 .text.MX25_init
                0x00004654       0xa4 ./kit_flashpwr/BRD4104A/mx25flash_spi.o
                0x00004654                MX25_init
 .text.MX25_DP  0x000046f8       0x5c ./kit_flashpwr/BRD4104A/mx25flash_spi.o
                0x000046f8                MX25_DP
 .text.DISPLAY_Init
                0x00004754       0x34 ./kit_lcd/BRD4104A/display.o
                0x00004754                DISPLAY_Init
 .text.DISPLAY_DeviceGet
                0x00004788       0x38 ./kit_lcd/BRD4104A/display.o
                0x00004788                DISPLAY_DeviceGet
 .text.DISPLAY_DeviceRegister
                0x000047c0       0x44 ./kit_lcd/BRD4104A/display.o
                0x000047c0                DISPLAY_DeviceRegister
 .text.PixelMatrixAllocate
                0x00004804       0x3c ./kit_lcd/BRD4104A/displayls013b7dh03.o
 .text.PixelMatrixFree
                0x00004840        0x8 ./kit_lcd/BRD4104A/displayls013b7dh03.o
 .text.DriverRefresh
                0x00004848       0x10 ./kit_lcd/BRD4104A/displayls013b7dh03.o
 .text.PixelMatrixClear
                0x00004858       0x20 ./kit_lcd/BRD4104A/displayls013b7dh03.o
 .text.PixelMatrixDraw
                0x00004878       0x8c ./kit_lcd/BRD4104A/displayls013b7dh03.o
 .text.DisplayPolarityInverse
                0x00004904       0x10 ./kit_lcd/BRD4104A/displayls013b7dh03.o
 .text.DisplayEnable
                0x00004914       0x1c ./kit_lcd/BRD4104A/displayls013b7dh03.o
 .text.DISPLAY_Ls013b7dh03Init
                0x00004930       0xf4 ./kit_lcd/BRD4104A/displayls013b7dh03.o
                0x00004930                DISPLAY_Ls013b7dh03Init
 .text.PAL_SpiInit
                0x00004a24       0x50 ./kit_lcd/BRD4104A/displaypalemlib.o
                0x00004a24                PAL_SpiInit
 .text.PAL_SpiTransmit
                0x00004a74       0x40 ./kit_lcd/BRD4104A/displaypalemlib.o
                0x00004a74                PAL_SpiTransmit
 .text.PAL_TimerInit
                0x00004ab4        0xc ./kit_lcd/BRD4104A/displaypalemlib.o
                0x00004ab4                PAL_TimerInit
 .text.PAL_TimerMicroSecondsDelay
                0x00004ac0        0xc ./kit_lcd/BRD4104A/displaypalemlib.o
                0x00004ac0                PAL_TimerMicroSecondsDelay
 .text.PAL_TimerRepeat
                0x00004acc       0x18 ./kit_lcd/BRD4104A/displaypalemlib.o
                0x00004acc                PAL_TimerRepeat
 .text.PAL_GpioInit
                0x00004ae4       0x14 ./kit_lcd/BRD4104A/displaypalemlib.o
                0x00004ae4                PAL_GpioInit
 .text.PAL_GpioPinModeSet
                0x00004af8       0x1c ./kit_lcd/BRD4104A/displaypalemlib.o
                0x00004af8                PAL_GpioPinModeSet
 .text.PAL_GpioPinOutSet
                0x00004b14       0x1c ./kit_lcd/BRD4104A/displaypalemlib.o
                0x00004b14                PAL_GpioPinOutSet
 .text.PAL_GpioPinOutClear
                0x00004b30       0x1c ./kit_lcd/BRD4104A/displaypalemlib.o
                0x00004b30                PAL_GpioPinOutClear
 .text.PAL_GpioPinOutToggle
                0x00004b4c       0x1c ./kit_lcd/BRD4104A/displaypalemlib.o
                0x00004b4c                PAL_GpioPinOutToggle
 .text._close   0x00004b68        0x4 ./serial_vcom/retargetio.o
                0x00004b68                _close
 .text._exit    0x00004b6c        0x4 ./serial_vcom/retargetio.o
                0x00004b6c                _exit
 .text._fstat   0x00004b70        0xc ./serial_vcom/retargetio.o
                0x00004b70                _fstat
 .text._isatty  0x00004b7c        0x4 ./serial_vcom/retargetio.o
                0x00004b7c                _isatty
 .text._lseek   0x00004b80        0x4 ./serial_vcom/retargetio.o
                0x00004b80                _lseek
 .text._read    0x00004b84       0x30 ./serial_vcom/retargetio.o
                0x00004b84                _read
 .text._sbrk    0x00004bb4       0x1c ./serial_vcom/retargetio.o
                0x00004bb4                _sbrk
 .text._write   0x00004bd0       0x1c ./serial_vcom/retargetio.o
                0x00004bd0                _write
 .text.USART0_RX_IRQHandler
                0x00004bec       0x58 ./serial_vcom/retargetserial.o
                0x00004bec                USART0_RX_IRQHandler
 .text.RETARGET_SerialInit
                0x00004c44       0xc8 ./serial_vcom/retargetserial.o
                0x00004c44                RETARGET_SerialInit
 .text.RETARGET_ReadChar
                0x00004d0c       0x58 ./serial_vcom/retargetserial.o
                0x00004d0c                RETARGET_ReadChar
 .text.RETARGET_WriteChar
                0x00004d64       0x58 ./serial_vcom/retargetserial.o
                0x00004d64                RETARGET_WriteChar
 .text.EMU_enter_DefaultMode_from_RESET
                0x00004dbc       0x8c ./src/InitDevice.o
                0x00004dbc                EMU_enter_DefaultMode_from_RESET
 .text.CMU_enter_DefaultMode_from_RESET
                0x00004e48      0x118 ./src/InitDevice.o
                0x00004e48                CMU_enter_DefaultMode_from_RESET
 .text.RTCC_enter_DefaultMode_from_RESET
                0x00004f60       0x48 ./src/InitDevice.o
                0x00004f60                RTCC_enter_DefaultMode_from_RESET
 .text.enter_DefaultMode_from_RESET
                0x00004fa8       0x64 ./src/InitDevice.o
                0x00004fa8                enter_DefaultMode_from_RESET
 .text.ADC0_init
                0x0000500c       0x78 ./src/adc0.o
                0x0000500c                ADC0_init
 .text.ADC0_setup
                0x00005084       0x38 ./src/adc0.o
                0x00005084                ADC0_setup
 .text.ADC0_start
                0x000050bc       0x2c ./src/adc0.o
                0x000050bc                ADC0_start
 .text.ADC0_IRQHandler
                0x000050e8       0xd0 ./src/adc0.o
                0x000050e8                ADC0_IRQHandler
 .text.ADC_window_out
                0x000051b8       0x18 ./src/adc0.o
                0x000051b8                ADC_window_out
 .text.cmu_init_ADC0
                0x000051d0       0x54 ./src/cmu.o
                0x000051d0                cmu_init_ADC0
 .text.mesh_lib_transition_time_to_ms
                0x00005224       0x2c ./stack/bt_mesh_stack/mesh_lib.o
                0x00005224                mesh_lib_transition_time_to_ms
 .text.deserialize_request
                0x00005250      0x120 ./stack/bt_mesh_stack/mesh_lib.o
                0x00005250                deserialize_request
 .text.serialize_state
                0x00005370      0x164 ./stack/bt_mesh_stack/mesh_lib.o
                0x00005370                serialize_state
 .text.mesh_lib_init
                0x000054d4       0x4c ./stack/bt_mesh_stack/mesh_lib.o
                0x000054d4                mesh_lib_init
 .text.mesh_lib_generic_server_register_handler
                0x00005520       0x74 ./stack/bt_mesh_stack/mesh_lib.o
                0x00005520                mesh_lib_generic_server_register_handler
 .text.mesh_lib_generic_server_event_handler
                0x00005594       0x98 ./stack/bt_mesh_stack/mesh_lib.o
                0x00005594                mesh_lib_generic_server_event_handler
 .text.mesh_lib_generic_server_response
                0x0000562c       0x98 ./stack/bt_mesh_stack/mesh_lib.o
                0x0000562c                mesh_lib_generic_server_response
 .text.mesh_lib_generic_server_update
                0x000056c4       0x84 ./stack/bt_mesh_stack/mesh_lib.o
                0x000056c4                mesh_lib_generic_server_update
 .text.mesh_lib_generic_server_publish
                0x00005748       0x30 ./stack/bt_mesh_stack/mesh_lib.o
                0x00005748                mesh_lib_generic_server_publish
 .text          0x00005778    0x3e1d0 C:/SiliconLabs/SimplicityStudio/v4/developer/sdks/blemesh/v1.1//protocol/bluetooth_dev/lib/EFR32XG13X/GCC/\libbluetooth_mesh.a
                0x000057d4                gecko_init_alloc
                0x00005ea4                vectors_init
                0x00006224                gecko_sleep_for_ms
                0x000062c4                bgapi_buffer_init
                0x00006338                register_message_handler
                0x0000646c                gecko_handle_library_packet
                0x000072d0                gecko_handle_command
                0x00007354                gecko_handle_command_noresponse
                0x00007384                gecko_external_signal
                0x000074a0                gecko_priority_handle
                0x00007568                gecko_register_bgapi_library
                0x000075c8                gecko_event_pending
                0x0000763c                gecko_peek_event
                0x00007640                gecko_wait_event
                0x00007660                gecko_can_sleep_ms
                0x00007dd8                gecko_stack_init
                0x000095dc                gecko_bgapi_class_mesh_prov_init
                0x000095e8                gecko_bgapi_class_mesh_node_init
                0x00009618                gecko_bgapi_class_mesh_generic_client_init
                0x00009624                gecko_bgapi_class_mesh_generic_server_init
                0x0000ee58                gecko_bgapi_class_le_connection_init
                0x0000ee64                gecko_bgapi_class_endpoint_init
                0x0000ee70                gecko_bgapi_class_sm_init
                0x0000ee88                gecko_bgapi_class_flash_init
                0x0000eea0                gecko_bgapi_class_gatt_server_init
                0x0000eeac                gecko_bgapi_class_gatt_init
                0x0000eecc                gecko_bgapi_class_le_gap_init
                0x0000eed8                gecko_bgapi_class_dfu_init
                0x0000eee4                gecko_bgapi_class_test_init
                0x0000eefc                gecko_bgapi_class_hardware_init
                0x0000ef14                gecko_bgapi_class_system_init
                0x00022cee                RAIL_EnablePti
                0x00022cf4                RAIL_GetPtiConfig
                0x00022cfa                RAIL_ConfigPti
                0x00039920                bg_pool_size
                0x00039bbc                bg_pool_free_count
                0x0003a186                bg_message_send
 .text.unlikely
                0x00043948       0x3a C:/SiliconLabs/SimplicityStudio/v4/developer/sdks/blemesh/v1.1//protocol/bluetooth_dev/lib/EFR32XG13X/GCC/\libbluetooth_mesh.a
 *fill*         0x00043982        0x2 
 .text          0x00043984       0x38 c:/siliconlabs/simplicitystudio/v4/developer/toolchains/gnu_arm/4.9_2015q3/bin/../lib/gcc/arm-none-eabi/4.9.3/armv7e-m/softfp\libgcc.a(_aeabi_ldivmod.o)
                0x00043984                __aeabi_ldivmod
 .text          0x000439bc       0x30 c:/siliconlabs/simplicitystudio/v4/developer/toolchains/gnu_arm/4.9_2015q3/bin/../lib/gcc/arm-none-eabi/4.9.3/armv7e-m/softfp\libgcc.a(_aeabi_uldivmod.o)
                0x000439bc                __aeabi_uldivmod
 .text          0x000439ec       0x60 c:/siliconlabs/simplicitystudio/v4/developer/toolchains/gnu_arm/4.9_2015q3/bin/../lib/gcc/arm-none-eabi/4.9.3/armv7e-m/softfp\libgcc.a(bpabi.o)
                0x000439ec                __gnu_ldivmod_helper
                0x00043a1c                __gnu_uldivmod_helper
 .text          0x00043a4c        0x4 c:/siliconlabs/simplicitystudio/v4/developer/toolchains/gnu_arm/4.9_2015q3/bin/../lib/gcc/arm-none-eabi/4.9.3/armv7e-m/softfp\libgcc.a(_dvmd_tls.o)
                0x00043a4c                __aeabi_idiv0
                0x00043a4c                __aeabi_ldiv0
 .text          0x00043a50      0x29c c:/siliconlabs/simplicitystudio/v4/developer/toolchains/gnu_arm/4.9_2015q3/bin/../lib/gcc/arm-none-eabi/4.9.3/armv7e-m/softfp\libgcc.a(_divdi3.o)
                0x00043a50                __divdi3
 .text          0x00043cec      0x26c c:/siliconlabs/simplicitystudio/v4/developer/toolchains/gnu_arm/4.9_2015q3/bin/../lib/gcc/arm-none-eabi/4.9.3/armv7e-m/softfp\libgcc.a(_udivdi3.o)
                0x00043cec                __udivdi3
 .text.exit     0x00043f58       0x20 c:/siliconlabs/simplicitystudio/v4/developer/toolchains/gnu_arm/4.9_2015q3/bin/../lib/gcc/arm-none-eabi/4.9.3/../../../../arm-none-eabi/lib/armv7e-m/softfp\libc.a(lib_a-exit.o)
                0x00043f58                exit
 .text.__libc_init_array
                0x00043f78       0x50 c:/siliconlabs/simplicitystudio/v4/developer/toolchains/gnu_arm/4.9_2015q3/bin/../lib/gcc/arm-none-eabi/4.9.3/../../../../arm-none-eabi/lib/armv7e-m/softfp\libc.a(lib_a-init.o)
                0x00043f78                __libc_init_array
 .text.malloc   0x00043fc8       0x10 c:/siliconlabs/simplicitystudio/v4/developer/toolchains/gnu_arm/4.9_2015q3/bin/../lib/gcc/arm-none-eabi/4.9.3/../../../../arm-none-eabi/lib/armv7e-m/softfp\libc.a(lib_a-malloc.o)
                0x00043fc8                malloc
 .text.free     0x00043fd8       0x10 c:/siliconlabs/simplicitystudio/v4/developer/toolchains/gnu_arm/4.9_2015q3/bin/../lib/gcc/arm-none-eabi/4.9.3/../../../../arm-none-eabi/lib/armv7e-m/softfp\libc.a(lib_a-malloc.o)
                0x00043fd8                free
 .text._malloc_r
                0x00043fe8      0x524 c:/siliconlabs/simplicitystudio/v4/developer/toolchains/gnu_arm/4.9_2015q3/bin/../lib/gcc/arm-none-eabi/4.9.3/../../../../arm-none-eabi/lib/armv7e-m/softfp\libc.a(lib_a-mallocr.o)
                0x00043fe8                _malloc_r
 .text.memcmp   0x0004450c       0x64 c:/siliconlabs/simplicitystudio/v4/developer/toolchains/gnu_arm/4.9_2015q3/bin/../lib/gcc/arm-none-eabi/4.9.3/../../../../arm-none-eabi/lib/armv7e-m/softfp\libc.a(lib_a-memcmp.o)
                0x0004450c                memcmp
 .text          0x00044570      0x134 c:/siliconlabs/simplicitystudio/v4/developer/toolchains/gnu_arm/4.9_2015q3/bin/../lib/gcc/arm-none-eabi/4.9.3/../../../../arm-none-eabi/lib/armv7e-m/softfp\libc.a(lib_a-memcpy.o)
                0x00044570                memcpy
 .text.memmove  0x000446a4       0xc8 c:/siliconlabs/simplicitystudio/v4/developer/toolchains/gnu_arm/4.9_2015q3/bin/../lib/gcc/arm-none-eabi/4.9.3/../../../../arm-none-eabi/lib/armv7e-m/softfp\libc.a(lib_a-memmove.o)
                0x000446a4                memmove
 .text.memset   0x0004476c       0x9c c:/siliconlabs/simplicitystudio/v4/developer/toolchains/gnu_arm/4.9_2015q3/bin/../lib/gcc/arm-none-eabi/4.9.3/../../../../arm-none-eabi/lib/armv7e-m/softfp\libc.a(lib_a-memset.o)
                0x0004476c                memset
 .text.__malloc_lock
                0x00044808        0x4 c:/siliconlabs/simplicitystudio/v4/developer/toolchains/gnu_arm/4.9_2015q3/bin/../lib/gcc/arm-none-eabi/4.9.3/../../../../arm-none-eabi/lib/armv7e-m/softfp\libc.a(lib_a-mlock.o)
                0x00044808                __malloc_lock
 .text.__malloc_unlock
                0x0004480c        0x4 c:/siliconlabs/simplicitystudio/v4/developer/toolchains/gnu_arm/4.9_2015q3/bin/../lib/gcc/arm-none-eabi/4.9.3/../../../../arm-none-eabi/lib/armv7e-m/softfp\libc.a(lib_a-mlock.o)
                0x0004480c                __malloc_unlock
 .text.printf   0x00044810       0x28 c:/siliconlabs/simplicitystudio/v4/developer/toolchains/gnu_arm/4.9_2015q3/bin/../lib/gcc/arm-none-eabi/4.9.3/../../../../arm-none-eabi/lib/armv7e-m/softfp\libc.a(lib_a-printf.o)
                0x00044810                printf
 .text._sbrk_r  0x00044838       0x24 c:/siliconlabs/simplicitystudio/v4/developer/toolchains/gnu_arm/4.9_2015q3/bin/../lib/gcc/arm-none-eabi/4.9.3/../../../../arm-none-eabi/lib/armv7e-m/softfp\libc.a(lib_a-sbrkr.o)
                0x00044838                _sbrk_r
 .text.setvbuf  0x0004485c       0xf8 c:/siliconlabs/simplicitystudio/v4/developer/toolchains/gnu_arm/4.9_2015q3/bin/../lib/gcc/arm-none-eabi/4.9.3/../../../../arm-none-eabi/lib/armv7e-m/softfp\libc.a(lib_a-setvbuf.o)
                0x0004485c                setvbuf
 .text.sprintf  0x00044954       0x4c c:/siliconlabs/simplicitystudio/v4/developer/toolchains/gnu_arm/4.9_2015q3/bin/../lib/gcc/arm-none-eabi/4.9.3/../../../../arm-none-eabi/lib/armv7e-m/softfp\libc.a(lib_a-sprintf.o)
                0x00044954                sprintf
 .text.strcat   0x000449a0       0x40 c:/siliconlabs/simplicitystudio/v4/developer/toolchains/gnu_arm/4.9_2015q3/bin/../lib/gcc/arm-none-eabi/4.9.3/../../../../arm-none-eabi/lib/armv7e-m/softfp\libc.a(lib_a-strcat.o)
                0x000449a0                strcat
 .text          0x000449e0      0x2dc c:/siliconlabs/simplicitystudio/v4/developer/toolchains/gnu_arm/4.9_2015q3/bin/../lib/gcc/arm-none-eabi/4.9.3/../../../../arm-none-eabi/lib/armv7e-m/softfp\libc.a(lib_a-strcmp.o)
                0x000449e8                strcmp
 .text.strcpy   0x00044cbc       0xbc c:/siliconlabs/simplicitystudio/v4/developer/toolchains/gnu_arm/4.9_2015q3/bin/../lib/gcc/arm-none-eabi/4.9.3/../../../../arm-none-eabi/lib/armv7e-m/softfp\libc.a(lib_a-strcpy.o)
                0x00044cbc                strcpy
 .text.strlen   0x00044d78       0x5c c:/siliconlabs/simplicitystudio/v4/developer/toolchains/gnu_arm/4.9_2015q3/bin/../lib/gcc/arm-none-eabi/4.9.3/../../../../arm-none-eabi/lib/armv7e-m/softfp\libc.a(lib_a-strlen.o)
                0x00044d78                strlen
 *fill*         0x00044dd4        0x4 
 .text._svfprintf_r
                0x00044dd8     0x14d0 c:/siliconlabs/simplicitystudio/v4/developer/toolchains/gnu_arm/4.9_2015q3/bin/../lib/gcc/arm-none-eabi/4.9.3/../../../../arm-none-eabi/lib/armv7e-m/softfp\libc.a(lib_a-svfprintf.o)
                0x00044dd8                _svfprintf_r
 .text._vfprintf_r
                0x000462a8     0x1428 c:/siliconlabs/simplicitystudio/v4/developer/toolchains/gnu_arm/4.9_2015q3/bin/../lib/gcc/arm-none-eabi/4.9.3/../../../../arm-none-eabi/lib/armv7e-m/softfp\libc.a(lib_a-vfprintf.o)
                0x000462a8                _vfprintf_r
 .text.__sbprintf
                0x000476d0       0x78 c:/siliconlabs/simplicitystudio/v4/developer/toolchains/gnu_arm/4.9_2015q3/bin/../lib/gcc/arm-none-eabi/4.9.3/../../../../arm-none-eabi/lib/armv7e-m/softfp\libc.a(lib_a-vfprintf.o)
 .text.__swsetup_r
                0x00047748       0xc4 c:/siliconlabs/simplicitystudio/v4/developer/toolchains/gnu_arm/4.9_2015q3/bin/../lib/gcc/arm-none-eabi/4.9.3/../../../../arm-none-eabi/lib/armv7e-m/softfp\libc.a(lib_a-wsetup.o)
                0x00047748                __swsetup_r
 .text.startup.register_fini
                0x0004780c       0x14 c:/siliconlabs/simplicitystudio/v4/developer/toolchains/gnu_arm/4.9_2015q3/bin/../lib/gcc/arm-none-eabi/4.9.3/../../../../arm-none-eabi/lib/armv7e-m/softfp\libc.a(lib_a-__call_atexit.o)
 .text.__call_exitprocs
                0x00047820       0xd4 c:/siliconlabs/simplicitystudio/v4/developer/toolchains/gnu_arm/4.9_2015q3/bin/../lib/gcc/arm-none-eabi/4.9.3/../../../../arm-none-eabi/lib/armv7e-m/softfp\libc.a(lib_a-__call_atexit.o)
                0x00047820                __call_exitprocs
 .text.atexit   0x000478f4        0xc c:/siliconlabs/simplicitystudio/v4/developer/toolchains/gnu_arm/4.9_2015q3/bin/../lib/gcc/arm-none-eabi/4.9.3/../../../../arm-none-eabi/lib/armv7e-m/softfp\libc.a(lib_a-atexit.o)
                0x000478f4                atexit
 .text.quorem   0x00047900      0x12c c:/siliconlabs/simplicitystudio/v4/developer/toolchains/gnu_arm/4.9_2015q3/bin/../lib/gcc/arm-none-eabi/4.9.3/../../../../arm-none-eabi/lib/armv7e-m/softfp\libc.a(lib_a-dtoa.o)
 *fill*         0x00047a2c        0x4 
 .text._dtoa_r  0x00047a30      0xe90 c:/siliconlabs/simplicitystudio/v4/developer/toolchains/gnu_arm/4.9_2015q3/bin/../lib/gcc/arm-none-eabi/4.9.3/../../../../arm-none-eabi/lib/armv7e-m/softfp\libc.a(lib_a-dtoa.o)
                0x00047a30                _dtoa_r
 .text.__sflush_r
                0x000488c0      0x154 c:/siliconlabs/simplicitystudio/v4/developer/toolchains/gnu_arm/4.9_2015q3/bin/../lib/gcc/arm-none-eabi/4.9.3/../../../../arm-none-eabi/lib/armv7e-m/softfp\libc.a(lib_a-fflush.o)
                0x000488c0                __sflush_r
 .text._fflush_r
                0x00048a14       0x2c c:/siliconlabs/simplicitystudio/v4/developer/toolchains/gnu_arm/4.9_2015q3/bin/../lib/gcc/arm-none-eabi/4.9.3/../../../../arm-none-eabi/lib/armv7e-m/softfp\libc.a(lib_a-fflush.o)
                0x00048a14                _fflush_r
 .text._cleanup_r
                0x00048a40        0xc c:/siliconlabs/simplicitystudio/v4/developer/toolchains/gnu_arm/4.9_2015q3/bin/../lib/gcc/arm-none-eabi/4.9.3/../../../../arm-none-eabi/lib/armv7e-m/softfp\libc.a(lib_a-findfp.o)
                0x00048a40                _cleanup_r
 .text.__sinit.part.1
                0x00048a4c       0xf0 c:/siliconlabs/simplicitystudio/v4/developer/toolchains/gnu_arm/4.9_2015q3/bin/../lib/gcc/arm-none-eabi/4.9.3/../../../../arm-none-eabi/lib/armv7e-m/softfp\libc.a(lib_a-findfp.o)
 .text.__sinit  0x00048b3c        0xc c:/siliconlabs/simplicitystudio/v4/developer/toolchains/gnu_arm/4.9_2015q3/bin/../lib/gcc/arm-none-eabi/4.9.3/../../../../arm-none-eabi/lib/armv7e-m/softfp\libc.a(lib_a-findfp.o)
                0x00048b3c                __sinit
 .text.__sfp_lock_acquire
                0x00048b48        0x4 c:/siliconlabs/simplicitystudio/v4/developer/toolchains/gnu_arm/4.9_2015q3/bin/../lib/gcc/arm-none-eabi/4.9.3/../../../../arm-none-eabi/lib/armv7e-m/softfp\libc.a(lib_a-findfp.o)
                0x00048b48                __sfp_lock_acquire
 .text.__sfp_lock_release
                0x00048b4c        0x4 c:/siliconlabs/simplicitystudio/v4/developer/toolchains/gnu_arm/4.9_2015q3/bin/../lib/gcc/arm-none-eabi/4.9.3/../../../../arm-none-eabi/lib/armv7e-m/softfp\libc.a(lib_a-findfp.o)
                0x00048b4c                __sfp_lock_release
 .text.__libc_fini_array
                0x00048b50       0x2c c:/siliconlabs/simplicitystudio/v4/developer/toolchains/gnu_arm/4.9_2015q3/bin/../lib/gcc/arm-none-eabi/4.9.3/../../../../arm-none-eabi/lib/armv7e-m/softfp\libc.a(lib_a-fini.o)
                0x00048b50                __libc_fini_array
 .text._malloc_trim_r
                0x00048b7c       0x9c c:/siliconlabs/simplicitystudio/v4/developer/toolchains/gnu_arm/4.9_2015q3/bin/../lib/gcc/arm-none-eabi/4.9.3/../../../../arm-none-eabi/lib/armv7e-m/softfp\libc.a(lib_a-freer.o)
                0x00048b7c                _malloc_trim_r
 .text._free_r  0x00048c18      0x1b0 c:/siliconlabs/simplicitystudio/v4/developer/toolchains/gnu_arm/4.9_2015q3/bin/../lib/gcc/arm-none-eabi/4.9.3/../../../../arm-none-eabi/lib/armv7e-m/softfp\libc.a(lib_a-freer.o)
                0x00048c18                _free_r
 .text._fwalk_reent
                0x00048dc8       0x54 c:/siliconlabs/simplicitystudio/v4/developer/toolchains/gnu_arm/4.9_2015q3/bin/../lib/gcc/arm-none-eabi/4.9.3/../../../../arm-none-eabi/lib/armv7e-m/softfp\libc.a(lib_a-fwalk.o)
                0x00048dc8                _fwalk_reent
 .text.__locale_charset
                0x00048e1c        0x8 c:/siliconlabs/simplicitystudio/v4/developer/toolchains/gnu_arm/4.9_2015q3/bin/../lib/gcc/arm-none-eabi/4.9.3/../../../../arm-none-eabi/lib/armv7e-m/softfp\libc.a(lib_a-locale.o)
                0x00048e1c                __locale_charset
 .text.__locale_mb_cur_max
                0x00048e24        0xc c:/siliconlabs/simplicitystudio/v4/developer/toolchains/gnu_arm/4.9_2015q3/bin/../lib/gcc/arm-none-eabi/4.9.3/../../../../arm-none-eabi/lib/armv7e-m/softfp\libc.a(lib_a-locale.o)
                0x00048e24                __locale_mb_cur_max
 .text._localeconv_r
                0x00048e30        0x8 c:/siliconlabs/simplicitystudio/v4/developer/toolchains/gnu_arm/4.9_2015q3/bin/../lib/gcc/arm-none-eabi/4.9.3/../../../../arm-none-eabi/lib/armv7e-m/softfp\libc.a(lib_a-locale.o)
                0x00048e30                _localeconv_r
 .text.__smakebuf_r
                0x00048e38       0xe0 c:/siliconlabs/simplicitystudio/v4/developer/toolchains/gnu_arm/4.9_2015q3/bin/../lib/gcc/arm-none-eabi/4.9.3/../../../../arm-none-eabi/lib/armv7e-m/softfp\libc.a(lib_a-makebuf.o)
                0x00048e38                __smakebuf_r
 .text.memchr   0x00048f18       0x94 c:/siliconlabs/simplicitystudio/v4/developer/toolchains/gnu_arm/4.9_2015q3/bin/../lib/gcc/arm-none-eabi/4.9.3/../../../../arm-none-eabi/lib/armv7e-m/softfp\libc.a(lib_a-memchr.o)
                0x00048f18                memchr
 .text._Balloc  0x00048fac       0x4c c:/siliconlabs/simplicitystudio/v4/developer/toolchains/gnu_arm/4.9_2015q3/bin/../lib/gcc/arm-none-eabi/4.9.3/../../../../arm-none-eabi/lib/armv7e-m/softfp\libc.a(lib_a-mprec.o)
                0x00048fac                _Balloc
 .text._Bfree   0x00048ff8       0x14 c:/siliconlabs/simplicitystudio/v4/developer/toolchains/gnu_arm/4.9_2015q3/bin/../lib/gcc/arm-none-eabi/4.9.3/../../../../arm-none-eabi/lib/armv7e-m/softfp\libc.a(lib_a-mprec.o)
                0x00048ff8                _Bfree
 .text.__multadd
                0x0004900c       0x84 c:/siliconlabs/simplicitystudio/v4/developer/toolchains/gnu_arm/4.9_2015q3/bin/../lib/gcc/arm-none-eabi/4.9.3/../../../../arm-none-eabi/lib/armv7e-m/softfp\libc.a(lib_a-mprec.o)
                0x0004900c                __multadd
 .text.__hi0bits
                0x00049090       0x40 c:/siliconlabs/simplicitystudio/v4/developer/toolchains/gnu_arm/4.9_2015q3/bin/../lib/gcc/arm-none-eabi/4.9.3/../../../../arm-none-eabi/lib/armv7e-m/softfp\libc.a(lib_a-mprec.o)
                0x00049090                __hi0bits
 .text.__lo0bits
                0x000490d0       0x5c c:/siliconlabs/simplicitystudio/v4/developer/toolchains/gnu_arm/4.9_2015q3/bin/../lib/gcc/arm-none-eabi/4.9.3/../../../../arm-none-eabi/lib/armv7e-m/softfp\libc.a(lib_a-mprec.o)
                0x000490d0                __lo0bits
 .text.__i2b    0x0004912c       0x14 c:/siliconlabs/simplicitystudio/v4/developer/toolchains/gnu_arm/4.9_2015q3/bin/../lib/gcc/arm-none-eabi/4.9.3/../../../../arm-none-eabi/lib/armv7e-m/softfp\libc.a(lib_a-mprec.o)
                0x0004912c                __i2b
 .text.__multiply
                0x00049140      0x134 c:/siliconlabs/simplicitystudio/v4/developer/toolchains/gnu_arm/4.9_2015q3/bin/../lib/gcc/arm-none-eabi/4.9.3/../../../../arm-none-eabi/lib/armv7e-m/softfp\libc.a(lib_a-mprec.o)
                0x00049140                __multiply
 .text.__pow5mult
                0x00049274       0xa0 c:/siliconlabs/simplicitystudio/v4/developer/toolchains/gnu_arm/4.9_2015q3/bin/../lib/gcc/arm-none-eabi/4.9.3/../../../../arm-none-eabi/lib/armv7e-m/softfp\libc.a(lib_a-mprec.o)
                0x00049274                __pow5mult
 .text.__lshift
                0x00049314       0xac c:/siliconlabs/simplicitystudio/v4/developer/toolchains/gnu_arm/4.9_2015q3/bin/../lib/gcc/arm-none-eabi/4.9.3/../../../../arm-none-eabi/lib/armv7e-m/softfp\libc.a(lib_a-mprec.o)
                0x00049314                __lshift
 .text.__mcmp   0x000493c0       0x48 c:/siliconlabs/simplicitystudio/v4/developer/toolchains/gnu_arm/4.9_2015q3/bin/../lib/gcc/arm-none-eabi/4.9.3/../../../../arm-none-eabi/lib/armv7e-m/softfp\libc.a(lib_a-mprec.o)
                0x000493c0                __mcmp
 .text.__mdiff  0x00049408       0xd4 c:/siliconlabs/simplicitystudio/v4/developer/toolchains/gnu_arm/4.9_2015q3/bin/../lib/gcc/arm-none-eabi/4.9.3/../../../../arm-none-eabi/lib/armv7e-m/softfp\libc.a(lib_a-mprec.o)
                0x00049408                __mdiff
 .text.__d2b    0x000494dc       0xb8 c:/siliconlabs/simplicitystudio/v4/developer/toolchains/gnu_arm/4.9_2015q3/bin/../lib/gcc/arm-none-eabi/4.9.3/../../../../arm-none-eabi/lib/armv7e-m/softfp\libc.a(lib_a-mprec.o)
                0x000494dc                __d2b
 .text.__fpclassifyd
                0x00049594       0x58 c:/siliconlabs/simplicitystudio/v4/developer/toolchains/gnu_arm/4.9_2015q3/bin/../lib/gcc/arm-none-eabi/4.9.3/../../../../arm-none-eabi/lib/armv7e-m/softfp\libc.a(lib_a-s_fpclassify.o)
                0x00049594                __fpclassifyd
 .text.__sread  0x000495ec       0x24 c:/siliconlabs/simplicitystudio/v4/developer/toolchains/gnu_arm/4.9_2015q3/bin/../lib/gcc/arm-none-eabi/4.9.3/../../../../arm-none-eabi/lib/armv7e-m/softfp\libc.a(lib_a-stdio.o)
                0x000495ec                __sread
 .text.__swrite
                0x00049610       0x38 c:/siliconlabs/simplicitystudio/v4/developer/toolchains/gnu_arm/4.9_2015q3/bin/../lib/gcc/arm-none-eabi/4.9.3/../../../../arm-none-eabi/lib/armv7e-m/softfp\libc.a(lib_a-stdio.o)
                0x00049610                __swrite
 .text.__sseek  0x00049648       0x20 c:/siliconlabs/simplicitystudio/v4/developer/toolchains/gnu_arm/4.9_2015q3/bin/../lib/gcc/arm-none-eabi/4.9.3/../../../../arm-none-eabi/lib/armv7e-m/softfp\libc.a(lib_a-stdio.o)
                0x00049648                __sseek
 .text.__sclose
                0x00049668        0x8 c:/siliconlabs/simplicitystudio/v4/developer/toolchains/gnu_arm/4.9_2015q3/bin/../lib/gcc/arm-none-eabi/4.9.3/../../../../arm-none-eabi/lib/armv7e-m/softfp\libc.a(lib_a-stdio.o)
                0x00049668                __sclose
 .text.__ssprint_r
                0x00049670      0x104 c:/siliconlabs/simplicitystudio/v4/developer/toolchains/gnu_arm/4.9_2015q3/bin/../lib/gcc/arm-none-eabi/4.9.3/../../../../arm-none-eabi/lib/armv7e-m/softfp\libc.a(lib_a-svfiprintf.o)
                0x00049670                __ssprint_r
 .text.__sprint_r.part.0
                0x00049774       0x78 c:/siliconlabs/simplicitystudio/v4/developer/toolchains/gnu_arm/4.9_2015q3/bin/../lib/gcc/arm-none-eabi/4.9.3/../../../../arm-none-eabi/lib/armv7e-m/softfp\libc.a(lib_a-vfiprintf.o)
 .text.__sprint_r
                0x000497ec       0x18 c:/siliconlabs/simplicitystudio/v4/developer/toolchains/gnu_arm/4.9_2015q3/bin/../lib/gcc/arm-none-eabi/4.9.3/../../../../arm-none-eabi/lib/armv7e-m/softfp\libc.a(lib_a-vfiprintf.o)
                0x000497ec                __sprint_r
 .text._write_r
                0x00049804       0x28 c:/siliconlabs/simplicitystudio/v4/developer/toolchains/gnu_arm/4.9_2015q3/bin/../lib/gcc/arm-none-eabi/4.9.3/../../../../arm-none-eabi/lib/armv7e-m/softfp\libc.a(lib_a-writer.o)
                0x00049804                _write_r
 .text.__register_exitproc
                0x0004982c       0xa4 c:/siliconlabs/simplicitystudio/v4/developer/toolchains/gnu_arm/4.9_2015q3/bin/../lib/gcc/arm-none-eabi/4.9.3/../../../../arm-none-eabi/lib/armv7e-m/softfp\libc.a(lib_a-__atexit.o)
                0x0004982c                __register_exitproc
 .text._calloc_r
                0x000498d0       0x60 c:/siliconlabs/simplicitystudio/v4/developer/toolchains/gnu_arm/4.9_2015q3/bin/../lib/gcc/arm-none-eabi/4.9.3/../../../../arm-none-eabi/lib/armv7e-m/softfp\libc.a(lib_a-callocr.o)
                0x000498d0                _calloc_r
 .text._close_r
                0x00049930       0x24 c:/siliconlabs/simplicitystudio/v4/developer/toolchains/gnu_arm/4.9_2015q3/bin/../lib/gcc/arm-none-eabi/4.9.3/../../../../arm-none-eabi/lib/armv7e-m/softfp\libc.a(lib_a-closer.o)
                0x00049930                _close_r
 .text._fclose_r
                0x00049954       0x84 c:/siliconlabs/simplicitystudio/v4/developer/toolchains/gnu_arm/4.9_2015q3/bin/../lib/gcc/arm-none-eabi/4.9.3/../../../../arm-none-eabi/lib/armv7e-m/softfp\libc.a(lib_a-fclose.o)
                0x00049954                _fclose_r
 .text.__fputwc
                0x000499d8       0xb0 c:/siliconlabs/simplicitystudio/v4/developer/toolchains/gnu_arm/4.9_2015q3/bin/../lib/gcc/arm-none-eabi/4.9.3/../../../../arm-none-eabi/lib/armv7e-m/softfp\libc.a(lib_a-fputwc.o)
                0x000499d8                __fputwc
 .text._fputwc_r
                0x00049a88       0x24 c:/siliconlabs/simplicitystudio/v4/developer/toolchains/gnu_arm/4.9_2015q3/bin/../lib/gcc/arm-none-eabi/4.9.3/../../../../arm-none-eabi/lib/armv7e-m/softfp\libc.a(lib_a-fputwc.o)
                0x00049a88                _fputwc_r
 .text._fstat_r
                0x00049aac       0x28 c:/siliconlabs/simplicitystudio/v4/developer/toolchains/gnu_arm/4.9_2015q3/bin/../lib/gcc/arm-none-eabi/4.9.3/../../../../arm-none-eabi/lib/armv7e-m/softfp\libc.a(lib_a-fstatr.o)
                0x00049aac                _fstat_r
 .text.__sfvwrite_r
                0x00049ad4      0x318 c:/siliconlabs/simplicitystudio/v4/developer/toolchains/gnu_arm/4.9_2015q3/bin/../lib/gcc/arm-none-eabi/4.9.3/../../../../arm-none-eabi/lib/armv7e-m/softfp\libc.a(lib_a-fvwrite.o)
                0x00049ad4                __sfvwrite_r
 .text._isatty_r
                0x00049dec       0x24 c:/siliconlabs/simplicitystudio/v4/developer/toolchains/gnu_arm/4.9_2015q3/bin/../lib/gcc/arm-none-eabi/4.9.3/../../../../arm-none-eabi/lib/armv7e-m/softfp\libc.a(lib_a-isattyr.o)
                0x00049dec                _isatty_r
 .text._lseek_r
                0x00049e10       0x28 c:/siliconlabs/simplicitystudio/v4/developer/toolchains/gnu_arm/4.9_2015q3/bin/../lib/gcc/arm-none-eabi/4.9.3/../../../../arm-none-eabi/lib/armv7e-m/softfp\libc.a(lib_a-lseekr.o)
                0x00049e10                _lseek_r
 .text._read_r  0x00049e38       0x28 c:/siliconlabs/simplicitystudio/v4/developer/toolchains/gnu_arm/4.9_2015q3/bin/../lib/gcc/arm-none-eabi/4.9.3/../../../../arm-none-eabi/lib/armv7e-m/softfp\libc.a(lib_a-readr.o)
                0x00049e38                _read_r
 .text._realloc_r
                0x00049e60      0x3ec c:/siliconlabs/simplicitystudio/v4/developer/toolchains/gnu_arm/4.9_2015q3/bin/../lib/gcc/arm-none-eabi/4.9.3/../../../../arm-none-eabi/lib/armv7e-m/softfp\libc.a(lib_a-reallocr.o)
                0x00049e60                _realloc_r
 .text.__swbuf_r
                0x0004a24c       0xa8 c:/siliconlabs/simplicitystudio/v4/developer/toolchains/gnu_arm/4.9_2015q3/bin/../lib/gcc/arm-none-eabi/4.9.3/../../../../arm-none-eabi/lib/armv7e-m/softfp\libc.a(lib_a-wbuf.o)
                0x0004a24c                __swbuf_r
 .text._wcrtomb_r
                0x0004a2f4       0x54 c:/siliconlabs/simplicitystudio/v4/developer/toolchains/gnu_arm/4.9_2015q3/bin/../lib/gcc/arm-none-eabi/4.9.3/../../../../arm-none-eabi/lib/armv7e-m/softfp\libc.a(lib_a-wcrtomb.o)
                0x0004a2f4                _wcrtomb_r
 .text.__ascii_wctomb
                0x0004a348       0x1c c:/siliconlabs/simplicitystudio/v4/developer/toolchains/gnu_arm/4.9_2015q3/bin/../lib/gcc/arm-none-eabi/4.9.3/../../../../arm-none-eabi/lib/armv7e-m/softfp\libc.a(lib_a-wctomb_r.o)
                0x0004a348                __ascii_wctomb
 .text          0x0004a364      0x370 c:/siliconlabs/simplicitystudio/v4/developer/toolchains/gnu_arm/4.9_2015q3/bin/../lib/gcc/arm-none-eabi/4.9.3/armv7e-m/softfp\libgcc.a(_arm_addsubdf3.o)
                0x0004a364                __aeabi_drsub
                0x0004a36c                __aeabi_dsub
                0x0004a36c                __subdf3
                0x0004a370                __aeabi_dadd
                0x0004a370                __adddf3
                0x0004a5e8                __floatunsidf
                0x0004a5e8                __aeabi_ui2d
                0x0004a608                __floatsidf
                0x0004a608                __aeabi_i2d
                0x0004a62c                __aeabi_f2d
                0x0004a62c                __extendsfdf2
                0x0004a668                __floatundidf
                0x0004a668                __aeabi_ul2d
                0x0004a678                __floatdidf
                0x0004a678                __aeabi_l2d
 .text          0x0004a6d4      0x424 c:/siliconlabs/simplicitystudio/v4/developer/toolchains/gnu_arm/4.9_2015q3/bin/../lib/gcc/arm-none-eabi/4.9.3/armv7e-m/softfp\libgcc.a(_arm_muldivdf3.o)
                0x0004a6d4                __aeabi_dmul
                0x0004a6d4                __muldf3
                0x0004a928                __divdf3
                0x0004a928                __aeabi_ddiv
 .text          0x0004aaf8      0x110 c:/siliconlabs/simplicitystudio/v4/developer/toolchains/gnu_arm/4.9_2015q3/bin/../lib/gcc/arm-none-eabi/4.9.3/armv7e-m/softfp\libgcc.a(_arm_cmpdf2.o)
                0x0004aaf8                __gtdf2
                0x0004aaf8                __gedf2
                0x0004ab00                __ltdf2
                0x0004ab00                __ledf2
                0x0004ab08                __nedf2
                0x0004ab08                __eqdf2
                0x0004ab08                __cmpdf2
                0x0004ab84                __aeabi_cdrcmple
                0x0004ab94                __aeabi_cdcmpeq
                0x0004ab94                __aeabi_cdcmple
                0x0004aba4                __aeabi_dcmpeq
                0x0004abb8                __aeabi_dcmplt
                0x0004abcc                __aeabi_dcmple
                0x0004abe0                __aeabi_dcmpge
                0x0004abf4                __aeabi_dcmpgt
 .text          0x0004ac08       0x50 c:/siliconlabs/simplicitystudio/v4/developer/toolchains/gnu_arm/4.9_2015q3/bin/../lib/gcc/arm-none-eabi/4.9.3/armv7e-m/softfp\libgcc.a(_arm_fixdfsi.o)
                0x0004ac08                __aeabi_d2iz
                0x0004ac08                __fixdfsi
 *(.init)
 .init          0x0004ac58        0x4 c:/siliconlabs/simplicitystudio/v4/developer/toolchains/gnu_arm/4.9_2015q3/bin/../lib/gcc/arm-none-eabi/4.9.3/armv7e-m/softfp/crti.o
                0x0004ac58                _init
 .init          0x0004ac5c        0x8 c:/siliconlabs/simplicitystudio/v4/developer/toolchains/gnu_arm/4.9_2015q3/bin/../lib/gcc/arm-none-eabi/4.9.3/armv7e-m/softfp/crtn.o
 *(.fini)
 .fini          0x0004ac64        0x4 c:/siliconlabs/simplicitystudio/v4/developer/toolchains/gnu_arm/4.9_2015q3/bin/../lib/gcc/arm-none-eabi/4.9.3/armv7e-m/softfp/crti.o
                0x0004ac64                _fini
 .fini          0x0004ac68        0x8 c:/siliconlabs/simplicitystudio/v4/developer/toolchains/gnu_arm/4.9_2015q3/bin/../lib/gcc/arm-none-eabi/4.9.3/armv7e-m/softfp/crtn.o
 .fini.__stub   0x0004ac70       0x20 linker stubs
 *crtbegin.o(.ctors)
 *crtbegin?.o(.ctors)
 *(EXCLUDE_FILE(*crtend.o *crtend?.o) .ctors)
 *(SORT(.ctors.*))
 *(.ctors)
 *crtbegin.o(.dtors)
 *crtbegin?.o(.dtors)
 *(EXCLUDE_FILE(*crtend.o *crtend?.o) .dtors)
 *(SORT(.dtors.*))
 *(.dtors)
 *(.rodata*)
 .rodata.__mesh_dcd
                0x0004ac90       0x1a ./dcd_switch.o
                0x0004ac90                __mesh_dcd
 *fill*         0x0004acaa        0x2 
 .rodata.__mesh_dcd_len
                0x0004acac        0x4 ./dcd_switch.o
                0x0004acac                __mesh_dcd_len
 .rodata.config
                0x0004acb0       0x38 ./main.o
                0x0004acb0                config
 .rodata.str1.4
                0x0004ace8      0x8bc ./main.o
                                0x8c8 (size before relaxing)
 .rodata        0x0004b5a4       0x14 ./pti.o
 .rodata.CSWTCH.50
                0x0004b5b8        0x5 ./emlib/em_cmu.o
 *fill*         0x0004b5bd        0x3 
 .rodata.CSWTCH.51
                0x0004b5c0        0x5 ./emlib/em_cmu.o
 *fill*         0x0004b5c5        0x3 
 .rodata.CSWTCH.52
                0x0004b5c8        0x5 ./emlib/em_cmu.o
 *fill*         0x0004b5cd        0x3 
 .rodata.CSWTCH.49
                0x0004b5d0        0x3 ./emlib/em_cmu.o
 *fill*         0x0004b5d3        0x1 
 .rodata.flashWsTable
                0x0004b5d4       0x28 ./emlib/em_cmu.o
 .rodata.resetCauseMasks
                0x0004b5fc       0x48 ./emlib/em_rmu.o
 .rodata.GLIB_FontNormal8x8
                0x0004b644       0x10 ./glib/BRD4104A/glib_font_normal_8x8.o
                0x0004b644                GLIB_FontNormal8x8
 .rodata.GLIB_FontNormal8x8PixMap
                0x0004b654      0x320 ./glib/BRD4104A/glib_font_normal_8x8.o
 .rodata        0x0004b974        0x9 ./kit/BRD4104A/udelay.o
 *fill*         0x0004b97d        0x3 
 .rodata        0x0004b980       0x18 ./kit_flashpwr/BRD4104A/mx25flash_spi.o
 .rodata.str1.4
                0x0004b998       0x15 ./kit_lcd/BRD4104A/displayls013b7dh03.o
 *fill*         0x0004b9ad        0x3 
 .rodata        0x0004b9b0       0x18 ./kit_lcd/BRD4104A/displaypalemlib.o
 .rodata        0x0004b9c8       0x1c ./serial_vcom/retargetserial.o
 .rodata        0x0004b9e4       0x31 ./src/InitDevice.o
 *fill*         0x0004ba15        0x3 
 .rodata        0x0004ba18        0xc ./src/adc0.o
 .rodata        0x0004ba24       0x10 ./stack/bt_mesh_stack/mesh_lib.o
 *fill*         0x0004ba34        0x4 
 .rodata        0x0004ba38     0x26a8 C:/SiliconLabs/SimplicityStudio/v4/developer/sdks/blemesh/v1.1//protocol/bluetooth_dev/lib/EFR32XG13X/GCC/\libbluetooth_mesh.a
 .rodata.str1.1
                0x0004e0e0      0x359 C:/SiliconLabs/SimplicityStudio/v4/developer/sdks/blemesh/v1.1//protocol/bluetooth_dev/lib/EFR32XG13X/GCC/\libbluetooth_mesh.a
                                0x46c (size before relaxing)
 *fill*         0x0004e439        0x1 
 .rodata.ll_timingEfr32xg13Timing
                0x0004e43a       0x28 C:/SiliconLabs/SimplicityStudio/v4/developer/sdks/blemesh/v1.1//protocol/bluetooth_dev/lib/EFR32XG13X/GCC/\libbluetooth_mesh.a
 *fill*         0x0004e462        0x2 
 .rodata.ll_radioScaToPpm
                0x0004e464       0x24 C:/SiliconLabs/SimplicityStudio/v4/developer/sdks/blemesh/v1.1//protocol/bluetooth_dev/lib/EFR32XG13X/GCC/\libbluetooth_mesh.a
 .rodata.ble_1M_irCalConfig
                0x0004e488       0x19 C:/SiliconLabs/SimplicityStudio/v4/developer/sdks/blemesh/v1.1//protocol/bluetooth_dev/lib/EFR32XG13X/GCC/\libbluetooth_mesh.a
 *fill*         0x0004e4a1        0x3 
 .rodata.ble_1M_timing
                0x0004e4a4       0x18 C:/SiliconLabs/SimplicityStudio/v4/developer/sdks/blemesh/v1.1//protocol/bluetooth_dev/lib/EFR32XG13X/GCC/\libbluetooth_mesh.a
 *fill*         0x0004e4bc       0x44 
 .rodata.genericSeqProg
                0x0004e500     0x115c C:/SiliconLabs/SimplicityStudio/v4/developer/sdks/blemesh/v1.1//protocol/bluetooth_dev/lib/EFR32XG13X/GCC/\libbluetooth_mesh.a
 .rodata.mbedtls_cipher_definitions
                0x0004f65c       0x50 C:/SiliconLabs/SimplicityStudio/v4/developer/sdks/blemesh/v1.1//protocol/bluetooth_dev/lib/EFR32XG13X/GCC/\libbluetooth_mesh.a
 .rodata.curvesSgDcdc
                0x0004f6ac        0x8 C:/SiliconLabs/SimplicityStudio/v4/developer/sdks/blemesh/v1.1//protocol/bluetooth_dev/lib/EFR32XG13X/GCC/\libbluetooth_mesh.a
 .rodata.curvesSgVbat
                0x0004f6b4        0x8 C:/SiliconLabs/SimplicityStudio/v4/developer/sdks/blemesh/v1.1//protocol/bluetooth_dev/lib/EFR32XG13X/GCC/\libbluetooth_mesh.a
 .rodata.curves24LpVbat
                0x0004f6bc        0xe C:/SiliconLabs/SimplicityStudio/v4/developer/sdks/blemesh/v1.1//protocol/bluetooth_dev/lib/EFR32XG13X/GCC/\libbluetooth_mesh.a
 *fill*         0x0004f6ca        0x2 
 .rodata.curves24HpVbat
                0x0004f6cc        0x8 C:/SiliconLabs/SimplicityStudio/v4/developer/sdks/blemesh/v1.1//protocol/bluetooth_dev/lib/EFR32XG13X/GCC/\libbluetooth_mesh.a
 .rodata.curves24LpDcdc
                0x0004f6d4        0xe C:/SiliconLabs/SimplicityStudio/v4/developer/sdks/blemesh/v1.1//protocol/bluetooth_dev/lib/EFR32XG13X/GCC/\libbluetooth_mesh.a
 *fill*         0x0004f6e2        0x2 
 .rodata.curves24HpDcdc
                0x0004f6e4        0x8 C:/SiliconLabs/SimplicityStudio/v4/developer/sdks/blemesh/v1.1//protocol/bluetooth_dev/lib/EFR32XG13X/GCC/\libbluetooth_mesh.a
 .rodata.str1.4
                0x0004f6ec        0x2 c:/siliconlabs/simplicitystudio/v4/developer/toolchains/gnu_arm/4.9_2015q3/bin/../lib/gcc/arm-none-eabi/4.9.3/../../../../arm-none-eabi/lib/armv7e-m/softfp\libc.a(lib_a-impure.o)
 *fill*         0x0004f6ee        0x2 
 .rodata._global_impure_ptr
                0x0004f6f0        0x4 c:/siliconlabs/simplicitystudio/v4/developer/toolchains/gnu_arm/4.9_2015q3/bin/../lib/gcc/arm-none-eabi/4.9.3/../../../../arm-none-eabi/lib/armv7e-m/softfp\libc.a(lib_a-impure.o)
                0x0004f6f0                _global_impure_ptr
 .rodata.zeroes.6911
                0x0004f6f4       0x10 c:/siliconlabs/simplicitystudio/v4/developer/toolchains/gnu_arm/4.9_2015q3/bin/../lib/gcc/arm-none-eabi/4.9.3/../../../../arm-none-eabi/lib/armv7e-m/softfp\libc.a(lib_a-svfprintf.o)
 .rodata.blanks.6910
                0x0004f704       0x10 c:/siliconlabs/simplicitystudio/v4/developer/toolchains/gnu_arm/4.9_2015q3/bin/../lib/gcc/arm-none-eabi/4.9.3/../../../../arm-none-eabi/lib/armv7e-m/softfp\libc.a(lib_a-svfprintf.o)
 .rodata.str1.4
                0x0004f714       0x42 c:/siliconlabs/simplicitystudio/v4/developer/toolchains/gnu_arm/4.9_2015q3/bin/../lib/gcc/arm-none-eabi/4.9.3/../../../../arm-none-eabi/lib/armv7e-m/softfp\libc.a(lib_a-svfprintf.o)
 *fill*         0x0004f756        0x2 
 .rodata.zeroes.6926
                0x0004f758       0x10 c:/siliconlabs/simplicitystudio/v4/developer/toolchains/gnu_arm/4.9_2015q3/bin/../lib/gcc/arm-none-eabi/4.9.3/../../../../arm-none-eabi/lib/armv7e-m/softfp\libc.a(lib_a-vfprintf.o)
 .rodata.str1.4
                0x00000000       0x42 c:/siliconlabs/simplicitystudio/v4/developer/toolchains/gnu_arm/4.9_2015q3/bin/../lib/gcc/arm-none-eabi/4.9.3/../../../../arm-none-eabi/lib/armv7e-m/softfp\libc.a(lib_a-vfprintf.o)
 .rodata.blanks.6925
                0x0004f768       0x10 c:/siliconlabs/simplicitystudio/v4/developer/toolchains/gnu_arm/4.9_2015q3/bin/../lib/gcc/arm-none-eabi/4.9.3/../../../../arm-none-eabi/lib/armv7e-m/softfp\libc.a(lib_a-vfprintf.o)
 .rodata.str1.4
                0x0004f778       0x10 c:/siliconlabs/simplicitystudio/v4/developer/toolchains/gnu_arm/4.9_2015q3/bin/../lib/gcc/arm-none-eabi/4.9.3/../../../../arm-none-eabi/lib/armv7e-m/softfp\libc.a(lib_a-dtoa.o)
                                 0x12 (size before relaxing)
 .rodata.str1.4
                0x0004f788        0xc c:/siliconlabs/simplicitystudio/v4/developer/toolchains/gnu_arm/4.9_2015q3/bin/../lib/gcc/arm-none-eabi/4.9.3/../../../../arm-none-eabi/lib/armv7e-m/softfp\libc.a(lib_a-locale.o)
                                 0x12 (size before relaxing)
 *fill*         0x0004f794        0x4 
 .rodata.__mprec_tens
                0x0004f798       0xc8 c:/siliconlabs/simplicitystudio/v4/developer/toolchains/gnu_arm/4.9_2015q3/bin/../lib/gcc/arm-none-eabi/4.9.3/../../../../arm-none-eabi/lib/armv7e-m/softfp\libc.a(lib_a-mprec.o)
                0x0004f798                __mprec_tens
 .rodata.p05.5302
                0x0004f860        0xc c:/siliconlabs/simplicitystudio/v4/developer/toolchains/gnu_arm/4.9_2015q3/bin/../lib/gcc/arm-none-eabi/4.9.3/../../../../arm-none-eabi/lib/armv7e-m/softfp\libc.a(lib_a-mprec.o)
 *fill*         0x0004f86c        0x4 
 .rodata.__mprec_bigtens
                0x0004f870       0x28 c:/siliconlabs/simplicitystudio/v4/developer/toolchains/gnu_arm/4.9_2015q3/bin/../lib/gcc/arm-none-eabi/4.9.3/../../../../arm-none-eabi/lib/armv7e-m/softfp\libc.a(lib_a-mprec.o)
                0x0004f870                __mprec_bigtens
 *(.eh_frame*)
 .eh_frame      0x0004f898        0x0 c:/siliconlabs/simplicitystudio/v4/developer/toolchains/gnu_arm/4.9_2015q3/bin/../lib/gcc/arm-none-eabi/4.9.3/armv7e-m/softfp/crtbegin.o
 .eh_frame      0x0004f898       0x70 c:/siliconlabs/simplicitystudio/v4/developer/toolchains/gnu_arm/4.9_2015q3/bin/../lib/gcc/arm-none-eabi/4.9.3/../../../../arm-none-eabi/lib/armv7e-m/softfp\libc.a(lib_a-strcmp.o)
 .eh_frame      0x0004f908        0x4 c:/siliconlabs/simplicitystudio/v4/developer/toolchains/gnu_arm/4.9_2015q3/bin/../lib/gcc/arm-none-eabi/4.9.3/armv7e-m/softfp/crtend.o

.gatt_data      0x0004f90c      0x1aa
 .gatt_data     0x0004f90c      0x1aa ./gatt_db.o
                0x0004f90c                bg_gattdb_data_adv_uuid128_map
                0x0004f910                bg_gattdb_data_adv_uuid16_map
                0x0004f914                bg_gattdb_data_attributes_dynamic_mapping_map
                0x0004f920                bg_gattdb_data_attributes_map
                0x0004fa10                bg_gattdb_data_attribute_field_0
                0x0004fa14                bg_gattdb_data_attribute_field_1
                0x0004fa1c                bg_gattdb_data_attribute_field_2
                0x0004fa24                bg_gattdb_data_attribute_field_3
                0x0004fa2c                bg_gattdb_data_attribute_field_4
                0x0004fa30                bg_gattdb_data_attribute_field_5
                0x0004fa34                bg_gattdb_data_attribute_field_6
                0x0004fa3c                bg_gattdb_data_attribute_field_7
                0x0004fa4c                bg_gattdb_data_attribute_field_8
                0x0004fa50                bg_gattdb_data_attribute_field_9
                0x0004fa58                bg_gattdb_data_attribute_field_10
                0x0004fa60                bg_gattdb_data_attribute_field_11
                0x0004fa68                bg_gattdb_data_attribute_field_12
                0x0004fa70                bg_gattdb_data_attribute_field_14
                0x0004fa74                bg_gattdb_data_attribute_field_15
                0x0004fa7c                bg_gattdb_data_attribute_field_16
                0x0004fa84                bg_gattdb_data_attribute_field_17
                0x0004fa8c                bg_gattdb_data_attribute_field_18
                0x0004fa94                bg_gattdb_data_uuidtable_128_map
                0x0004fa98                bg_gattdb_data_uuidtable_16_map

.gatt_header    0x0004fab8       0x34
 .gatt_header   0x0004fab8       0x34 ./gatt_db.o
                0x0004fab8                bg_gattdb_data

.glue_7         0x0004faec        0x0
 .glue_7        0x00000000        0x0 linker stubs

.glue_7t        0x0004faec        0x0
 .glue_7t       0x00000000        0x0 linker stubs

.vfp11_veneer   0x0004faec        0x0
 .vfp11_veneer  0x00000000        0x0 linker stubs

.v4_bx          0x0004faec        0x0
 .v4_bx         0x00000000        0x0 linker stubs

.iplt           0x0004faec        0x0
 .iplt          0x00000000        0x0 c:/siliconlabs/simplicitystudio/v4/developer/toolchains/gnu_arm/4.9_2015q3/bin/../lib/gcc/arm-none-eabi/4.9.3/armv7e-m/softfp/crtbegin.o

.ARM.extab
 *(.ARM.extab* .gnu.linkonce.armextab.*)
                0x0004faec                __exidx_start = .

.ARM.exidx      0x0004faec        0x8
 *(.ARM.exidx* .gnu.linkonce.armexidx.*)
 .ARM.exidx     0x0004faec        0x8 c:/siliconlabs/simplicitystudio/v4/developer/toolchains/gnu_arm/4.9_2015q3/bin/../lib/gcc/arm-none-eabi/4.9.3/../../../../arm-none-eabi/lib/armv7e-m/softfp/crt0.o
 .ARM.exidx     0x0004faf4        0x0 c:/siliconlabs/simplicitystudio/v4/developer/toolchains/gnu_arm/4.9_2015q3/bin/../lib/gcc/arm-none-eabi/4.9.3/armv7e-m/softfp\libgcc.a(_divdi3.o)
                                  0x8 (size before relaxing)
 .ARM.exidx     0x0004faf4        0x0 c:/siliconlabs/simplicitystudio/v4/developer/toolchains/gnu_arm/4.9_2015q3/bin/../lib/gcc/arm-none-eabi/4.9.3/armv7e-m/softfp\libgcc.a(_udivdi3.o)
                                  0x8 (size before relaxing)
                0x0004faf4                __exidx_end = .
                0x0004faf4                __etext = .

.rel.dyn        0x0004faf4        0x0
 .rel.iplt      0x00000000        0x0 c:/siliconlabs/simplicitystudio/v4/developer/toolchains/gnu_arm/4.9_2015q3/bin/../lib/gcc/arm-none-eabi/4.9.3/armv7e-m/softfp/crtbegin.o

.data           0x20000000     0x1048 load address 0x0004faf4
                0x20000000                __data_start__ = .
 *(vtable)
 *(.data*)
 .data.__mesh_dcd_ptr
                0x20000000        0x4 ./dcd_switch.o
                0x20000000                __mesh_dcd_ptr
 .data.bg_gattdb_data_attribute_field_2_data
                0x20000004       0x16 ./gatt_db.o
                0x20000004                bg_gattdb_data_attribute_field_2_data
 *fill*         0x2000001a        0x2 
 .data.bg_gattdb
                0x2000001c        0x4 ./gatt_db.o
                0x2000001c                bg_gattdb
 .data.conn_handle
                0x20000020        0x1 ./main.o
 *fill*         0x20000021        0x1 
 .data._my_index
                0x20000022        0x2 ./main.o
 .data.SystemLFXOClock
                0x20000024        0x4 ./device/EFR32_B_1_3_P/system_efr32bg13p.o
 .data.SystemHFXOClock
                0x20000028        0x4 ./device/EFR32_B_1_3_P/system_efr32bg13p.o
 .data.SystemCoreClock
                0x2000002c        0x4 ./device/EFR32_B_1_3_P/system_efr32bg13p.o
                0x2000002c                SystemCoreClock
 .data.SystemHfrcoFreq
                0x20000030        0x4 ./device/EFR32_B_1_3_P/system_efr32bg13p.o
                0x20000030                SystemHfrcoFreq
 .data.auxHfrcoFreq
                0x20000034        0x4 ./emlib/em_cmu.o
 .data.loops_per_jiffy
                0x20000038        0x4 ./kit/BRD4104A/udelay.o
                0x20000038                loops_per_jiffy
 .data.pDisplayDeviceDriverInitFunctions
                0x2000003c        0x8 ./kit_lcd/BRD4104A/display.o
 .data.pixelMatrixPool
                0x20000044        0x4 ./kit_lcd/BRD4104A/displayls013b7dh03.o
 .data.debounceFlag
                0x20000048        0x1 ./src/adc0.o
                0x20000048                debounceFlag
 *fill*         0x20000049        0x7 
 .data          0x20000050      0x4f4 C:/SiliconLabs/SimplicityStudio/v4/developer/sdks/blemesh/v1.1//protocol/bluetooth_dev/lib/EFR32XG13X/GCC/\libbluetooth_mesh.a
 .data.pa_voltmode_config
                0x20000544        0x2 C:/SiliconLabs/SimplicityStudio/v4/developer/sdks/blemesh/v1.1//protocol/bluetooth_dev/lib/EFR32XG13X/GCC/\libbluetooth_mesh.a
 .data.current_db
                0x20000546        0x1 C:/SiliconLabs/SimplicityStudio/v4/developer/sdks/blemesh/v1.1//protocol/bluetooth_dev/lib/EFR32XG13X/GCC/\libbluetooth_mesh.a
 *fill*         0x20000547        0x1 
 .data.sar_config
                0x20000548       0x18 C:/SiliconLabs/SimplicityStudio/v4/developer/sdks/blemesh/v1.1//protocol/bluetooth_dev/lib/EFR32XG13X/GCC/\libbluetooth_mesh.a
 .data.RFSENSE_RfOscFreqHz
                0x20000560        0x4 C:/SiliconLabs/SimplicityStudio/v4/developer/sdks/blemesh/v1.1//protocol/bluetooth_dev/lib/EFR32XG13X/GCC/\libbluetooth_mesh.a
 .data.gatt_max_mtu_config
                0x20000564        0x2 C:/SiliconLabs/SimplicityStudio/v4/developer/sdks/blemesh/v1.1//protocol/bluetooth_dev/lib/EFR32XG13X/GCC/\libbluetooth_mesh.a
 *fill*         0x20000566        0x2 
 .data.impure_data
                0x20000568      0x428 c:/siliconlabs/simplicitystudio/v4/developer/toolchains/gnu_arm/4.9_2015q3/bin/../lib/gcc/arm-none-eabi/4.9.3/../../../../arm-none-eabi/lib/armv7e-m/softfp\libc.a(lib_a-impure.o)
 .data._impure_ptr
                0x20000990        0x4 c:/siliconlabs/simplicitystudio/v4/developer/toolchains/gnu_arm/4.9_2015q3/bin/../lib/gcc/arm-none-eabi/4.9.3/../../../../arm-none-eabi/lib/armv7e-m/softfp\libc.a(lib_a-impure.o)
                0x20000990                _impure_ptr
 .data.__malloc_av_
                0x20000994      0x408 c:/siliconlabs/simplicitystudio/v4/developer/toolchains/gnu_arm/4.9_2015q3/bin/../lib/gcc/arm-none-eabi/4.9.3/../../../../arm-none-eabi/lib/armv7e-m/softfp\libc.a(lib_a-mallocr.o)
                0x20000994                __malloc_av_
 .data.__malloc_trim_threshold
                0x20000d9c        0x4 c:/siliconlabs/simplicitystudio/v4/developer/toolchains/gnu_arm/4.9_2015q3/bin/../lib/gcc/arm-none-eabi/4.9.3/../../../../arm-none-eabi/lib/armv7e-m/softfp\libc.a(lib_a-mallocr.o)
                0x20000d9c                __malloc_trim_threshold
 .data.__malloc_sbrk_base
                0x20000da0        0x4 c:/siliconlabs/simplicitystudio/v4/developer/toolchains/gnu_arm/4.9_2015q3/bin/../lib/gcc/arm-none-eabi/4.9.3/../../../../arm-none-eabi/lib/armv7e-m/softfp\libc.a(lib_a-mallocr.o)
                0x20000da0                __malloc_sbrk_base
 .data.lconv    0x20000da4       0x38 c:/siliconlabs/simplicitystudio/v4/developer/toolchains/gnu_arm/4.9_2015q3/bin/../lib/gcc/arm-none-eabi/4.9.3/../../../../arm-none-eabi/lib/armv7e-m/softfp\libc.a(lib_a-locale.o)
 .data.lc_ctype_charset
                0x20000ddc       0x20 c:/siliconlabs/simplicitystudio/v4/developer/toolchains/gnu_arm/4.9_2015q3/bin/../lib/gcc/arm-none-eabi/4.9.3/../../../../arm-none-eabi/lib/armv7e-m/softfp\libc.a(lib_a-locale.o)
 .data.__mb_cur_max
                0x20000dfc        0x4 c:/siliconlabs/simplicitystudio/v4/developer/toolchains/gnu_arm/4.9_2015q3/bin/../lib/gcc/arm-none-eabi/4.9.3/../../../../arm-none-eabi/lib/armv7e-m/softfp\libc.a(lib_a-locale.o)
                0x20000dfc                __mb_cur_max
 .data.__wctomb
                0x20000e00        0x4 c:/siliconlabs/simplicitystudio/v4/developer/toolchains/gnu_arm/4.9_2015q3/bin/../lib/gcc/arm-none-eabi/4.9.3/../../../../arm-none-eabi/lib/armv7e-m/softfp\libc.a(lib_a-wctomb_r.o)
                0x20000e00                __wctomb
                0x20000e04                . = ALIGN (0x4)
 *(.ram)
 .ram           0x20000e04      0x234 ./emlib/em_msc.o
                0x20000e04                mscRfAssertEFM
                0x20000e08                MSC_LoadVerifyAddress
                0x20000e58                MSC_LoadWriteData
                0x20000f00                MSC_WriteWordI
                0x20000f7c                MSC_ErasePage
                0x20000ffc                MSC_WriteWord
                0x20001004                MSC_WriteWordFast
                0x2000100c                MSC_MassErase
                0x20001038                . = ALIGN (0x4)
                0x20001038                PROVIDE (__preinit_array_start, .)
 *(.preinit_array)
                0x20001038                PROVIDE (__preinit_array_end, .)
                0x20001038                . = ALIGN (0x4)
                0x20001038                PROVIDE (__init_array_start, .)
 *(SORT(.init_array.*))
 .init_array.00000
                0x20001038        0x4 c:/siliconlabs/simplicitystudio/v4/developer/toolchains/gnu_arm/4.9_2015q3/bin/../lib/gcc/arm-none-eabi/4.9.3/../../../../arm-none-eabi/lib/armv7e-m/softfp\libc.a(lib_a-__call_atexit.o)
 *(.init_array)
 .init_array    0x2000103c        0x4 c:/siliconlabs/simplicitystudio/v4/developer/toolchains/gnu_arm/4.9_2015q3/bin/../lib/gcc/arm-none-eabi/4.9.3/armv7e-m/softfp/crtbegin.o
                0x20001040                PROVIDE (__init_array_end, .)
                0x20001040                . = ALIGN (0x4)
                0x20001040                PROVIDE (__fini_array_start, .)
 *(SORT(.fini_array.*))
 *(.fini_array)
 .fini_array    0x20001040        0x4 c:/siliconlabs/simplicitystudio/v4/developer/toolchains/gnu_arm/4.9_2015q3/bin/../lib/gcc/arm-none-eabi/4.9.3/armv7e-m/softfp/crtbegin.o
                0x20001044                PROVIDE (__fini_array_end, .)
 *(.jcr*)
 .jcr           0x20001044        0x0 c:/siliconlabs/simplicitystudio/v4/developer/toolchains/gnu_arm/4.9_2015q3/bin/../lib/gcc/arm-none-eabi/4.9.3/armv7e-m/softfp/crtbegin.o
 .jcr           0x20001044        0x4 c:/siliconlabs/simplicitystudio/v4/developer/toolchains/gnu_arm/4.9_2015q3/bin/../lib/gcc/arm-none-eabi/4.9.3/armv7e-m/softfp/crtend.o
                0x20001048                . = ALIGN (0x4)
                0x20001048                __data_end__ = .

.igot.plt       0x20001048        0x0 load address 0x00050b3c
 .igot.plt      0x00000000        0x0 c:/siliconlabs/simplicitystudio/v4/developer/toolchains/gnu_arm/4.9_2015q3/bin/../lib/gcc/arm-none-eabi/4.9.3/armv7e-m/softfp/crtbegin.o

.bss            0x20001100     0x5bb8 load address 0x00050c00
                0x20001100                . = ALIGN (0x4)
                0x20001100                __bss_start__ = .
 *(.bss*)
 .bss           0x20001100       0x1c c:/siliconlabs/simplicitystudio/v4/developer/toolchains/gnu_arm/4.9_2015q3/bin/../lib/gcc/arm-none-eabi/4.9.3/armv7e-m/softfp/crtbegin.o
 .bss.deviceHeader
                0x2000111c        0x4 ./graphics.o
 .bss.glibContext
                0x20001120       0x2c ./graphics.o
 .bss.graphLineNum
                0x2000114c        0x1 ./graphics.o
 *fill*         0x2000114d        0x1 
 .bss._my_address
                0x2000114e        0x2 ./main.o
 .bss.door_locked_onApp
                0x20001150        0x1 ./main.o
 *fill*         0x20001151        0x3 
 .bss.g_external_event_status
                0x20001154        0x4 ./main.o
                0x20001154                g_external_event_status
 .bss.trid      0x20001158        0x1 ./main.o
 *fill*         0x20001159        0x3 
 .bss.g_temp_ext_event_status
                0x2000115c        0x4 ./main.o
                0x2000115c                g_temp_ext_event_status
 .bss.LCD_data  0x20001160       0xe0 ./main.o
 .bss.lightbulb_state
                0x20001240        0x4 ./main.o
 .bss.request_count
                0x20001244        0x1 ./main.o
 *fill*         0x20001245        0x3 
 .bss.dumpString
                0x20001248        0x4 ./main.o
                0x20001248                dumpString
 .bss.door_unlock_index
                0x2000124c        0x1 ./main.o
                0x2000124c                door_unlock_index
 .bss.num_connections
                0x2000124d        0x1 ./main.o
 *fill*         0x2000124e        0x2 
 .bss.door_unlock_user_key
                0x20001250        0x4 ./main.o
                0x20001250                door_unlock_user_key
 .bss.switch_pos
                0x20001254        0x1 ./main.o
 .bss.door_pattern_matched
                0x20001255        0x1 ./main.o
                0x20001255                door_pattern_matched
 *fill*         0x20001256        0x2 
 .bss.chTable   0x20001258       0x80 ./emdrv/dmadrv.o
 .bss.dmaXfer   0x200012d8      0x100 ./emdrv/dmadrv.o
 .bss.gpioCallbacks
                0x200013d8       0x40 ./emdrv/gpiointerrupt.o
 .bss.sleepCallback
                0x20001418        0x4 ./emdrv/sleep.o
 .bss.sleepBlockCnt
                0x2000141c        0x2 ./emdrv/sleep.o
 *fill*         0x2000141e        0x2 
 .bss.sleepContext
                0x20001420        0xc ./emdrv/sleep.o
 .bss.highCallback
                0x2000142c        0x4 ./emdrv/tempdrv.o
 .bss.calibrationTEMP
                0x20001430        0x4 ./emdrv/tempdrv.o
 .bss.nullCallback
                0x20001434        0x8 ./emdrv/tempdrv.o
 .bss.lowCallback
                0x2000143c        0x4 ./emdrv/tempdrv.o
 .bss.calibrationEMU
                0x20001440        0x4 ./emdrv/tempdrv.o
 .bss.tempdrvHighCallbacks
                0x20001444       0x28 ./emdrv/tempdrv.o
 .bss.tempdrvLowCallbacks
                0x2000146c       0x28 ./emdrv/tempdrv.o
 .bss.TEMPDRV_InitState
                0x20001494        0x1 ./emdrv/tempdrv.o
 *fill*         0x20001495        0x1 
 .bss.dcdcEm01LoadCurrent_mA
                0x20001496        0x2 ./emlib/em_emu.o
 .bss.dcdcReverseCurrentControl
                0x20001498        0x2 ./emlib/em_emu.o
 *fill*         0x2000149a        0x2 
 .bss.vScaleEM01Config
                0x2000149c        0x1 ./emlib/em_emu.o
 *fill*         0x2000149d        0x1 
 .bss.dcdcMaxCurrent_mA
                0x2000149e        0x2 ./emlib/em_emu.o
 .bss.cmuStatus.6241
                0x200014a0        0x4 ./emlib/em_emu.o
 .bss.vScaleStatus.6243
                0x200014a4        0x1 ./emlib/em_emu.o
 .bss.hfClock.6242
                0x200014a5        0x1 ./emlib/em_emu.o
 *fill*         0x200014a6        0x2 
 .bss.pixelMatrixBuffer
                0x200014a8        0x4 ./glib/BRD4104A/dmd_display.o
 .bss.displayDevice
                0x200014ac       0x2c ./glib/BRD4104A/dmd_display.o
 .bss.dimensions
                0x200014d8        0xc ./glib/BRD4104A/dmd_display.o
 .bss.moduleInitialized
                0x200014e4        0x1 ./glib/BRD4104A/dmd_display.o
 *fill*         0x200014e5        0x3 
 .bss.devicesRegistered
                0x200014e8        0x4 ./kit_lcd/BRD4104A/display.o
 .bss.deviceTable
                0x200014ec       0x2c ./kit_lcd/BRD4104A/display.o
 .bss.moduleInitialized
                0x20001518        0x1 ./kit_lcd/BRD4104A/display.o
 *fill*         0x20001519        0x3 
 .bss.pixelMatrixPoolBase
                0x2000151c      0x800 ./kit_lcd/BRD4104A/displayls013b7dh03.o
 .bss.heap_end.6883
                0x20001d1c        0x4 ./serial_vcom/retargetio.o
 .bss.LFtoCRLF  0x20001d20        0x1 ./serial_vcom/retargetserial.o
 *fill*         0x20001d21        0x3 
 .bss.rxBuffer  0x20001d24        0x8 ./serial_vcom/retargetserial.o
 .bss.initialized
                0x20001d2c        0x1 ./serial_vcom/retargetserial.o
 *fill*         0x20001d2d        0x3 
 .bss.rxWriteIndex
                0x20001d30        0x4 ./serial_vcom/retargetserial.o
 .bss.rxReadIndex
                0x20001d34        0x4 ./serial_vcom/retargetserial.o
 .bss.rxCount   0x20001d38        0x4 ./serial_vcom/retargetserial.o
 .bss.reg       0x20001d3c        0x4 ./stack/bt_mesh_stack/mesh_lib.o
 .bss.regs      0x20001d40        0x4 ./stack/bt_mesh_stack/mesh_lib.o
 .bss.lib_malloc_fn
                0x20001d44        0x4 ./stack/bt_mesh_stack/mesh_lib.o
 .bss.lib_free_fn
                0x20001d48        0x4 ./stack/bt_mesh_stack/mesh_lib.o
 *fill*         0x20001d4c        0x4 
 .bss           0x20001d50     0x115c C:/SiliconLabs/SimplicityStudio/v4/developer/sdks/blemesh/v1.1//protocol/bluetooth_dev/lib/EFR32XG13X/GCC/\libbluetooth_mesh.a
                0x20001d60                bgapi_ep_cmd_buf
                0x20001e14                gecko_cmd_msg
                0x20001e18                gecko_rsp_msg
 .bss.gecko_evt_msgs
                0x20002eac        0x4 C:/SiliconLabs/SimplicityStudio/v4/developer/sdks/blemesh/v1.1//protocol/bluetooth_dev/lib/EFR32XG13X/GCC/\libbluetooth_mesh.a
 *fill*         0x20002eb0       0x50 
 .bss.gecko_vector_table
                0x20002f00       0xfc C:/SiliconLabs/SimplicityStudio/v4/developer/sdks/blemesh/v1.1//protocol/bluetooth_dev/lib/EFR32XG13X/GCC/\libbluetooth_mesh.a
 .bss.ll_to_hci_buf
                0x20002ffc        0x4 C:/SiliconLabs/SimplicityStudio/v4/developer/sdks/blemesh/v1.1//protocol/bluetooth_dev/lib/EFR32XG13X/GCC/\libbluetooth_mesh.a
 .bss.stack_update_callback
                0x20003000        0x4 C:/SiliconLabs/SimplicityStudio/v4/developer/sdks/blemesh/v1.1//protocol/bluetooth_dev/lib/EFR32XG13X/GCC/\libbluetooth_mesh.a
 .bss.suppress_bgapi_adv_reports
                0x20003004        0x1 C:/SiliconLabs/SimplicityStudio/v4/developer/sdks/blemesh/v1.1//protocol/bluetooth_dev/lib/EFR32XG13X/GCC/\libbluetooth_mesh.a
 *fill*         0x20003005        0x1 
 .bss.legacy_maxadv_events
                0x20003006        0x2 C:/SiliconLabs/SimplicityStudio/v4/developer/sdks/blemesh/v1.1//protocol/bluetooth_dev/lib/EFR32XG13X/GCC/\libbluetooth_mesh.a
 .bss.fcds      0x20003008        0x1 C:/SiliconLabs/SimplicityStudio/v4/developer/sdks/blemesh/v1.1//protocol/bluetooth_dev/lib/EFR32XG13X/GCC/\libbluetooth_mesh.a
 *fill*         0x20003009        0x3 
 .bss.currRfFrequency
                0x2000300c        0x4 C:/SiliconLabs/SimplicityStudio/v4/developer/sdks/blemesh/v1.1//protocol/bluetooth_dev/lib/EFR32XG13X/GCC/\libbluetooth_mesh.a
 .bss.wrapCntOverflows
                0x20003010        0x1 C:/SiliconLabs/SimplicityStudio/v4/developer/sdks/blemesh/v1.1//protocol/bluetooth_dev/lib/EFR32XG13X/GCC/\libbluetooth_mesh.a
 *fill*         0x20003011        0x3 
 .bss.__malloc_max_total_mem
                0x20003014        0x4 c:/siliconlabs/simplicitystudio/v4/developer/toolchains/gnu_arm/4.9_2015q3/bin/../lib/gcc/arm-none-eabi/4.9.3/../../../../arm-none-eabi/lib/armv7e-m/softfp\libc.a(lib_a-mallocr.o)
                0x20003014                __malloc_max_total_mem
 .bss.__malloc_max_sbrked_mem
                0x20003018        0x4 c:/siliconlabs/simplicitystudio/v4/developer/toolchains/gnu_arm/4.9_2015q3/bin/../lib/gcc/arm-none-eabi/4.9.3/../../../../arm-none-eabi/lib/armv7e-m/softfp\libc.a(lib_a-mallocr.o)
                0x20003018                __malloc_max_sbrked_mem
 .bss.__malloc_top_pad