Archive member included because of file (symbol)

c:/siliconlabs/simplicitystudio/v4/developer/toolchains/gnu_arm/4.9_2015q3/bin/../lib/gcc/arm-none-eabi/4.9.3/armv7e-m/softfp\libgcc.a(_aeabi_ldivmod.o)
                              C:/SiliconLabs/SimplicityStudio/v4/developer/sdks/blemesh/v1.1//protocol/bluetooth_dev/lib/EFR32XG13X/GCC/\libbluetooth_mesh.a (__aeabi_ldivmod)
c:/siliconlabs/simplicitystudio/v4/developer/toolchains/gnu_arm/4.9_2015q3/bin/../lib/gcc/arm-none-eabi/4.9.3/armv7e-m/softfp\libgcc.a(_aeabi_uldivmod.o)
                              ./emlib/em_usart.o (__aeabi_uldivmod)
c:/siliconlabs/simplicitystudio/v4/developer/toolchains/gnu_arm/4.9_2015q3/bin/../lib/gcc/arm-none-eabi/4.9.3/armv7e-m/softfp\libgcc.a(bpabi.o)
                              c:/siliconlabs/simplicitystudio/v4/developer/toolchains/gnu_arm/4.9_2015q3/bin/../lib/gcc/arm-none-eabi/4.9.3/armv7e-m/softfp\libgcc.a(_aeabi_ldivmod.o) (__gnu_ldivmod_helper)
c:/siliconlabs/simplicitystudio/v4/developer/toolchains/gnu_arm/4.9_2015q3/bin/../lib/gcc/arm-none-eabi/4.9.3/armv7e-m/softfp\libgcc.a(_dvmd_tls.o)
                              c:/siliconlabs/simplicitystudio/v4/developer/toolchains/gnu_arm/4.9_2015q3/bin/../lib/gcc/arm-none-eabi/4.9.3/armv7e-m/softfp\libgcc.a(_aeabi_ldivmod.o) (__aeabi_ldiv0)
c:/siliconlabs/simplicitystudio/v4/developer/toolchains/gnu_arm/4.9_2015q3/bin/../lib/gcc/arm-none-eabi/4.9.3/armv7e-m/softfp\libgcc.a(_divdi3.o)
                              c:/siliconlabs/simplicitystudio/v4/developer/toolchains/gnu_arm/4.9_2015q3/bin/../lib/gcc/arm-none-eabi/4.9.3/armv7e-m/softfp\libgcc.a(bpabi.o) (__divdi3)
c:/siliconlabs/simplicitystudio/v4/developer/toolchains/gnu_arm/4.9_2015q3/bin/../lib/gcc/arm-none-eabi/4.9.3/armv7e-m/softfp\libgcc.a(_udivdi3.o)
                              c:/siliconlabs/simplicitystudio/v4/developer/toolchains/gnu_arm/4.9_2015q3/bin/../lib/gcc/arm-none-eabi/4.9.3/armv7e-m/softfp\libgcc.a(bpabi.o) (__udivdi3)
c:/siliconlabs/simplicitystudio/v4/developer/toolchains/gnu_arm/4.9_2015q3/bin/../lib/gcc/arm-none-eabi/4.9.3/../../../../arm-none-eabi/lib/armv7e-m/softfp\libc.a(lib_a-exit.o)
                              c:/siliconlabs/simplicitystudio/v4/developer/toolchains/gnu_arm/4.9_2015q3/bin/../lib/gcc/arm-none-eabi/4.9.3/../../../../arm-none-eabi/lib/armv7e-m/softfp/crt0.o (exit)
c:/siliconlabs/simplicitystudio/v4/developer/toolchains/gnu_arm/4.9_2015q3/bin/../lib/gcc/arm-none-eabi/4.9.3/../../../../arm-none-eabi/lib/armv7e-m/softfp\libc.a(lib_a-impure.o)
                              c:/siliconlabs/simplicitystudio/v4/developer/toolchains/gnu_arm/4.9_2015q3/bin/../lib/gcc/arm-none-eabi/4.9.3/../../../../arm-none-eabi/lib/armv7e-m/softfp\libc.a(lib_a-exit.o) (_global_impure_ptr)
c:/siliconlabs/simplicitystudio/v4/developer/toolchains/gnu_arm/4.9_2015q3/bin/../lib/gcc/arm-none-eabi/4.9.3/../../../../arm-none-eabi/lib/armv7e-m/softfp\libc.a(lib_a-init.o)
                              c:/siliconlabs/simplicitystudio/v4/developer/toolchains/gnu_arm/4.9_2015q3/bin/../lib/gcc/arm-none-eabi/4.9.3/../../../../arm-none-eabi/lib/armv7e-m/softfp/crt0.o (__libc_init_array)
c:/siliconlabs/simplicitystudio/v4/developer/toolchains/gnu_arm/4.9_2015q3/bin/../lib/gcc/arm-none-eabi/4.9.3/../../../../arm-none-eabi/lib/armv7e-m/softfp\libc.a(lib_a-malloc.o)
                              ./main.o (malloc)
c:/siliconlabs/simplicitystudio/v4/developer/toolchains/gnu_arm/4.9_2015q3/bin/../lib/gcc/arm-none-eabi/4.9.3/../../../../arm-none-eabi/lib/armv7e-m/softfp\libc.a(lib_a-mallocr.o)
                              c:/siliconlabs/simplicitystudio/v4/developer/toolchains/gnu_arm/4.9_2015q3/bin/../lib/gcc/arm-none-eabi/4.9.3/../../../../arm-none-eabi/lib/armv7e-m/softfp\libc.a(lib_a-malloc.o) (_malloc_r)
c:/siliconlabs/simplicitystudio/v4/developer/toolchains/gnu_arm/4.9_2015q3/bin/../lib/gcc/arm-none-eabi/4.9.3/../../../../arm-none-eabi/lib/armv7e-m/softfp\libc.a(lib_a-memcmp.o)
                              C:/SiliconLabs/SimplicityStudio/v4/developer/sdks/blemesh/v1.1//protocol/bluetooth_dev/lib/EFR32XG13X/GCC/\libbluetooth_mesh.a (memcmp)
c:/siliconlabs/simplicitystudio/v4/developer/toolchains/gnu_arm/4.9_2015q3/bin/../lib/gcc/arm-none-eabi/4.9.3/../../../../arm-none-eabi/lib/armv7e-m/softfp\libc.a(lib_a-memcpy.o)
                              ./main.o (memcpy)
c:/siliconlabs/simplicitystudio/v4/developer/toolchains/gnu_arm/4.9_2015q3/bin/../lib/gcc/arm-none-eabi/4.9.3/../../../../arm-none-eabi/lib/armv7e-m/softfp\libc.a(lib_a-memmove.o)
                              C:/SiliconLabs/SimplicityStudio/v4/developer/sdks/blemesh/v1.1//protocol/bluetooth_dev/lib/EFR32XG13X/GCC/\libbluetooth_mesh.a (memmove)
c:/siliconlabs/simplicitystudio/v4/developer/toolchains/gnu_arm/4.9_2015q3/bin/../lib/gcc/arm-none-eabi/4.9.3/../../../../arm-none-eabi/lib/armv7e-m/softfp\libc.a(lib_a-memset.o)
[...]
Memory Configuration

Name             Origin             Length             Attributes
FLASH            0x00000000         0x00080000         xr
RAM              0x20000000         0x00010000         xrw
*default*        0x00000000         0xffffffff

Linker script and memory map

LOAD c:/siliconlabs/simplicitystudio/v4/developer/toolchains/gnu_arm/4.9_2015q3/bin/../lib/gcc/arm-none-eabi/4.9.3/armv7e-m/softfp/crti.o
LOAD c:/siliconlabs/simplicitystudio/v4/developer/toolchains/gnu_arm/4.9_2015q3/bin/../lib/gcc/arm-none-eabi/4.9.3/armv7e-m/softfp/crtbegin.o
LOAD c:/siliconlabs/simplicitystudio/v4/developer/toolchains/gnu_arm/4.9_2015q3/bin/../lib/gcc/arm-none-eabi/4.9.3/../../../../arm-none-eabi/lib/armv7e-m/softfp/crt0.o
START GROUP
LOAD ./dcd_light.o
LOAD ./gatt_db.o
LOAD ./graphics.o
LOAD ./main.o
LOAD ./pti.o
LOAD ./device/EFR32_B_1_3_P/gcc/startup_efr32bg13p.o
LOAD ./device/EFR32_B_1_3_P/system_efr32bg13p.o
LOAD ./emdrv/dmadrv.o
LOAD ./emdrv/gpiointerrupt.o
LOAD ./emdrv/sleep.o
LOAD ./emdrv/tempdrv.o
LOAD ./emdrv/uartdrv.o
LOAD ./emlib/em_adc.o
LOAD ./emlib/em_cmu.o
LOAD ./emlib/em_core.o
LOAD ./emlib/em_crypto.o
LOAD ./emlib/em_emu.o
LOAD ./emlib/em_gpio.o
LOAD ./emlib/em_i2c.o
LOAD ./emlib/em_ldma.o
LOAD ./emlib/em_leuart.o
LOAD ./emlib/em_msc.o
LOAD ./emlib/em_rmu.o
LOAD ./emlib/em_rtcc.o
LOAD ./emlib/em_system.o
LOAD ./emlib/em_usart.o
LOAD ./glib/BRD4104A/bmp.o
LOAD ./glib/BRD4104A/dmd_display.o
LOAD ./glib/BRD4104A/glib.o
LOAD ./glib/BRD4104A/glib_bitmap.o
LOAD ./glib/BRD4104A/glib_circle.o
LOAD ./glib/BRD4104A/glib_font_narrow_6x8.o
LOAD ./glib/BRD4104A/glib_font_normal_8x8.o
LOAD ./glib/BRD4104A/glib_font_number_16x20.o
LOAD ./glib/BRD4104A/glib_line.o
LOAD ./glib/BRD4104A/glib_polygon.o
LOAD ./glib/BRD4104A/glib_rectangle.o
LOAD ./glib/BRD4104A/glib_string.o
LOAD ./kit/BRD4104A/bsp_bcc.o
LOAD ./kit/BRD4104A/bsp_stk.o
LOAD ./kit/BRD4104A/bsp_stk_leds.o
LOAD ./kit/BRD4104A/i2cspm.o
LOAD ./kit/BRD4104A/si7013.o
LOAD ./kit/BRD4104A/tempsens.o
LOAD ./kit/BRD4104A/udelay.o
LOAD ./kit_flashpwr/BRD4104A/mx25flash_spi.o
LOAD ./kit_lcd/BRD4104A/display.o
LOAD ./kit_lcd/BRD4104A/displayls013b7dh03.o
LOAD ./kit_lcd/BRD4104A/displaypalemlib.o
LOAD ./serial_vcom/retargetio.o
LOAD ./serial_vcom/retargetserial.o
LOAD ./src/InitDevice.o
LOAD ./stack/bt_mesh_stack/mesh_lib.o
LOAD c:/siliconlabs/simplicitystudio/v4/developer/toolchains/gnu_arm/4.9_2015q3/bin/../lib/gcc/arm-none-eabi/4.9.3/../../../../arm-none-eabi/lib/armv7e-m/softfp\libm.a
LOAD C:/SiliconLabs/SimplicityStudio/v4/developer/sdks/blemesh/v1.1//protocol/bluetooth_dev/lib/EFR32XG13X/GCC/\libbluetooth_mesh.a
END GROUP
START GROUP
LOAD c:/siliconlabs/simplicitystudio/v4/developer/toolchains/gnu_arm/4.9_2015q3/bin/../lib/gcc/arm-none-eabi/4.9.3/armv7e-m/softfp\libgcc.a
LOAD c:/siliconlabs/simplicitystudio/v4/developer/toolchains/gnu_arm/4.9_2015q3/bin/../lib/gcc/arm-none-eabi/4.9.3/../../../../arm-none-eabi/lib/armv7e-m/softfp\libc.a
LOAD c:/siliconlabs/simplicitystudio/v4/developer/toolchains/gnu_arm/4.9_2015q3/bin/../lib/gcc/arm-none-eabi/4.9.3/../../../../arm-none-eabi/lib/armv7e-m/softfp\libnosys.a
END GROUP
START GROUP
LOAD c:/siliconlabs/simplicitystudio/v4/developer/toolchains/gnu_arm/4.9_2015q3/bin/../lib/gcc/arm-none-eabi/4.9.3/armv7e-m/softfp\libgcc.a
LOAD c:/siliconlabs/simplicitystudio/v4/developer/toolchains/gnu_arm/4.9_2015q3/bin/../lib/gcc/arm-none-eabi/4.9.3/../../../../arm-none-eabi/lib/armv7e-m/softfp\libg.a
LOAD c:/siliconlabs/simplicitystudio/v4/developer/toolchains/gnu_arm/4.9_2015q3/bin/../lib/gcc/arm-none-eabi/4.9.3/../../../../arm-none-eabi/lib/armv7e-m/softfp\libc.a
END GROUP
LOAD c:/siliconlabs/simplicitystudio/v4/developer/toolchains/gnu_arm/4.9_2015q3/bin/../lib/gcc/arm-none-eabi/4.9.3/armv7e-m/softfp/crtend.o
LOAD c:/siliconlabs/simplicitystudio/v4/developer/toolchains/gnu_arm/4.9_2015q3/bin/../lib/gcc/arm-none-eabi/4.9.3/armv7e-m/softfp/crtn.o

.text           0x00000000    0x4eb0c
 *(.vectors)
 .vectors       0x00000000       0xfc ./device/EFR32_B_1_3_P/gcc/startup_efr32bg13p.o
                0x00000000                __Vectors
                0x000000fc                __Vectors_End = .
                0x000000fc                __Vectors_Size = (__Vectors_End - __Vectors)
                0x000000fc                __end__ = .
 *(.text*)
 .text          0x000000fc       0x5c c:/siliconlabs/simplicitystudio/v4/developer/toolchains/gnu_arm/4.9_2015q3/bin/../lib/gcc/arm-none-eabi/4.9.3/armv7e-m/softfp/crtbegin.o
 .text          0x00000158       0x74 c:/siliconlabs/simplicitystudio/v4/developer/toolchains/gnu_arm/4.9_2015q3/bin/../lib/gcc/arm-none-eabi/4.9.3/../../../../arm-none-eabi/lib/armv7e-m/softfp/crt0.o
                0x00000158                _start
                0x00000158                _mainCRTStartup
 .text.graphPrintCenter.constprop.0
                0x000001cc       0x94 ./graphics.o
 .text.graphInit
                0x00000260       0x44 ./graphics.o
                0x00000260                graphInit
 .text.graphWriteString
                0x000002a4       0x34 ./graphics.o
                0x000002a4                graphWriteString
 .text.onoff_change
                0x000002d8        0x4 ./main.o
 .text.power_onoff_change
                0x000002dc        0x4 ./main.o
 .text.transtime_change
                0x000002e0        0x4 ./main.o
 .text.power_onoff_update
                0x000002e4       0x2c ./main.o
 .text.onoff_update
                0x00000310       0x2c ./main.o
 .text.led_init
                0x0000033c       0x20 ./main.o
 .text.onoff_update_and_publish
                0x0000035c       0x1c ./main.o
 .text.LCD_write.part.1
                0x00000378       0x44 ./main.o
 .text.lightbulb_state_store
                0x000003bc       0x50 ./main.o
 .text.transtime_request
                0x0000040c       0xa4 ./main.o
 .text.power_onoff_request
                0x000004b0       0xb4 ./main.o
 .text.onoff_request
                0x00000564      0x148 ./main.o
 .text.lightbulb_state_init
                0x000006ac      0x1a4 ./main.o
                0x000006ac                lightbulb_state_init
 .text.rtcIntCallbackRegister
                0x00000850        0x4 ./main.o
                0x00000850                rtcIntCallbackRegister
 .text.LCD_init
                0x00000854       0x2c ./main.o
                0x00000854                LCD_init
 .text.set_device_name
                0x00000880       0x8c ./main.o
                0x00000880                set_device_name
 .text.transition_complete
                0x0000090c       0x60 ./main.o
                0x0000090c                transition_complete
 .text.initiate_factory_reset
                0x0000096c       0x74 ./main.o
                0x0000096c                initiate_factory_reset
 .text.startup.main
                0x000009e0      0x478 ./main.o
                0x000009e0                main
 .text.APP_ConfigEnablePti
                0x00000e58       0x30 ./pti.o
                0x00000e58                APP_ConfigEnablePti
 .text.Default_Handler
                0x00000e88        0x4 ./device/EFR32_B_1_3_P/gcc/startup_efr32bg13p.o
                0x00000e88                DebugMon_Handler
                0x00000e88                USART0_TX_IRQHandler
                0x00000e88                PRORTC_IRQHandler
                0x00000e88                I2C0_IRQHandler
                0x00000e88                HardFault_Handler
                0x00000e88                SysTick_Handler
                0x00000e88                USART1_RX_IRQHandler
                0x00000e88                PendSV_Handler
                0x00000e88                NMI_Handler
                0x00000e88                SYNTH_IRQHandler
                0x00000e88                I2C1_IRQHandler
                0x00000e88                WTIMER0_IRQHandler
                0x00000e88                CRYPTO0_IRQHandler
                0x00000e88                WDOG0_IRQHandler
                0x00000e88                USART1_TX_IRQHandler
                0x00000e88                SMU_IRQHandler
                0x00000e88                MSC_IRQHandler
                0x00000e88                ADC0_IRQHandler
                0x00000e88                UsageFault_Handler
                0x00000e88                WDOG1_IRQHandler
                0x00000e88                LEUART0_IRQHandler
                0x00000e88                FPUEH_IRQHandler
                0x00000e88                VDAC0_IRQHandler
                0x00000e88                CSEN_IRQHandler
                0x00000e88                CRYPTO1_IRQHandler
                0x00000e88                TIMER0_IRQHandler
                0x00000e88                LETIMER0_IRQHandler
                0x00000e88                TIMER1_IRQHandler
                0x00000e88                TRNG0_IRQHandler
                0x00000e88                RFSENSE_IRQHandler
                0x00000e88                BUFC_IRQHandler
                0x00000e88                MODEM_IRQHandler
                0x00000e88                USART2_RX_IRQHandler
                0x00000e88                Default_Handler
                0x00000e88                RAC_SEQ_IRQHandler
                0x00000e88                FRC_PRI_IRQHandler
                0x00000e88                FRC_IRQHandler
                0x00000e88                CRYOTIMER_IRQHandler
                0x00000e88                PCNT0_IRQHandler
                0x00000e88                AGC_IRQHandler
                0x00000e88                ACMP0_IRQHandler
                0x00000e88                MemManage_Handler
                0x00000e88                SVC_Handler
                0x00000e88                RTCC_IRQHandler
                0x00000e88                CMU_IRQHandler
                0x00000e88                RAC_RSM_IRQHandler
                0x00000e88                LESENSE_IRQHandler
                0x00000e88                PROTIMER_IRQHandler
                0x00000e88                BusFault_Handler
                0x00000e88                USART2_TX_IRQHandler
                0x00000e88                IDAC0_IRQHandler
 .text.Reset_Handler
                0x00000e8c       0x38 ./device/EFR32_B_1_3_P/gcc/startup_efr32bg13p.o
                0x00000e8c                Reset_Handler
 .text.SystemMaxCoreClockGet
                0x00000ec4        0x8 ./device/EFR32_B_1_3_P/system_efr32bg13p.o
                0x00000ec4                SystemMaxCoreClockGet
 .text.SystemHFClockGet
                0x00000ecc       0x50 ./device/EFR32_B_1_3_P/system_efr32bg13p.o
                0x00000ecc                SystemHFClockGet
 .text.SystemCoreClockGet
                0x00000f1c       0x24 ./device/EFR32_B_1_3_P/system_efr32bg13p.o
                0x00000f1c                SystemCoreClockGet
 .text.SystemHFXOClockGet
                0x00000f40        0xc ./device/EFR32_B_1_3_P/system_efr32bg13p.o
                0x00000f40                SystemHFXOClockGet
 .text.SystemHFXOClockSet
                0x00000f4c       0x20 ./device/EFR32_B_1_3_P/system_efr32bg13p.o
                0x00000f4c                SystemHFXOClockSet
 .text.SystemInit
                0x00000f6c       0x14 ./device/EFR32_B_1_3_P/system_efr32bg13p.o
                0x00000f6c                SystemInit
 .text.SystemLFRCOClockGet
                0x00000f80        0x8 ./device/EFR32_B_1_3_P/system_efr32bg13p.o
                0x00000f80                SystemLFRCOClockGet
 .text.SystemULFRCOClockGet
                0x00000f88        0x8 ./device/EFR32_B_1_3_P/system_efr32bg13p.o
                0x00000f88                SystemULFRCOClockGet
 .text.SystemLFXOClockGet
                0x00000f90        0xc ./device/EFR32_B_1_3_P/system_efr32bg13p.o
                0x00000f90                SystemLFXOClockGet
 .text.SystemLFXOClockSet
                0x00000f9c       0x20 ./device/EFR32_B_1_3_P/system_efr32bg13p.o
                0x00000f9c                SystemLFXOClockSet
 .text.LDMA_IRQHandler
                0x00000fbc       0x7c ./emdrv/dmadrv.o
                0x00000fbc                LDMA_IRQHandler
 .text.GPIOINT_IRQDispatcher
                0x00001038       0x2c ./emdrv/gpiointerrupt.o
 .text.GPIO_EVEN_IRQHandler
                0x00001064       0x20 ./emdrv/gpiointerrupt.o
                0x00001064                GPIO_EVEN_IRQHandler
 .text.GPIO_ODD_IRQHandler
                0x00001084       0x20 ./emdrv/gpiointerrupt.o
                0x00001084                GPIO_ODD_IRQHandler
 .text.sleepCallbackWrapper
                0x000010a4       0x14 ./emdrv/sleep.o
 .text.enterEMx
                0x000010b8       0x70 ./emdrv/sleep.o
 .text.SLEEP_Init
                0x00001128       0x44 ./emdrv/sleep.o
                0x00001128                SLEEP_Init
 .text.SLEEP_Sleep
                0x0000116c       0x70 ./emdrv/sleep.o
                0x0000116c                SLEEP_Sleep
 .text.SLEEP_SleepBlockBegin
                0x000011dc       0x28 ./emdrv/sleep.o
                0x000011dc                SLEEP_SleepBlockBegin
 .text.SLEEP_SleepBlockEnd
                0x00001204       0x2c ./emdrv/sleep.o
                0x00001204                SLEEP_SleepBlockEnd
 .text.SLEEP_LowestEnergyModeGet
                0x00001230       0x1c ./emdrv/sleep.o
                0x00001230                SLEEP_LowestEnergyModeGet
 .text.updateInterrupts
                0x0000124c       0xdc ./emdrv/tempdrv.o
 .text.TEMPDRV_IRQHandler
                0x00001328       0xa0 ./emdrv/tempdrv.o
                0x00001328                TEMPDRV_IRQHandler
 .text.EMU_IRQHandler
                0x000013c8        0x4 ./emdrv/tempdrv.o
                0x000013c8                EMU_IRQHandler
 .text.TEMPDRV_Init
                0x000013cc       0xb0 ./emdrv/tempdrv.o
                0x000013cc                TEMPDRV_Init
 .text.flashWaitStateControl
                0x0000147c       0x60 ./emlib/em_cmu.o
 .text.CMU_HFRCODevinfoGet
                0x000014dc       0xb4 ./emlib/em_cmu.o
 .text.flashWaitStateMax
                0x00001590       0x10 ./emlib/em_cmu.o
 .text.CMU_OscillatorTuningSet.part.1
                0x000015a0       0x3c ./emlib/em_cmu.o
 .text.CMU_UpdateWaitStates
                0x000015dc        0x4 ./emlib/em_cmu.o
                0x000015dc                CMU_UpdateWaitStates
 .text.CMU_ClockEnable
                0x000015e0       0x8c ./emlib/em_cmu.o
                0x000015e0                CMU_ClockEnable
 .text.CMU_ClockPrescGet
                0x0000166c       0xd0 ./emlib/em_cmu.o
                0x0000166c                CMU_ClockPrescGet
 .text.CMU_ClockDivGet
                0x0000173c        0xc ./emlib/em_cmu.o
                0x0000173c                CMU_ClockDivGet
 .text.CMU_ClockSelectGet
                0x00001748       0xc4 ./emlib/em_cmu.o
                0x00001748                CMU_ClockSelectGet
 .text.lfClkGet
                0x0000180c       0x94 ./emlib/em_cmu.o
 .text.CMU_ClockFreqGet
                0x000018a0      0x1a4 ./emlib/em_cmu.o
                0x000018a0                CMU_ClockFreqGet
 .text.CMU_ClockPrescSet
                0x00001a44      0x298 ./emlib/em_cmu.o
                0x00001a44                CMU_ClockPrescSet
 .text.CMU_ClockDivSet
                0x00001cdc        0x8 ./emlib/em_cmu.o
                0x00001cdc                CMU_ClockDivSet
 .text.CMU_HFRCOBandSet
                0x00001ce4      0x148 ./emlib/em_cmu.o
                0x00001ce4                CMU_HFRCOBandSet
 .text.CMU_HFXOAutostartEnable
                0x00001e2c       0x8c ./emlib/em_cmu.o
                0x00001e2c                CMU_HFXOAutostartEnable
 .text.CMU_OscillatorTuningWait
                0x00001eb8       0x5c ./emlib/em_cmu.o
                0x00001eb8                CMU_OscillatorTuningWait
 .text.CMU_OscillatorEnable
                0x00001f14      0x12c ./emlib/em_cmu.o
                0x00001f14                CMU_OscillatorEnable
 .text.CMU_ClockSelectSet
                0x00002040      0x2bc ./emlib/em_cmu.o
                0x00002040                CMU_ClockSelectSet
 .text.CMU_HFXOInit
                0x000022fc       0x7c ./emlib/em_cmu.o
                0x000022fc                CMU_HFXOInit
 .text.CMU_LFXOInit
                0x00002378       0x40 ./emlib/em_cmu.o
                0x00002378                CMU_LFXOInit
 .text.CORE_EnterCritical
                0x000023b8        0x8 ./emlib/em_core.o
                0x000023b8                CORE_EnterCritical
 .text.CORE_ExitCritical
                0x000023c0        0x8 ./emlib/em_core.o
                0x000023c0                CORE_ExitCritical
 .text.CORE_EnterAtomic
                0x000023c8        0x8 ./emlib/em_core.o
                0x000023c8                CORE_EnterAtomic
 .text.CORE_ExitAtomic
                0x000023d0        0x8 ./emlib/em_core.o
                0x000023d0                CORE_ExitAtomic
 .text.CORE_SetNvicRamTableHandler
                0x000023d8       0x10 ./emlib/em_core.o
                0x000023d8                CORE_SetNvicRamTableHandler
 .text.CORE_InitNvicVectorTable
                0x000023e8       0x48 ./emlib/em_core.o
                0x000023e8                CORE_InitNvicVectorTable
 .text.CRYPTO_ModulusSet
                0x00002430       0x38 ./emlib/em_crypto.o
                0x00002430                CRYPTO_ModulusSet
 .text.CRYPTO_KeyRead
                0x00002468       0x2c ./emlib/em_crypto.o
                0x00002468                CRYPTO_KeyRead
 .text.lpGetDevinfoVrefLowHigh
                0x00002494       0xdc ./emlib/em_emu.o
 .text.lpCmpHystCalibrationLoad.isra.0
                0x00002570       0x78 ./emlib/em_emu.o
 .text.vScaleDownEM23Setup
                0x000025e8       0x60 ./emlib/em_emu.o
 .text.emState.part.2
                0x00002648       0x7c ./emlib/em_emu.o
 .text.emState  0x000026c4       0x50 ./emlib/em_emu.o
 .text.EMU_EnterEM2
                0x00002714       0x34 ./emlib/em_emu.o
                0x00002714                EMU_EnterEM2
 .text.EMU_EnterEM3
                0x00002748       0x58 ./emlib/em_emu.o
                0x00002748                EMU_EnterEM3
 .text.EMU_Save
                0x000027a0        0x8 ./emlib/em_emu.o
                0x000027a0                EMU_Save
 .text.EMU_Restore
                0x000027a8        0x4 ./emlib/em_emu.o
                0x000027a8                EMU_Restore
 .text.EMU_VScaleEM01
                0x000027ac       0x68 ./emlib/em_emu.o
                0x000027ac                EMU_VScaleEM01
 .text.EMU_VScaleEM01ByClock
                0x00002814       0x50 ./emlib/em_emu.o
                0x00002814                EMU_VScaleEM01ByClock
 .text.EMU_EM01Init
                0x00002864       0x14 ./emlib/em_emu.o
                0x00002864                EMU_EM01Init
 .text.EMU_EM23Init
                0x00002878       0x18 ./emlib/em_emu.o
                0x00002878                EMU_EM23Init
 .text.EMU_EM4Init
                0x00002890       0x5c ./emlib/em_emu.o
                0x00002890                EMU_EM4Init
 .text.EMU_DCDCModeSet
                0x000028ec       0x84 ./emlib/em_emu.o
                0x000028ec                EMU_DCDCModeSet
 .text.EMU_EnterEM4
                0x00002970       0x50 ./emlib/em_emu.o
                0x00002970                EMU_EnterEM4
 .text.EMU_DCDCOutputVoltageSet
                0x000029c0      0x160 ./emlib/em_emu.o
                0x000029c0                EMU_DCDCOutputVoltageSet
 .text.EMU_DCDCOptimizeSlice
                0x00002b20       0xf8 ./emlib/em_emu.o
                0x00002b20                EMU_DCDCOptimizeSlice
 .text.EMU_DCDCLnRcoBandSet
                0x00002c18       0x24 ./emlib/em_emu.o
                0x00002c18                EMU_DCDCLnRcoBandSet
 .text.EMU_DCDCInit
                0x00002c3c       0xec ./emlib/em_emu.o
                0x00002c3c                EMU_DCDCInit
 .text.GPIO_PinModeSet
                0x00002d28       0x84 ./emlib/em_gpio.o
                0x00002d28                GPIO_PinModeSet
 .text.MSC_Init
                0x00002dac       0x20 ./emlib/em_msc.o
                0x00002dac                MSC_Init
 .text.MSC_Deinit
                0x00002dcc       0x14 ./emlib/em_msc.o
                0x00002dcc                MSC_Deinit
 .text.RMU_ResetCauseClear
                0x00002de0        0xc ./emlib/em_rmu.o
                0x00002de0                RMU_ResetCauseClear
 .text.RMU_ResetCauseGet
                0x00002dec       0x60 ./emlib/em_rmu.o
                0x00002dec                RMU_ResetCauseGet
 .text.RTCC_Enable
                0x00002e4c        0xc ./emlib/em_rtcc.o
                0x00002e4c                RTCC_Enable
 .text.RTCC_Init
                0x00002e58       0x48 ./emlib/em_rtcc.o
                0x00002e58                RTCC_Init
 .text.SYSTEM_ChipRevisionGet
                0x00002ea0       0x34 ./emlib/em_system.o
                0x00002ea0                SYSTEM_ChipRevisionGet
 .text.USART_BaudrateAsyncSet
                0x00002ed4       0x68 ./emlib/em_usart.o
                0x00002ed4                USART_BaudrateAsyncSet
 .text.USART_BaudrateSyncSet
                0x00002f3c       0x24 ./emlib/em_usart.o
                0x00002f3c                USART_BaudrateSyncSet
 .text.USART_Enable
                0x00002f60       0x10 ./emlib/em_usart.o
                0x00002f60                USART_Enable
 .text.USART_Reset
                0x00002f70       0x58 ./emlib/em_usart.o
                0x00002f70                USART_Reset
 .text.USART_InitAsync
                0x00002fc8       0x70 ./emlib/em_usart.o
                0x00002fc8                USART_InitAsync
 .text.USART_InitSync
                0x00003038       0x88 ./emlib/em_usart.o
                0x00003038                USART_InitSync
 .text.USART_Rx
                0x000030c0        0xc ./emlib/em_usart.o
                0x000030c0                USART_Rx
 .text.USART_SpiTransfer
                0x000030cc       0x14 ./emlib/em_usart.o
                0x000030cc                USART_SpiTransfer
 .text.USART_Tx
                0x000030e0        0xc ./emlib/em_usart.o
                0x000030e0                USART_Tx
 .text.USART_TxDouble
                0x000030ec        0xc ./emlib/em_usart.o
                0x000030ec                USART_TxDouble
 .text.DMD_writeColor.part.0
                0x000030f8      0x190 ./glib/BRD4104A/dmd_display.o
 .text.DMD_getDisplayGeometry
                0x00003288       0x1c ./glib/BRD4104A/dmd_display.o
                0x00003288                DMD_getDisplayGeometry
 .text.DMD_setClippingArea
                0x000032a4       0x44 ./glib/BRD4104A/dmd_display.o
                0x000032a4                DMD_setClippingArea
 .text.DMD_writeColor
                0x000032e8       0x20 ./glib/BRD4104A/dmd_display.o
                0x000032e8                DMD_writeColor
 .text.DMD_allocateFramebuffer
                0x00003308       0x38 ./glib/BRD4104A/dmd_display.o
                0x00003308                DMD_allocateFramebuffer
 .text.DMD_init
                0x00003340       0x78 ./glib/BRD4104A/dmd_display.o
                0x00003340                DMD_init
 .text.DMD_updateDisplay
                0x000033b8       0xbc ./glib/BRD4104A/dmd_display.o
                0x000033b8                DMD_updateDisplay
 .text.GLIB_applyClippingRegion.part.1
                0x00003474       0x1c ./glib/BRD4104A/glib.o
 .text.GLIB_setClippingRegion.part.2
                0x00003490       0x48 ./glib/BRD4104A/glib.o
 .text.GLIB_contextInit
                0x000034d8       0x58 ./glib/BRD4104A/glib.o
                0x000034d8                GLIB_contextInit
 .text.GLIB_clear
                0x00003530       0x48 ./glib/BRD4104A/glib.o
                0x00003530                GLIB_clear
 .text.GLIB_drawPixel
                0x00003578       0x40 ./glib/BRD4104A/glib.o
                0x00003578                GLIB_drawPixel
 .text.GLIB_drawPixelColor
                0x000035b8       0x3c ./glib/BRD4104A/glib.o
                0x000035b8                GLIB_drawPixelColor
 .text.GLIB_rectContainsPoint
                0x000035f4       0x24 ./glib/BRD4104A/glib_rectangle.o
                0x000035f4                GLIB_rectContainsPoint
 .text.GLIB_drawChar.part.0
                0x00003618      0x164 ./glib/BRD4104A/glib_string.o
 .text.GLIB_drawString
                0x0000377c       0x90 ./glib/BRD4104A/glib_string.o
                0x0000377c                GLIB_drawString
 .text.GLIB_setFont
                0x0000380c       0x20 ./glib/BRD4104A/glib_string.o
                0x0000380c                GLIB_setFont
 .text.UDELAY_Calibrate
                0x0000382c      0x1c0 ./kit/BRD4104A/udelay.o
                0x0000382c                UDELAY_Calibrate
 .text.UDELAY_Delay
                0x000039ec       0x28 ./kit/BRD4104A/udelay.o
                0x000039ec                UDELAY_Delay
 .text.MX25_init
                0x00003a14       0xa4 ./kit_flashpwr/BRD4104A/mx25flash_spi.o
                0x00003a14                MX25_init
 .text.MX25_DP  0x00003ab8       0x5c ./kit_flashpwr/BRD4104A/mx25flash_spi.o
                0x00003ab8                MX25_DP
 .text.DISPLAY_Init
                0x00003b14       0x34 ./kit_lcd/BRD4104A/display.o
                0x00003b14                DISPLAY_Init
 .text.DISPLAY_DeviceGet
                0x00003b48       0x38 ./kit_lcd/BRD4104A/display.o
                0x00003b48                DISPLAY_DeviceGet
 .text.DISPLAY_DeviceRegister
                0x00003b80       0x44 ./kit_lcd/BRD4104A/display.o
                0x00003b80                DISPLAY_DeviceRegister
 .text.PixelMatrixAllocate
                0x00003bc4       0x3c ./kit_lcd/BRD4104A/displayls013b7dh03.o
 .text.PixelMatrixFree
                0x00003c00        0x8 ./kit_lcd/BRD4104A/displayls013b7dh03.o
 .text.DriverRefresh
                0x00003c08       0x10 ./kit_lcd/BRD4104A/displayls013b7dh03.o
 .text.PixelMatrixClear
                0x00003c18       0x20 ./kit_lcd/BRD4104A/displayls013b7dh03.o
 .text.PixelMatrixDraw
                0x00003c38       0x8c ./kit_lcd/BRD4104A/displayls013b7dh03.o
 .text.DisplayPolarityInverse
                0x00003cc4       0x10 ./kit_lcd/BRD4104A/displayls013b7dh03.o
 .text.DisplayEnable
                0x00003cd4       0x1c ./kit_lcd/BRD4104A/displayls013b7dh03.o
 .text.DISPLAY_Ls013b7dh03Init
                0x00003cf0       0xf4 ./kit_lcd/BRD4104A/displayls013b7dh03.o
                0x00003cf0                DISPLAY_Ls013b7dh03Init
 .text.PAL_SpiInit
                0x00003de4       0x50 ./kit_lcd/BRD4104A/displaypalemlib.o
                0x00003de4                PAL_SpiInit
 .text.PAL_SpiTransmit
                0x00003e34       0x40 ./kit_lcd/BRD4104A/displaypalemlib.o
                0x00003e34                PAL_SpiTransmit
 .text.PAL_TimerInit
                0x00003e74        0xc ./kit_lcd/BRD4104A/displaypalemlib.o
                0x00003e74                PAL_TimerInit
 .text.PAL_TimerMicroSecondsDelay
                0x00003e80        0xc ./kit_lcd/BRD4104A/displaypalemlib.o
                0x00003e80                PAL_TimerMicroSecondsDelay
 .text.PAL_TimerRepeat
                0x00003e8c       0x18 ./kit_lcd/BRD4104A/displaypalemlib.o
                0x00003e8c                PAL_TimerRepeat
 .text.PAL_GpioInit
                0x00003ea4       0x14 ./kit_lcd/BRD4104A/displaypalemlib.o
                0x00003ea4                PAL_GpioInit
 .text.PAL_GpioPinModeSet
                0x00003eb8       0x1c ./kit_lcd/BRD4104A/displaypalemlib.o
                0x00003eb8                PAL_GpioPinModeSet
 .text.PAL_GpioPinOutSet
                0x00003ed4       0x1c ./kit_lcd/BRD4104A/displaypalemlib.o
                0x00003ed4                PAL_GpioPinOutSet
 .text.PAL_GpioPinOutClear
                0x00003ef0       0x1c ./kit_lcd/BRD4104A/displaypalemlib.o
                0x00003ef0                PAL_GpioPinOutClear
 .text.PAL_GpioPinOutToggle
                0x00003f0c       0x1c ./kit_lcd/BRD4104A/displaypalemlib.o
                0x00003f0c                PAL_GpioPinOutToggle
 .text._close   0x00003f28        0x4 ./serial_vcom/retargetio.o
                0x00003f28                _close
 .text._exit    0x00003f2c        0x4 ./serial_vcom/retargetio.o
                0x00003f2c                _exit
 .text._fstat   0x00003f30        0xc ./serial_vcom/retargetio.o
                0x00003f30                _fstat
 .text._isatty  0x00003f3c        0x4 ./serial_vcom/retargetio.o
                0x00003f3c                _isatty
 .text._lseek   0x00003f40        0x4 ./serial_vcom/retargetio.o
                0x00003f40                _lseek
 .text._read    0x00003f44       0x30 ./serial_vcom/retargetio.o
                0x00003f44                _read
 .text._sbrk    0x00003f74       0x1c ./serial_vcom/retargetio.o
                0x00003f74                _sbrk
 .text._write   0x00003f90       0x1c ./serial_vcom/retargetio.o
                0x00003f90                _write
 .text.USART0_RX_IRQHandler
                0x00003fac       0x58 ./serial_vcom/retargetserial.o
                0x00003fac                USART0_RX_IRQHandler
 .text.RETARGET_SerialInit
                0x00004004       0xc8 ./serial_vcom/retargetserial.o
                0x00004004                RETARGET_SerialInit
 .text.RETARGET_ReadChar
                0x000040cc       0x58 ./serial_vcom/retargetserial.o
                0x000040cc                RETARGET_ReadChar
 .text.RETARGET_WriteChar
                0x00004124       0x58 ./serial_vcom/retargetserial.o
                0x00004124                RETARGET_WriteChar
 .text.EMU_enter_DefaultMode_from_RESET
                0x0000417c       0x8c ./src/InitDevice.o
                0x0000417c                EMU_enter_DefaultMode_from_RESET
 .text.CMU_enter_DefaultMode_from_RESET
                0x00004208      0x118 ./src/InitDevice.o
                0x00004208                CMU_enter_DefaultMode_from_RESET
 .text.RTCC_enter_DefaultMode_from_RESET
                0x00004320       0x48 ./src/InitDevice.o
                0x00004320                RTCC_enter_DefaultMode_from_RESET
 .text.enter_DefaultMode_from_RESET
                0x00004368       0x64 ./src/InitDevice.o
                0x00004368                enter_DefaultMode_from_RESET
 .text.mesh_lib_transition_time_to_ms
                0x000043cc       0x2c ./stack/bt_mesh_stack/mesh_lib.o
                0x000043cc                mesh_lib_transition_time_to_ms
 .text.deserialize_request
                0x000043f8      0x120 ./stack/bt_mesh_stack/mesh_lib.o
                0x000043f8                deserialize_request
 .text.serialize_state
                0x00004518      0x164 ./stack/bt_mesh_stack/mesh_lib.o
                0x00004518                serialize_state
 .text.mesh_lib_init
                0x0000467c       0x4c ./stack/bt_mesh_stack/mesh_lib.o
                0x0000467c                mesh_lib_init
 .text.mesh_lib_generic_server_register_handler
                0x000046c8       0x74 ./stack/bt_mesh_stack/mesh_lib.o
                0x000046c8                mesh_lib_generic_server_register_handler
 .text.mesh_lib_generic_server_event_handler
                0x0000473c       0x98 ./stack/bt_mesh_stack/mesh_lib.o
                0x0000473c                mesh_lib_generic_server_event_handler
 .text.mesh_lib_generic_server_response
                0x000047d4       0x98 ./stack/bt_mesh_stack/mesh_lib.o
                0x000047d4                mesh_lib_generic_server_response
 .text.mesh_lib_generic_server_update
                0x0000486c       0x84 ./stack/bt_mesh_stack/mesh_lib.o
                0x0000486c                mesh_lib_generic_server_update
 .text.mesh_lib_generic_server_publish
                0x000048f0       0x30 ./stack/bt_mesh_stack/mesh_lib.o
                0x000048f0                mesh_lib_generic_server_publish
 .text          0x00004920    0x3e1d0 C:/SiliconLabs/SimplicityStudio/v4/developer/sdks/blemesh/v1.1//protocol/bluetooth_dev/lib/EFR32XG13X/GCC/\libbluetooth_mesh.a
                0x0000497c                gecko_init_alloc
                0x0000504c                vectors_init
                0x000053cc                gecko_sleep_for_ms
                0x0000546c                bgapi_buffer_init
                0x000054e0                register_message_handler
                0x00005614                gecko_handle_library_packet
                0x00006478                gecko_handle_command
                0x000064fc                gecko_handle_command_noresponse
                0x0000652c                gecko_external_signal
                0x00006648                gecko_priority_handle
                0x00006710                gecko_register_bgapi_library
                0x00006770                gecko_event_pending
                0x000067e4                gecko_peek_event
                0x000067e8                gecko_wait_event
                0x00006808                gecko_can_sleep_ms
                0x00006f80                gecko_stack_init
                0x00008784                gecko_bgapi_class_mesh_prov_init
                0x00008790                gecko_bgapi_class_mesh_node_init
                0x000087c0                gecko_bgapi_class_mesh_generic_client_init
                0x000087cc                gecko_bgapi_class_mesh_generic_server_init
                0x0000e000                gecko_bgapi_class_le_connection_init
                0x0000e00c                gecko_bgapi_class_endpoint_init
                0x0000e018                gecko_bgapi_class_sm_init
                0x0000e030                gecko_bgapi_class_flash_init
                0x0000e048                gecko_bgapi_class_gatt_server_init
                0x0000e054                gecko_bgapi_class_gatt_init
                0x0000e074                gecko_bgapi_class_le_gap_init
                0x0000e080                gecko_bgapi_class_dfu_init
                0x0000e08c                gecko_bgapi_class_test_init
                0x0000e0a4                gecko_bgapi_class_hardware_init
                0x0000e0bc                gecko_bgapi_class_system_init
                0x00021e96                RAIL_EnablePti
                0x00021e9c                RAIL_GetPtiConfig
                0x00021ea2                RAIL_ConfigPti
                0x00038ac8                bg_pool_size
                0x00038d64                bg_pool_free_count
                0x0003932e                bg_message_send
 .text.unlikely
                0x00042af0       0x3a C:/SiliconLabs/SimplicityStudio/v4/developer/sdks/blemesh/v1.1//protocol/bluetooth_dev/lib/EFR32XG13X/GCC/\libbluetooth_mesh.a
 *fill*         0x00042b2a        0x2 
 .text          0x00042b2c       0x38 c:/siliconlabs/simplicitystudio/v4/developer/toolchains/gnu_arm/4.9_2015q3/bin/../lib/gcc/arm-none-eabi/4.9.3/armv7e-m/softfp\libgcc.a(_aeabi_ldivmod.o)
                0x00042b2c                __aeabi_ldivmod
 .text          0x00042b64       0x30 c:/siliconlabs/simplicitystudio/v4/developer/toolchains/gnu_arm/4.9_2015q3/bin/../lib/gcc/arm-none-eabi/4.9.3/armv7e-m/softfp\libgcc.a(_aeabi_uldivmod.o)
                0x00042b64                __aeabi_uldivmod
 .text          0x00042b94       0x60 c:/siliconlabs/simplicitystudio/v4/developer/toolchains/gnu_arm/4.9_2015q3/bin/../lib/gcc/arm-none-eabi/4.9.3/armv7e-m/softfp\libgcc.a(bpabi.o)
                0x00042b94                __gnu_ldivmod_helper
                0x00042bc4                __gnu_uldivmod_helper
 .text          0x00042bf4        0x4 c:/siliconlabs/simplicitystudio/v4/developer/toolchains/gnu_arm/4.9_2015q3/bin/../lib/gcc/arm-none-eabi/4.9.3/armv7e-m/softfp\libgcc.a(_dvmd_tls.o)
                0x00042bf4                __aeabi_idiv0
                0x00042bf4                __aeabi_ldiv0
 .text          0x00042bf8      0x29c c:/siliconlabs/simplicitystudio/v4/developer/toolchains/gnu_arm/4.9_2015q3/bin/../lib/gcc/arm-none-eabi/4.9.3/armv7e-m/softfp\libgcc.a(_divdi3.o)
                0x00042bf8                __divdi3
 .text          0x00042e94      0x26c c:/siliconlabs/simplicitystudio/v4/developer/toolchains/gnu_arm/4.9_2015q3/bin/../lib/gcc/arm-none-eabi/4.9.3/armv7e-m/softfp\libgcc.a(_udivdi3.o)
                0x00042e94                __udivdi3
 .text.exit     0x00043100       0x20 c:/siliconlabs/simplicitystudio/v4/developer/toolchains/gnu_arm/4.9_2015q3/bin/../lib/gcc/arm-none-eabi/4.9.3/../../../../arm-none-eabi/lib/armv7e-m/softfp\libc.a(lib_a-exit.o)
                0x00043100                exit
 .text.__libc_init_array
                0x00043120       0x50 c:/siliconlabs/simplicitystudio/v4/developer/toolchains/gnu_arm/4.9_2015q3/bin/../lib/gcc/arm-none-eabi/4.9.3/../../../../arm-none-eabi/lib/armv7e-m/softfp\libc.a(lib_a-init.o)
                0x00043120                __libc_init_array
 .text.malloc   0x00043170       0x10 c:/siliconlabs/simplicitystudio/v4/developer/toolchains/gnu_arm/4.9_2015q3/bin/../lib/gcc/arm-none-eabi/4.9.3/../../../../arm-none-eabi/lib/armv7e-m/softfp\libc.a(lib_a-malloc.o)
                0x00043170                malloc
 .text.free     0x00043180       0x10 c:/siliconlabs/simplicitystudio/v4/developer/toolchains/gnu_arm/4.9_2015q3/bin/../lib/gcc/arm-none-eabi/4.9.3/../../../../arm-none-eabi/lib/armv7e-m/softfp\libc.a(lib_a-malloc.o)
                0x00043180                free
 .text._malloc_r
                0x00043190      0x524 c:/siliconlabs/simplicitystudio/v4/developer/toolchains/gnu_arm/4.9_2015q3/bin/../lib/gcc/arm-none-eabi/4.9.3/../../../../arm-none-eabi/lib/armv7e-m/softfp\libc.a(lib_a-mallocr.o)
                0x00043190                _malloc_r
 .text.memcmp   0x000436b4       0x64 c:/siliconlabs/simplicitystudio/v4/developer/toolchains/gnu_arm/4.9_2015q3/bin/../lib/gcc/arm-none-eabi/4.9.3/../../../../arm-none-eabi/lib/armv7e-m/softfp\libc.a(lib_a-memcmp.o)
                0x000436b4                memcmp
 .text          0x00043718      0x134 c:/siliconlabs/simplicitystudio/v4/developer/toolchains/gnu_arm/4.9_2015q3/bin/../lib/gcc/arm-none-eabi/4.9.3/../../../../arm-none-eabi/lib/armv7e-m/softfp\libc.a(lib_a-memcpy.o)
                0x00043718                memcpy
 .text.memmove  0x0004384c       0xc8 c:/siliconlabs/simplicitystudio/v4/developer/toolchains/gnu_arm/4.9_2015q3/bin/../lib/gcc/arm-none-eabi/4.9.3/../../../../arm-none-eabi/lib/armv7e-m/softfp\libc.a(lib_a-memmove.o)
                0x0004384c                memmove
 .text.memset   0x00043914       0x9c c:/siliconlabs/simplicitystudio/v4/developer/toolchains/gnu_arm/4.9_2015q3/bin/../lib/gcc/arm-none-eabi/4.9.3/../../../../arm-none-eabi/lib/armv7e-m/softfp\libc.a(lib_a-memset.o)
                0x00043914                memset
 .text.__malloc_lock
                0x000439b0        0x4 c:/siliconlabs/simplicitystudio/v4/developer/toolchains/gnu_arm/4.9_2015q3/bin/../lib/gcc/arm-none-eabi/4.9.3/../../../../arm-none-eabi/lib/armv7e-m/softfp\libc.a(lib_a-mlock.o)
                0x000439b0                __malloc_lock
 .text.__malloc_unlock
                0x000439b4        0x4 c:/siliconlabs/simplicitystudio/v4/developer/toolchains/gnu_arm/4.9_2015q3/bin/../lib/gcc/arm-none-eabi/4.9.3/../../../../arm-none-eabi/lib/armv7e-m/softfp\libc.a(lib_a-mlock.o)
                0x000439b4                __malloc_unlock
 .text.printf   0x000439b8       0x28 c:/siliconlabs/simplicitystudio/v4/developer/toolchains/gnu_arm/4.9_2015q3/bin/../lib/gcc/arm-none-eabi/4.9.3/../../../../arm-none-eabi/lib/armv7e-m/softfp\libc.a(lib_a-printf.o)
                0x000439b8                printf
 .text._sbrk_r  0x000439e0       0x24 c:/siliconlabs/simplicitystudio/v4/developer/toolchains/gnu_arm/4.9_2015q3/bin/../lib/gcc/arm-none-eabi/4.9.3/../../../../arm-none-eabi/lib/armv7e-m/softfp\libc.a(lib_a-sbrkr.o)
                0x000439e0                _sbrk_r
 .text.setvbuf  0x00043a04       0xf8 c:/siliconlabs/simplicitystudio/v4/developer/toolchains/gnu_arm/4.9_2015q3/bin/../lib/gcc/arm-none-eabi/4.9.3/../../../../arm-none-eabi/lib/armv7e-m/softfp\libc.a(lib_a-setvbuf.o)
                0x00043a04                setvbuf
 .text.sprintf  0x00043afc       0x4c c:/siliconlabs/simplicitystudio/v4/developer/toolchains/gnu_arm/4.9_2015q3/bin/../lib/gcc/arm-none-eabi/4.9.3/../../../../arm-none-eabi/lib/armv7e-m/softfp\libc.a(lib_a-sprintf.o)
                0x00043afc                sprintf
 .text.strcat   0x00043b48       0x40 c:/siliconlabs/simplicitystudio/v4/developer/toolchains/gnu_arm/4.9_2015q3/bin/../lib/gcc/arm-none-eabi/4.9.3/../../../../arm-none-eabi/lib/armv7e-m/softfp\libc.a(lib_a-strcat.o)
                0x00043b48                strcat
 *fill*         0x00043b88       0x18 
 .text          0x00043ba0      0x2dc c:/siliconlabs/simplicitystudio/v4/developer/toolchains/gnu_arm/4.9_2015q3/bin/../lib/gcc/arm-none-eabi/4.9.3/../../../../arm-none-eabi/lib/armv7e-m/softfp\libc.a(lib_a-strcmp.o)
                0x00043ba8                strcmp
 .text.strcpy   0x00043e7c       0xbc c:/siliconlabs/simplicitystudio/v4/developer/toolchains/gnu_arm/4.9_2015q3/bin/../lib/gcc/arm-none-eabi/4.9.3/../../../../arm-none-eabi/lib/armv7e-m/softfp\libc.a(lib_a-strcpy.o)
                0x00043e7c                strcpy
 .text.strlen   0x00043f38       0x5c c:/siliconlabs/simplicitystudio/v4/developer/toolchains/gnu_arm/4.9_2015q3/bin/../lib/gcc/arm-none-eabi/4.9.3/../../../../arm-none-eabi/lib/armv7e-m/softfp\libc.a(lib_a-strlen.o)
                0x00043f38                strlen
 *fill*         0x00043f94        0x4 
 .text._svfprintf_r
                0x00043f98     0x14d0 c:/siliconlabs/simplicitystudio/v4/developer/toolchains/gnu_arm/4.9_2015q3/bin/../lib/gcc/arm-none-eabi/4.9.3/../../../../arm-none-eabi/lib/armv7e-m/softfp\libc.a(lib_a-svfprintf.o)
                0x00043f98                _svfprintf_r
 .text._vfprintf_r
                0x00045468     0x1428 c:/siliconlabs/simplicitystudio/v4/developer/toolchains/gnu_arm/4.9_2015q3/bin/../lib/gcc/arm-none-eabi/4.9.3/../../../../arm-none-eabi/lib/armv7e-m/softfp\libc.a(lib_a-vfprintf.o)
                0x00045468                _vfprintf_r
 .text.__sbprintf
                0x00046890       0x78 c:/siliconlabs/simplicitystudio/v4/developer/toolchains/gnu_arm/4.9_2015q3/bin/../lib/gcc/arm-none-eabi/4.9.3/../../../../arm-none-eabi/lib/armv7e-m/softfp\libc.a(lib_a-vfprintf.o)
 .text.__swsetup_r
                0x00046908       0xc4 c:/siliconlabs/simplicitystudio/v4/developer/toolchains/gnu_arm/4.9_2015q3/bin/../lib/gcc/arm-none-eabi/4.9.3/../../../../arm-none-eabi/lib/armv7e-m/softfp\libc.a(lib_a-wsetup.o)
                0x00046908                __swsetup_r
 .text.startup.register_fini
                0x000469cc       0x14 c:/siliconlabs/simplicitystudio/v4/developer/toolchains/gnu_arm/4.9_2015q3/bin/../lib/gcc/arm-none-eabi/4.9.3/../../../../arm-none-eabi/lib/armv7e-m/softfp\libc.a(lib_a-__call_atexit.o)
 .text.__call_exitprocs
                0x000469e0       0xd4 c:/siliconlabs/simplicitystudio/v4/developer/toolchains/gnu_arm/4.9_2015q3/bin/../lib/gcc/arm-none-eabi/4.9.3/../../../../arm-none-eabi/lib/armv7e-m/softfp\libc.a(lib_a-__call_atexit.o)
                0x000469e0                __call_exitprocs
 .text.atexit   0x00046ab4        0xc c:/siliconlabs/simplicitystudio/v4/developer/toolchains/gnu_arm/4.9_2015q3/bin/../lib/gcc/arm-none-eabi/4.9.3/../../../../arm-none-eabi/lib/armv7e-m/softfp\libc.a(lib_a-atexit.o)
                0x00046ab4                atexit
 .text.quorem   0x00046ac0      0x12c c:/siliconlabs/simplicitystudio/v4/developer/toolchains/gnu_arm/4.9_2015q3/bin/../lib/gcc/arm-none-eabi/4.9.3/../../../../arm-none-eabi/lib/armv7e-m/softfp\libc.a(lib_a-dtoa.o)
 *fill*         0x00046bec        0x4 
 .text._dtoa_r  0x00046bf0      0xe90 c:/siliconlabs/simplicitystudio/v4/developer/toolchains/gnu_arm/4.9_2015q3/bin/../lib/gcc/arm-none-eabi/4.9.3/../../../../arm-none-eabi/lib/armv7e-m/softfp\libc.a(lib_a-dtoa.o)
                0x00046bf0                _dtoa_r
 .text.__sflush_r
                0x00047a80      0x154 c:/siliconlabs/simplicitystudio/v4/developer/toolchains/gnu_arm/4.9_2015q3/bin/../lib/gcc/arm-none-eabi/4.9.3/../../../../arm-none-eabi/lib/armv7e-m/softfp\libc.a(lib_a-fflush.o)
                0x00047a80                __sflush_r
 .text._fflush_r
                0x00047bd4       0x2c c:/siliconlabs/simplicitystudio/v4/developer/toolchains/gnu_arm/4.9_2015q3/bin/../lib/gcc/arm-none-eabi/4.9.3/../../../../arm-none-eabi/lib/armv7e-m/softfp\libc.a(lib_a-fflush.o)
                0x00047bd4                _fflush_r
 .text._cleanup_r
                0x00047c00        0xc c:/siliconlabs/simplicitystudio/v4/developer/toolchains/gnu_arm/4.9_2015q3/bin/../lib/gcc/arm-none-eabi/4.9.3/../../../../arm-none-eabi/lib/armv7e-m/softfp\libc.a(lib_a-findfp.o)
                0x00047c00                _cleanup_r
 .text.__sinit.part.1
                0x00047c0c       0xf0 c:/siliconlabs/simplicitystudio/v4/developer/toolchains/gnu_arm/4.9_2015q3/bin/../lib/gcc/arm-none-eabi/4.9.3/../../../../arm-none-eabi/lib/armv7e-m/softfp\libc.a(lib_a-findfp.o)
 .text.__sinit  0x00047cfc        0xc c:/siliconlabs/simplicitystudio/v4/developer/toolchains/gnu_arm/4.9_2015q3/bin/../lib/gcc/arm-none-eabi/4.9.3/../../../../arm-none-eabi/lib/armv7e-m/softfp\libc.a(lib_a-findfp.o)
                0x00047cfc                __sinit
 .text.__sfp_lock_acquire
                0x00047d08        0x4 c:/siliconlabs/simplicitystudio/v4/developer/toolchains/gnu_arm/4.9_2015q3/bin/../lib/gcc/arm-none-eabi/4.9.3/../../../../arm-none-eabi/lib/armv7e-m/softfp\libc.a(lib_a-findfp.o)
                0x00047d08                __sfp_lock_acquire
 .text.__sfp_lock_release
                0x00047d0c        0x4 c:/siliconlabs/simplicitystudio/v4/developer/toolchains/gnu_arm/4.9_2015q3/bin/../lib/gcc/arm-none-eabi/4.9.3/../../../../arm-none-eabi/lib/armv7e-m/softfp\libc.a(lib_a-findfp.o)
                0x00047d0c                __sfp_lock_release
 .text.__libc_fini_array
                0x00047d10       0x2c c:/siliconlabs/simplicitystudio/v4/developer/toolchains/gnu_arm/4.9_2015q3/bin/../lib/gcc/arm-none-eabi/4.9.3/../../../../arm-none-eabi/lib/armv7e-m/softfp\libc.a(lib_a-fini.o)
                0x00047d10                __libc_fini_array
 .text._malloc_trim_r
                0x00047d3c       0x9c c:/siliconlabs/simplicitystudio/v4/developer/toolchains/gnu_arm/4.9_2015q3/bin/../lib/gcc/arm-none-eabi/4.9.3/../../../../arm-none-eabi/lib/armv7e-m/softfp\libc.a(lib_a-freer.o)
                0x00047d3c                _malloc_trim_r
 .text._free_r  0x00047dd8      0x1b0 c:/siliconlabs/simplicitystudio/v4/developer/toolchains/gnu_arm/4.9_2015q3/bin/../lib/gcc/arm-none-eabi/4.9.3/../../../../arm-none-eabi/lib/armv7e-m/softfp\libc.a(lib_a-freer.o)
                0x00047dd8                _free_r
 .text._fwalk_reent
                0x00047f88       0x54 c:/siliconlabs/simplicitystudio/v4/developer/toolchains/gnu_arm/4.9_2015q3/bin/../lib/gcc/arm-none-eabi/4.9.3/../../../../arm-none-eabi/lib/armv7e-m/softfp\libc.a(lib_a-fwalk.o)
                0x00047f88                _fwalk_reent
 .text.__locale_charset
                0x00047fdc        0x8 c:/siliconlabs/simplicitystudio/v4/developer/toolchains/gnu_arm/4.9_2015q3/bin/../lib/gcc/arm-none-eabi/4.9.3/../../../../arm-none-eabi/lib/armv7e-m/softfp\libc.a(lib_a-locale.o)
                0x00047fdc                __locale_charset
 .text.__locale_mb_cur_max
                0x00047fe4        0xc c:/siliconlabs/simplicitystudio/v4/developer/toolchains/gnu_arm/4.9_2015q3/bin/../lib/gcc/arm-none-eabi/4.9.3/../../../../arm-none-eabi/lib/armv7e-m/softfp\libc.a(lib_a-locale.o)
                0x00047fe4                __locale_mb_cur_max
 .text._localeconv_r
                0x00047ff0        0x8 c:/siliconlabs/simplicitystudio/v4/developer/toolchains/gnu_arm/4.9_2015q3/bin/../lib/gcc/arm-none-eabi/4.9.3/../../../../arm-none-eabi/lib/armv7e-m/softfp\libc.a(lib_a-locale.o)
                0x00047ff0                _localeconv_r
 .text.__smakebuf_r
                0x00047ff8       0xe0 c:/siliconlabs/simplicitystudio/v4/developer/toolchains/gnu_arm/4.9_2015q3/bin/../lib/gcc/arm-none-eabi/4.9.3/../../../../arm-none-eabi/lib/armv7e-m/softfp\libc.a(lib_a-makebuf.o)
                0x00047ff8                __smakebuf_r
 .text.memchr   0x000480d8       0x94 c:/siliconlabs/simplicitystudio/v4/developer/toolchains/gnu_arm/4.9_2015q3/bin/../lib/gcc/arm-none-eabi/4.9.3/../../../../arm-none-eabi/lib/armv7e-m/softfp\libc.a(lib_a-memchr.o)
                0x000480d8                memchr
 .text._Balloc  0x0004816c       0x4c c:/siliconlabs/simplicitystudio/v4/developer/toolchains/gnu_arm/4.9_2015q3/bin/../lib/gcc/arm-none-eabi/4.9.3/../../../../arm-none-eabi/lib/armv7e-m/softfp\libc.a(lib_a-mprec.o)
                0x0004816c                _Balloc
 .text._Bfree   0x000481b8       0x14 c:/siliconlabs/simplicitystudio/v4/developer/toolchains/gnu_arm/4.9_2015q3/bin/../lib/gcc/arm-none-eabi/4.9.3/../../../../arm-none-eabi/lib/armv7e-m/softfp\libc.a(lib_a-mprec.o)
                0x000481b8                _Bfree
 .text.__multadd
                0x000481cc       0x84 c:/siliconlabs/simplicitystudio/v4/developer/toolchains/gnu_arm/4.9_2015q3/bin/../lib/gcc/arm-none-eabi/4.9.3/../../../../arm-none-eabi/lib/armv7e-m/softfp\libc.a(lib_a-mprec.o)
                0x000481cc                __multadd
 .text.__hi0bits
                0x00048250       0x40 c:/siliconlabs/simplicitystudio/v4/developer/toolchains/gnu_arm/4.9_2015q3/bin/../lib/gcc/arm-none-eabi/4.9.3/../../../../arm-none-eabi/lib/armv7e-m/softfp\libc.a(lib_a-mprec.o)
                0x00048250                __hi0bits
 .text.__lo0bits
                0x00048290       0x5c c:/siliconlabs/simplicitystudio/v4/developer/toolchains/gnu_arm/4.9_2015q3/bin/../lib/gcc/arm-none-eabi/4.9.3/../../../../arm-none-eabi/lib/armv7e-m/softfp\libc.a(lib_a-mprec.o)
                0x00048290                __lo0bits
 .text.__i2b    0x000482ec       0x14 c:/siliconlabs/simplicitystudio/v4/developer/toolchains/gnu_arm/4.9_2015q3/bin/../lib/gcc/arm-none-eabi/4.9.3/../../../../arm-none-eabi/lib/armv7e-m/softfp\libc.a(lib_a-mprec.o)
                0x000482ec                __i2b
 .text.__multiply
                0x00048300      0x134 c:/siliconlabs/simplicitystudio/v4/developer/toolchains/gnu_arm/4.9_2015q3/bin/../lib/gcc/arm-none-eabi/4.9.3/../../../../arm-none-eabi/lib/armv7e-m/softfp\libc.a(lib_a-mprec.o)
                0x00048300                __multiply
 .text.__pow5mult
                0x00048434       0xa0 c:/siliconlabs/simplicitystudio/v4/developer/toolchains/gnu_arm/4.9_2015q3/bin/../lib/gcc/arm-none-eabi/4.9.3/../../../../arm-none-eabi/lib/armv7e-m/softfp\libc.a(lib_a-mprec.o)
                0x00048434                __pow5mult
 .text.__lshift
                0x000484d4       0xac c:/siliconlabs/simplicitystudio/v4/developer/toolchains/gnu_arm/4.9_2015q3/bin/../lib/gcc/arm-none-eabi/4.9.3/../../../../arm-none-eabi/lib/armv7e-m/softfp\libc.a(lib_a-mprec.o)
                0x000484d4                __lshift
 .text.__mcmp   0x00048580       0x48 c:/siliconlabs/simplicitystudio/v4/developer/toolchains/gnu_arm/4.9_2015q3/bin/../lib/gcc/arm-none-eabi/4.9.3/../../../../arm-none-eabi/lib/armv7e-m/softfp\libc.a(lib_a-mprec.o)
                0x00048580                __mcmp
 .text.__mdiff  0x000485c8       0xd4 c:/siliconlabs/simplicitystudio/v4/developer/toolchains/gnu_arm/4.9_2015q3/bin/../lib/gcc/arm-none-eabi/4.9.3/../../../../arm-none-eabi/lib/armv7e-m/softfp\libc.a(lib_a-mprec.o)
                0x000485c8                __mdiff
 .text.__d2b    0x0004869c       0xb8 c:/siliconlabs/simplicitystudio/v4/developer/toolchains/gnu_arm/4.9_2015q3/bin/../lib/gcc/arm-none-eabi/4.9.3/../../../../arm-none-eabi/lib/armv7e-m/softfp\libc.a(lib_a-mprec.o)
                0x0004869c                __d2b
 .text.__fpclassifyd
                0x00048754       0x58 c:/siliconlabs/simplicitystudio/v4/developer/toolchains/gnu_arm/4.9_2015q3/bin/../lib/gcc/arm-none-eabi/4.9.3/../../../../arm-none-eabi/lib/armv7e-m/softfp\libc.a(lib_a-s_fpclassify.o)
                0x00048754                __fpclassifyd
 .text.__sread  0x000487ac       0x24 c:/siliconlabs/simplicitystudio/v4/developer/toolchains/gnu_arm/4.9_2015q3/bin/../lib/gcc/arm-none-eabi/4.9.3/../../../../arm-none-eabi/lib/armv7e-m/softfp\libc.a(lib_a-stdio.o)
                0x000487ac                __sread
 .text.__swrite
                0x000487d0       0x38 c:/siliconlabs/simplicitystudio/v4/developer/toolchains/gnu_arm/4.9_2015q3/bin/../lib/gcc/arm-none-eabi/4.9.3/../../../../arm-none-eabi/lib/armv7e-m/softfp\libc.a(lib_a-stdio.o)
                0x000487d0                __swrite
 .text.__sseek  0x00048808       0x20 c:/siliconlabs/simplicitystudio/v4/developer/toolchains/gnu_arm/4.9_2015q3/bin/../lib/gcc/arm-none-eabi/4.9.3/../../../../arm-none-eabi/lib/armv7e-m/softfp\libc.a(lib_a-stdio.o)
                0x00048808                __sseek
 .text.__sclose
                0x00048828        0x8 c:/siliconlabs/simplicitystudio/v4/developer/toolchains/gnu_arm/4.9_2015q3/bin/../lib/gcc/arm-none-eabi/4.9.3/../../../../arm-none-eabi/lib/armv7e-m/softfp\libc.a(lib_a-stdio.o)
                0x00048828                __sclose
 .text.__ssprint_r
                0x00048830      0x104 c:/siliconlabs/simplicitystudio/v4/developer/toolchains/gnu_arm/4.9_2015q3/bin/../lib/gcc/arm-none-eabi/4.9.3/../../../../arm-none-eabi/lib/armv7e-m/softfp\libc.a(lib_a-svfiprintf.o)
                0x00048830                __ssprint_r
 .text.__sprint_r.part.0
                0x00048934       0x78 c:/siliconlabs/simplicitystudio/v4/developer/toolchains/gnu_arm/4.9_2015q3/bin/../lib/gcc/arm-none-eabi/4.9.3/../../../../arm-none-eabi/lib/armv7e-m/softfp\libc.a(lib_a-vfiprintf.o)
 .text.__sprint_r
                0x000489ac       0x18 c:/siliconlabs/simplicitystudio/v4/developer/toolchains/gnu_arm/4.9_2015q3/bin/../lib/gcc/arm-none-eabi/4.9.3/../../../../arm-none-eabi/lib/armv7e-m/softfp\libc.a(lib_a-vfiprintf.o)
                0x000489ac                __sprint_r
 .text._write_r
                0x000489c4       0x28 c:/siliconlabs/simplicitystudio/v4/developer/toolchains/gnu_arm/4.9_2015q3/bin/../lib/gcc/arm-none-eabi/4.9.3/../../../../arm-none-eabi/lib/armv7e-m/softfp\libc.a(lib_a-writer.o)
                0x000489c4                _write_r
 .text.__register_exitproc
                0x000489ec       0xa4 c:/siliconlabs/simplicitystudio/v4/developer/toolchains/gnu_arm/4.9_2015q3/bin/../lib/gcc/arm-none-eabi/4.9.3/../../../../arm-none-eabi/lib/armv7e-m/softfp\libc.a(lib_a-__atexit.o)
                0x000489ec                __register_exitproc
 .text._calloc_r
                0x00048a90       0x60 c:/siliconlabs/simplicitystudio/v4/developer/toolchains/gnu_arm/4.9_2015q3/bin/../lib/gcc/arm-none-eabi/4.9.3/../../../../arm-none-eabi/lib/armv7e-m/softfp\libc.a(lib_a-callocr.o)
                0x00048a90                _calloc_r
 .text._close_r
                0x00048af0       0x24 c:/siliconlabs/simplicitystudio/v4/developer/toolchains/gnu_arm/4.9_2015q3/bin/../lib/gcc/arm-none-eabi/4.9.3/../../../../arm-none-eabi/lib/armv7e-m/softfp\libc.a(lib_a-closer.o)
                0x00048af0                _close_r
 .text._fclose_r
                0x00048b14       0x84 c:/siliconlabs/simplicitystudio/v4/developer/toolchains/gnu_arm/4.9_2015q3/bin/../lib/gcc/arm-none-eabi/4.9.3/../../../../arm-none-eabi/lib/armv7e-m/softfp\libc.a(lib_a-fclose.o)
                0x00048b14                _fclose_r
 .text.__fputwc
                0x00048b98       0xb0 c:/siliconlabs/simplicitystudio/v4/developer/toolchains/gnu_arm/4.9_2015q3/bin/../lib/gcc/arm-none-eabi/4.9.3/../../../../arm-none-eabi/lib/armv7e-m/softfp\libc.a(lib_a-fputwc.o)
                0x00048b98                __fputwc
 .text._fputwc_r
                0x00048c48       0x24 c:/siliconlabs/simplicitystudio/v4/developer/toolchains/gnu_arm/4.9_2015q3/bin/../lib/gcc/arm-none-eabi/4.9.3/../../../../arm-none-eabi/lib/armv7e-m/softfp\libc.a(lib_a-fputwc.o)
                0x00048c48                _fputwc_r
 .text._fstat_r
                0x00048c6c       0x28 c:/siliconlabs/simplicitystudio/v4/developer/toolchains/gnu_arm/4.9_2015q3/bin/../lib/gcc/arm-none-eabi/4.9.3/../../../../arm-none-eabi/lib/armv7e-m/softfp\libc.a(lib_a-fstatr.o)
                0x00048c6c                _fstat_r
 .text.__sfvwrite_r
                0x00048c94      0x318 c:/siliconlabs/simplicitystudio/v4/developer/toolchains/gnu_arm/4.9_2015q3/bin/../lib/gcc/arm-none-eabi/4.9.3/../../../../arm-none-eabi/lib/armv7e-m/softfp\libc.a(lib_a-fvwrite.o)
                0x00048c94                __sfvwrite_r
 .text._isatty_r
                0x00048fac       0x24 c:/siliconlabs/simplicitystudio/v4/developer/toolchains/gnu_arm/4.9_2015q3/bin/../lib/gcc/arm-none-eabi/4.9.3/../../../../arm-none-eabi/lib/armv7e-m/softfp\libc.a(lib_a-isattyr.o)
                0x00048fac                _isatty_r
 .text._lseek_r
                0x00048fd0       0x28 c:/siliconlabs/simplicitystudio/v4/developer/toolchains/gnu_arm/4.9_2015q3/bin/../lib/gcc/arm-none-eabi/4.9.3/../../../../arm-none-eabi/lib/armv7e-m/softfp\libc.a(lib_a-lseekr.o)
                0x00048fd0                _lseek_r
 .text._read_r  0x00048ff8       0x28 c:/siliconlabs/simplicitystudio/v4/developer/toolchains/gnu_arm/4.9_2015q3/bin/../lib/gcc/arm-none-eabi/4.9.3/../../../../arm-none-eabi/lib/armv7e-m/softfp\libc.a(lib_a-readr.o)
                0x00048ff8                _read_r
 .text._realloc_r
                0x00049020      0x3ec c:/siliconlabs/simplicitystudio/v4/developer/toolchains/gnu_arm/4.9_2015q3/bin/../lib/gcc/arm-none-eabi/4.9.3/../../../../arm-none-eabi/lib/armv7e-m/softfp\libc.a(lib_a-reallocr.o)
                0x00049020                _realloc_r
 .text.__swbuf_r
                0x0004940c       0xa8 c:/siliconlabs/simplicitystudio/v4/developer/toolchains/gnu_arm/4.9_2015q3/bin/../lib/gcc/arm-none-eabi/4.9.3/../../../../arm-none-eabi/lib/armv7e-m/softfp\libc.a(lib_a-wbuf.o)
                0x0004940c                __swbuf_r
 .text._wcrtomb_r
                0x000494b4       0x54 c:/siliconlabs/simplicitystudio/v4/developer/toolchains/gnu_arm/4.9_2015q3/bin/../lib/gcc/arm-none-eabi/4.9.3/../../../../arm-none-eabi/lib/armv7e-m/softfp\libc.a(lib_a-wcrtomb.o)
                0x000494b4                _wcrtomb_r
 .text.__ascii_wctomb
                0x00049508       0x1c c:/siliconlabs/simplicitystudio/v4/developer/toolchains/gnu_arm/4.9_2015q3/bin/../lib/gcc/arm-none-eabi/4.9.3/../../../../arm-none-eabi/lib/armv7e-m/softfp\libc.a(lib_a-wctomb_r.o)
                0x00049508                __ascii_wctomb
 .text          0x00049524      0x370 c:/siliconlabs/simplicitystudio/v4/developer/toolchains/gnu_arm/4.9_2015q3/bin/../lib/gcc/arm-none-eabi/4.9.3/armv7e-m/softfp\libgcc.a(_arm_addsubdf3.o)
                0x00049524                __aeabi_drsub
                0x0004952c                __aeabi_dsub
                0x0004952c                __subdf3
                0x00049530                __aeabi_dadd
                0x00049530                __adddf3
                0x000497a8                __floatunsidf
                0x000497a8                __aeabi_ui2d
                0x000497c8                __floatsidf
                0x000497c8                __aeabi_i2d
                0x000497ec                __aeabi_f2d
                0x000497ec                __extendsfdf2
                0x00049828                __floatundidf
                0x00049828                __aeabi_ul2d
                0x00049838                __floatdidf
                0x00049838                __aeabi_l2d
 .text          0x00049894      0x424 c:/siliconlabs/simplicitystudio/v4/developer/toolchains/gnu_arm/4.9_2015q3/bin/../lib/gcc/arm-none-eabi/4.9.3/armv7e-m/softfp\libgcc.a(_arm_muldivdf3.o)
                0x00049894                __aeabi_dmul
                0x00049894                __muldf3
                0x00049ae8                __divdf3
                0x00049ae8                __aeabi_ddiv
 .text          0x00049cb8      0x110 c:/siliconlabs/simplicitystudio/v4/developer/toolchains/gnu_arm/4.9_2015q3/bin/../lib/gcc/arm-none-eabi/4.9.3/armv7e-m/softfp\libgcc.a(_arm_cmpdf2.o)
                0x00049cb8                __gtdf2
                0x00049cb8                __gedf2
                0x00049cc0                __ltdf2
                0x00049cc0                __ledf2
                0x00049cc8                __nedf2
                0x00049cc8                __eqdf2
                0x00049cc8                __cmpdf2
                0x00049d44                __aeabi_cdrcmple
                0x00049d54                __aeabi_cdcmpeq
                0x00049d54                __aeabi_cdcmple
                0x00049d64                __aeabi_dcmpeq
                0x00049d78                __aeabi_dcmplt
                0x00049d8c                __aeabi_dcmple
                0x00049da0                __aeabi_dcmpge
                0x00049db4                __aeabi_dcmpgt
 .text          0x00049dc8       0x50 c:/siliconlabs/simplicitystudio/v4/developer/toolchains/gnu_arm/4.9_2015q3/bin/../lib/gcc/arm-none-eabi/4.9.3/armv7e-m/softfp\libgcc.a(_arm_fixdfsi.o)
                0x00049dc8                __aeabi_d2iz
                0x00049dc8                __fixdfsi
 *(.init)
 .init          0x00049e18        0x4 c:/siliconlabs/simplicitystudio/v4/developer/toolchains/gnu_arm/4.9_2015q3/bin/../lib/gcc/arm-none-eabi/4.9.3/armv7e-m/softfp/crti.o
                0x00049e18                _init
 .init          0x00049e1c        0x8 c:/siliconlabs/simplicitystudio/v4/developer/toolchains/gnu_arm/4.9_2015q3/bin/../lib/gcc/arm-none-eabi/4.9.3/armv7e-m/softfp/crtn.o
 *(.fini)
 .fini          0x00049e24        0x4 c:/siliconlabs/simplicitystudio/v4/developer/toolchains/gnu_arm/4.9_2015q3/bin/../lib/gcc/arm-none-eabi/4.9.3/armv7e-m/softfp/crti.o
                0x00049e24                _fini
 .fini          0x00049e28        0x8 c:/siliconlabs/simplicitystudio/v4/developer/toolchains/gnu_arm/4.9_2015q3/bin/../lib/gcc/arm-none-eabi/4.9.3/armv7e-m/softfp/crtn.o
 .fini.__stub   0x00049e30       0x20 linker stubs
 *crtbegin.o(.ctors)
 *crtbegin?.o(.ctors)
 *(EXCLUDE_FILE(*crtend.o *crtend?.o) .ctors)
 *(SORT(.ctors.*))
 *(.ctors)
 *crtbegin.o(.dtors)
 *crtbegin?.o(.dtors)
 *(EXCLUDE_FILE(*crtend.o *crtend?.o) .dtors)
 *(SORT(.dtors.*))
 *(.dtors)
 *(.rodata*)
 .rodata.__mesh_dcd
                0x00049e50       0x18 ./dcd_light.o
                0x00049e50                __mesh_dcd
 .rodata.__mesh_dcd_len
                0x00049e68        0x4 ./dcd_light.o
                0x00049e68                __mesh_dcd_len
 .rodata.config
                0x00049e6c       0x38 ./main.o
                0x00049e6c                config
 .rodata.str1.4
                0x00049ea4      0x5d8 ./main.o
                                0x5e0 (size before relaxing)
 .rodata        0x0004a47c       0x14 ./pti.o
 .rodata.CSWTCH.50
                0x0004a490        0x5 ./emlib/em_cmu.o
 *fill*         0x0004a495        0x3 
 .rodata.CSWTCH.51
                0x0004a498        0x5 ./emlib/em_cmu.o
 *fill*         0x0004a49d        0x3 
 .rodata.CSWTCH.52
                0x0004a4a0        0x5 ./emlib/em_cmu.o
 *fill*         0x0004a4a5        0x3 
 .rodata.CSWTCH.49
                0x0004a4a8        0x3 ./emlib/em_cmu.o
 *fill*         0x0004a4ab        0x1 
 .rodata.flashWsTable
                0x0004a4ac       0x28 ./emlib/em_cmu.o
 .rodata.resetCauseMasks
                0x0004a4d4       0x48 ./emlib/em_rmu.o
 .rodata.GLIB_FontNarrow6x8
                0x0004a51c       0x10 ./glib/BRD4104A/glib_font_narrow_6x8.o
                0x0004a51c                GLIB_FontNarrow6x8
 .rodata.GLIB_FontNarrow6x8PixMap
                0x0004a52c      0x320 ./glib/BRD4104A/glib_font_narrow_6x8.o
 .rodata.GLIB_FontNormal8x8
                0x0004a84c       0x10 ./glib/BRD4104A/glib_font_normal_8x8.o
                0x0004a84c                GLIB_FontNormal8x8
 .rodata.GLIB_FontNormal8x8PixMap
                0x0004a85c      0x320 ./glib/BRD4104A/glib_font_normal_8x8.o
 .rodata        0x0004ab7c        0x9 ./kit/BRD4104A/udelay.o
 *fill*         0x0004ab85        0x3 
 .rodata        0x0004ab88       0x18 ./kit_flashpwr/BRD4104A/mx25flash_spi.o
 .rodata.str1.4
                0x0004aba0       0x15 ./kit_lcd/BRD4104A/displayls013b7dh03.o
 *fill*         0x0004abb5        0x3 
 .rodata        0x0004abb8       0x18 ./kit_lcd/BRD4104A/displaypalemlib.o
 .rodata        0x0004abd0       0x1c ./serial_vcom/retargetserial.o
 .rodata        0x0004abec       0x31 ./src/InitDevice.o
 *fill*         0x0004ac1d        0x3 
 .rodata        0x0004ac20       0x10 ./stack/bt_mesh_stack/mesh_lib.o
 .rodata        0x0004ac30     0x26a8 C:/SiliconLabs/SimplicityStudio/v4/developer/sdks/blemesh/v1.1//protocol/bluetooth_dev/lib/EFR32XG13X/GCC/\libbluetooth_mesh.a
 .rodata.str1.1
                0x0004d2d8      0x359 C:/SiliconLabs/SimplicityStudio/v4/developer/sdks/blemesh/v1.1//protocol/bluetooth_dev/lib/EFR32XG13X/GCC/\libbluetooth_mesh.a
                                0x46c (size before relaxing)
 *fill*         0x0004d631        0x1 
 .rodata.ll_timingEfr32xg13Timing
                0x0004d632       0x28 C:/SiliconLabs/SimplicityStudio/v4/developer/sdks/blemesh/v1.1//protocol/bluetooth_dev/lib/EFR32XG13X/GCC/\libbluetooth_mesh.a
 *fill*         0x0004d65a        0x2 
 .rodata.ll_radioScaToPpm
                0x0004d65c       0x24 C:/SiliconLabs/SimplicityStudio/v4/developer/sdks/blemesh/v1.1//protocol/bluetooth_dev/lib/EFR32XG13X/GCC/\libbluetooth_mesh.a
 .rodata.ble_1M_irCalConfig
                0x0004d680       0x19 C:/SiliconLabs/SimplicityStudio/v4/developer/sdks/blemesh/v1.1//protocol/bluetooth_dev/lib/EFR32XG13X/GCC/\libbluetooth_mesh.a
 *fill*         0x0004d699        0x3 
 .rodata.ble_1M_timing
                0x0004d69c       0x18 C:/SiliconLabs/SimplicityStudio/v4/developer/sdks/blemesh/v1.1//protocol/bluetooth_dev/lib/EFR32XG13X/GCC/\libbluetooth_mesh.a
 *fill*         0x0004d6b4       0x4c 
 .rodata.genericSeqProg
                0x0004d700     0x115c C:/SiliconLabs/SimplicityStudio/v4/developer/sdks/blemesh/v1.1//protocol/bluetooth_dev/lib/EFR32XG13X/GCC/\libbluetooth_mesh.a
 .rodata.mbedtls_cipher_definitions
                0x0004e85c       0x50 C:/SiliconLabs/SimplicityStudio/v4/developer/sdks/blemesh/v1.1//protocol/bluetooth_dev/lib/EFR32XG13X/GCC/\libbluetooth_mesh.a
 .rodata.curvesSgDcdc
                0x0004e8ac        0x8 C:/SiliconLabs/SimplicityStudio/v4/developer/sdks/blemesh/v1.1//protocol/bluetooth_dev/lib/EFR32XG13X/GCC/\libbluetooth_mesh.a
 .rodata.curvesSgVbat
                0x0004e8b4        0x8 C:/SiliconLabs/SimplicityStudio/v4/developer/sdks/blemesh/v1.1//protocol/bluetooth_dev/lib/EFR32XG13X/GCC/\libbluetooth_mesh.a
 .rodata.curves24LpVbat
                0x0004e8bc        0xe C:/SiliconLabs/SimplicityStudio/v4/developer/sdks/blemesh/v1.1//protocol/bluetooth_dev/lib/EFR32XG13X/GCC/\libbluetooth_mesh.a
 *fill*         0x0004e8ca        0x2 
 .rodata.curves24HpVbat
                0x0004e8cc        0x8 C:/SiliconLabs/SimplicityStudio/v4/developer/sdks/blemesh/v1.1//protocol/bluetooth_dev/lib/EFR32XG13X/GCC/\libbluetooth_mesh.a
 .rodata.curves24LpDcdc
                0x0004e8d4        0xe C:/SiliconLabs/SimplicityStudio/v4/developer/sdks/blemesh/v1.1//protocol/bluetooth_dev/lib/EFR32XG13X/GCC/\libbluetooth_mesh.a
 *fill*         0x0004e8e2        0x2 
 .rodata.curves24HpDcdc
                0x0004e8e4        0x8 C:/SiliconLabs/SimplicityStudio/v4/developer/sdks/blemesh/v1.1//protocol/bluetooth_dev/lib/EFR32XG13X/GCC/\libbluetooth_mesh.a
 .rodata.str1.4
                0x0004e8ec        0x2 c:/siliconlabs/simplicitystudio/v4/developer/toolchains/gnu_arm/4.9_2015q3/bin/../lib/gcc/arm-none-eabi/4.9.3/../../../../arm-none-eabi/lib/armv7e-m/softfp\libc.a(lib_a-impure.o)
 *fill*         0x0004e8ee        0x2 
 .rodata._global_impure_ptr
                0x0004e8f0        0x4 c:/siliconlabs/simplicitystudio/v4/developer/toolchains/gnu_arm/4.9_2015q3/bin/../lib/gcc/arm-none-eabi/4.9.3/../../../../arm-none-eabi/lib/armv7e-m/softfp\libc.a(lib_a-impure.o)
                0x0004e8f0                _global_impure_ptr
 .rodata.zeroes.6911
                0x0004e8f4       0x10 c:/siliconlabs/simplicitystudio/v4/developer/toolchains/gnu_arm/4.9_2015q3/bin/../lib/gcc/arm-none-eabi/4.9.3/../../../../arm-none-eabi/lib/armv7e-m/softfp\libc.a(lib_a-svfprintf.o)
 .rodata.blanks.6910
                0x0004e904       0x10 c:/siliconlabs/simplicitystudio/v4/developer/toolchains/gnu_arm/4.9_2015q3/bin/../lib/gcc/arm-none-eabi/4.9.3/../../../../arm-none-eabi/lib/armv7e-m/softfp\libc.a(lib_a-svfprintf.o)
 .rodata.str1.4
                0x0004e914       0x42 c:/siliconlabs/simplicitystudio/v4/developer/toolchains/gnu_arm/4.9_2015q3/bin/../lib/gcc/arm-none-eabi/4.9.3/../../../../arm-none-eabi/lib/armv7e-m/softfp\libc.a(lib_a-svfprintf.o)
 *fill*         0x0004e956        0x2 
 .rodata.zeroes.6926
                0x0004e958       0x10 c:/siliconlabs/simplicitystudio/v4/developer/toolchains/gnu_arm/4.9_2015q3/bin/../lib/gcc/arm-none-eabi/4.9.3/../../../../arm-none-eabi/lib/armv7e-m/softfp\libc.a(lib_a-vfprintf.o)
 .rodata.str1.4
                0x00000000       0x42 c:/siliconlabs/simplicitystudio/v4/developer/toolchains/gnu_arm/4.9_2015q3/bin/../lib/gcc/arm-none-eabi/4.9.3/../../../../arm-none-eabi/lib/armv7e-m/softfp\libc.a(lib_a-vfprintf.o)
 .rodata.blanks.6925
                0x0004e968       0x10 c:/siliconlabs/simplicitystudio/v4/developer/toolchains/gnu_arm/4.9_2015q3/bin/../lib/gcc/arm-none-eabi/4.9.3/../../../../arm-none-eabi/lib/armv7e-m/softfp\libc.a(lib_a-vfprintf.o)
 .rodata.str1.4
                0x0004e978       0x10 c:/siliconlabs/simplicitystudio/v4/developer/toolchains/gnu_arm/4.9_2015q3/bin/../lib/gcc/arm-none-eabi/4.9.3/../../../../arm-none-eabi/lib/armv7e-m/softfp\libc.a(lib_a-dtoa.o)
                                 0x12 (size before relaxing)
 .rodata.str1.4
                0x0004e988        0xc c:/siliconlabs/simplicitystudio/v4/developer/toolchains/gnu_arm/4.9_2015q3/bin/../lib/gcc/arm-none-eabi/4.9.3/../../../../arm-none-eabi/lib/armv7e-m/softfp\libc.a(lib_a-locale.o)
                                 0x12 (size before relaxing)
 *fill*         0x0004e994        0x4 
 .rodata.__mprec_tens
                0x0004e998       0xc8 c:/siliconlabs/simplicitystudio/v4/developer/toolchains/gnu_arm/4.9_2015q3/bin/../lib/gcc/arm-none-eabi/4.9.3/../../../../arm-none-eabi/lib/armv7e-m/softfp\libc.a(lib_a-mprec.o)
                0x0004e998                __mprec_tens
 .rodata.p05.5302
                0x0004ea60        0xc c:/siliconlabs/simplicitystudio/v4/developer/toolchains/gnu_arm/4.9_2015q3/bin/../lib/gcc/arm-none-eabi/4.9.3/../../../../arm-none-eabi/lib/armv7e-m/softfp\libc.a(lib_a-mprec.o)
 *fill*         0x0004ea6c        0x4 
 .rodata.__mprec_bigtens
                0x0004ea70       0x28 c:/siliconlabs/simplicitystudio/v4/developer/toolchains/gnu_arm/4.9_2015q3/bin/../lib/gcc/arm-none-eabi/4.9.3/../../../../arm-none-eabi/lib/armv7e-m/softfp\libc.a(lib_a-mprec.o)
                0x0004ea70                __mprec_bigtens
 *(.eh_frame*)
 .eh_frame      0x0004ea98        0x0 c:/siliconlabs/simplicitystudio/v4/developer/toolchains/gnu_arm/4.9_2015q3/bin/../lib/gcc/arm-none-eabi/4.9.3/armv7e-m/softfp/crtbegin.o
 .eh_frame      0x0004ea98       0x70 c:/siliconlabs/simplicitystudio/v4/developer/toolchains/gnu_arm/4.9_2015q3/bin/../lib/gcc/arm-none-eabi/4.9.3/../../../../arm-none-eabi/lib/armv7e-m/softfp\libc.a(lib_a-strcmp.o)
 .eh_frame      0x0004eb08        0x4 c:/siliconlabs/simplicitystudio/v4/developer/toolchains/gnu_arm/4.9_2015q3/bin/../lib/gcc/arm-none-eabi/4.9.3/armv7e-m/softfp/crtend.o

.gatt_data      0x0004eb0c      0x1aa
 .gatt_data     0x0004eb0c      0x1aa ./gatt_db.o
                0x0004eb0c                bg_gattdb_data_adv_uuid128_map
                0x0004eb10                bg_gattdb_data_adv_uuid16_map
                0x0004eb14                bg_gattdb_data_attributes_dynamic_mapping_map
                0x0004eb20                bg_gattdb_data_attributes_map
                0x0004ec10                bg_gattdb_data_attribute_field_0
                0x0004ec14                bg_gattdb_data_attribute_field_1
                0x0004ec1c                bg_gattdb_data_attribute_field_2
                0x0004ec24                bg_gattdb_data_attribute_field_3
                0x0004ec2c                bg_gattdb_data_attribute_field_4
                0x0004ec30                bg_gattdb_data_attribute_field_5
                0x0004ec34                bg_gattdb_data_attribute_field_6
                0x0004ec3c                bg_gattdb_data_attribute_field_7
                0x0004ec4c                bg_gattdb_data_attribute_field_8
                0x0004ec50                bg_gattdb_data_attribute_field_9
                0x0004ec58                bg_gattdb_data_attribute_field_10
                0x0004ec60                bg_gattdb_data_attribute_field_11
                0x0004ec68                bg_gattdb_data_attribute_field_12
                0x0004ec70                bg_gattdb_data_attribute_field_14
                0x0004ec74                bg_gattdb_data_attribute_field_15
                0x0004ec7c                bg_gattdb_data_attribute_field_16
                0x0004ec84                bg_gattdb_data_attribute_field_17
                0x0004ec8c                bg_gattdb_data_attribute_field_18
                0x0004ec94                bg_gattdb_data_uuidtable_128_map
                0x0004ec98                bg_gattdb_data_uuidtable_16_map

.gatt_header    0x0004ecb8       0x34
 .gatt_header   0x0004ecb8       0x34 ./gatt_db.o
                0x0004ecb8                bg_gattdb_data

.glue_7         0x0004ecec        0x0
 .glue_7        0x00000000        0x0 linker stubs

.glue_7t        0x0004ecec        0x0
 .glue_7t       0x00000000        0x0 linker stubs

.vfp11_veneer   0x0004ecec        0x0
 .vfp11_veneer  0x00000000        0x0 linker stubs

.v4_bx          0x0004ecec        0x0
 .v4_bx         0x00000000        0x0 linker stubs

.iplt           0x0004ecec        0x0
 .iplt          0x00000000        0x0 c:/siliconlabs/simplicitystudio/v4/developer/toolchains/gnu_arm/4.9_2015q3/bin/../lib/gcc/arm-none-eabi/4.9.3/armv7e-m/softfp/crtbegin.o

.ARM.extab
 *(.ARM.extab* .gnu.linkonce.armextab.*)
                0x0004ecec                __exidx_start = .

.ARM.exidx      0x0004ecec        0x8
 *(.ARM.exidx* .gnu.linkonce.armexidx.*)
 .ARM.exidx     0x0004ecec        0x8 c:/siliconlabs/simplicitystudio/v4/developer/toolchains/gnu_arm/4.9_2015q3/bin/../lib/gcc/arm-none-eabi/4.9.3/../../../../arm-none-eabi/lib/armv7e-m/softfp/crt0.o
 .ARM.exidx     0x0004ecf4        0x0 c:/siliconlabs/simplicitystudio/v4/developer/toolchains/gnu_arm/4.9_2015q3/bin/../lib/gcc/arm-none-eabi/4.9.3/armv7e-m/softfp\libgcc.a(_divdi3.o)
                                  0x8 (size before relaxing)
 .ARM.exidx     0x0004ecf4        0x0 c:/siliconlabs/simplicitystudio/v4/developer/toolchains/gnu_arm/4.9_2015q3/bin/../lib/gcc/arm-none-eabi/4.9.3/armv7e-m/softfp\libgcc.a(_udivdi3.o)
                                  0x8 (size before relaxing)
                0x0004ecf4                __exidx_end = .
                0x0004ecf4                __etext = .

.rel.dyn        0x0004ecf4        0x0
 .rel.iplt      0x00000000        0x0 c:/siliconlabs/simplicitystudio/v4/developer/toolchains/gnu_arm/4.9_2015q3/bin/../lib/gcc/arm-none-eabi/4.9.3/armv7e-m/softfp/crtbegin.o

.data           0x20000000     0x1040 load address 0x0004ecf4
                0x20000000                __data_start__ = .
 *(vtable)
 *(.data*)
 .data.__mesh_dcd_ptr
                0x20000000        0x4 ./dcd_light.o
                0x20000000                __mesh_dcd_ptr
 .data.bg_gattdb_data_attribute_field_2_data
                0x20000004       0x16 ./gatt_db.o
                0x20000004                bg_gattdb_data_attribute_field_2_data
 *fill*         0x2000001a        0x2 
 .data.bg_gattdb
                0x2000001c        0x4 ./gatt_db.o
                0x2000001c                bg_gattdb
 .data.conn_handle
                0x20000020        0x1 ./main.o
 *fill*         0x20000021        0x1 
 .data._my_index
                0x20000022        0x2 ./main.o
 .data.SystemLFXOClock
                0x20000024        0x4 ./device/EFR32_B_1_3_P/system_efr32bg13p.o
 .data.SystemHFXOClock
                0x20000028        0x4 ./device/EFR32_B_1_3_P/system_efr32bg13p.o
 .data.SystemCoreClock
                0x2000002c        0x4 ./device/EFR32_B_1_3_P/system_efr32bg13p.o
                0x2000002c                SystemCoreClock
 .data.SystemHfrcoFreq
                0x20000030        0x4 ./device/EFR32_B_1_3_P/system_efr32bg13p.o
                0x20000030                SystemHfrcoFreq
 .data.auxHfrcoFreq
                0x20000034        0x4 ./emlib/em_cmu.o
 .data.loops_per_jiffy
                0x20000038        0x4 ./kit/BRD4104A/udelay.o
                0x20000038                loops_per_jiffy
 .data.pDisplayDeviceDriverInitFunctions
                0x2000003c        0x8 ./kit_lcd/BRD4104A/display.o
 .data.pixelMatrixPool
                0x20000044        0x4 ./kit_lcd/BRD4104A/displayls013b7dh03.o
 .data          0x20000048      0x4f4 C:/SiliconLabs/SimplicityStudio/v4/developer/sdks/blemesh/v1.1//protocol/bluetooth_dev/lib/EFR32XG13X/GCC/\libbluetooth_mesh.a
 .data.pa_voltmode_config
                0x2000053c        0x2 C:/SiliconLabs/SimplicityStudio/v4/developer/sdks/blemesh/v1.1//protocol/bluetooth_dev/lib/EFR32XG13X/GCC/\libbluetooth_mesh.a
 .data.current_db
                0x2000053e        0x1 C:/SiliconLabs/SimplicityStudio/v4/developer/sdks/blemesh/v1.1//protocol/bluetooth_dev/lib/EFR32XG13X/GCC/\libbluetooth_mesh.a
 *fill*         0x2000053f        0x1 
 .data.sar_config
                0x20000540       0x18 C:/SiliconLabs/SimplicityStudio/v4/developer/sdks/blemesh/v1.1//protocol/bluetooth_dev/lib/EFR32XG13X/GCC/\libbluetooth_mesh.a
 .data.RFSENSE_RfOscFreqHz
                0x20000558        0x4 C:/SiliconLabs/SimplicityStudio/v4/developer/sdks/blemesh/v1.1//protocol/bluetooth_dev/lib/EFR32XG13X/GCC/\libbluetooth_mesh.a
 .data.gatt_max_mtu_config
                0x2000055c        0x2 C:/SiliconLabs/SimplicityStudio/v4/developer/sdks/blemesh/v1.1//protocol/bluetooth_dev/lib/EFR32XG13X/GCC/\libbluetooth_mesh.a
 *fill*         0x2000055e        0x2 
 .data.impure_data
                0x20000560      0x428 c:/siliconlabs/simplicitystudio/v4/developer/toolchains/gnu_arm/4.9_2015q3/bin/../lib/gcc/arm-none-eabi/4.9.3/../../../../arm-none-eabi/lib/armv7e-m/softfp\libc.a(lib_a-impure.o)
 .data._impure_ptr
                0x20000988        0x4 c:/siliconlabs/simplicitystudio/v4/developer/toolchains/gnu_arm/4.9_2015q3/bin/../lib/gcc/arm-none-eabi/4.9.3/../../../../arm-none-eabi/lib/armv7e-m/softfp\libc.a(lib_a-impure.o)
                0x20000988                _impure_ptr
 .data.__malloc_av_
                0x2000098c      0x408 c:/siliconlabs/simplicitystudio/v4/developer/toolchains/gnu_arm/4.9_2015q3/bin/../lib/gcc/arm-none-eabi/4.9.3/../../../../arm-none-eabi/lib/armv7e-m/softfp\libc.a(lib_a-mallocr.o)
                0x2000098c                __malloc_av_
 .data.__malloc_trim_threshold
                0x20000d94        0x4 c:/siliconlabs/simplicitystudio/v4/developer/toolchains/gnu_arm/4.9_2015q3/bin/../lib/gcc/arm-none-eabi/4.9.3/../../../../arm-none-eabi/lib/armv7e-m/softfp\libc.a(lib_a-mallocr.o)
                0x20000d94                __malloc_trim_threshold
 .data.__malloc_sbrk_base
                0x20000d98        0x4 c:/siliconlabs/simplicitystudio/v4/developer/toolchains/gnu_arm/4.9_2015q3/bin/../lib/gcc/arm-none-eabi/4.9.3/../../../../arm-none-eabi/lib/armv7e-m/softfp\libc.a(lib_a-mallocr.o)
                0x20000d98                __malloc_sbrk_base
 .data.lconv    0x20000d9c       0x38 c:/siliconlabs/simplicitystudio/v4/developer/toolchains/gnu_arm/4.9_2015q3/bin/../lib/gcc/arm-none-eabi/4.9.3/../../../../arm-none-eabi/lib/armv7e-m/softfp\libc.a(lib_a-locale.o)
 .data.lc_ctype_charset
                0x20000dd4       0x20 c:/siliconlabs/simplicitystudio/v4/developer/toolchains/gnu_arm/4.9_2015q3/bin/../lib/gcc/arm-none-eabi/4.9.3/../../../../arm-none-eabi/lib/armv7e-m/softfp\libc.a(lib_a-locale.o)
 .data.__mb_cur_max
                0x20000df4        0x4 c:/siliconlabs/simplicitystudio/v4/developer/toolchains/gnu_arm/4.9_2015q3/bin/../lib/gcc/arm-none-eabi/4.9.3/../../../../arm-none-eabi/lib/armv7e-m/softfp\libc.a(lib_a-locale.o)
                0x20000df4                __mb_cur_max
 .data.__wctomb
                0x20000df8        0x4 c:/siliconlabs/simplicitystudio/v4/developer/toolchains/gnu_arm/4.9_2015q3/bin/../lib/gcc/arm-none-eabi/4.9.3/../../../../arm-none-eabi/lib/armv7e-m/softfp\libc.a(lib_a-wctomb_r.o)
                0x20000df8                __wctomb
                0x20000dfc                . = ALIGN (0x4)
 *(.ram)
 .ram           0x20000dfc      0x234 ./emlib/em_msc.o
                0x20000dfc                mscRfAssertEFM
                0x20000e00                MSC_LoadVerifyAddress
                0x20000e50                MSC_LoadWriteData
                0x20000ef8                MSC_WriteWordI
                0x20000f74                MSC_ErasePage
                0x20000ff4                MSC_WriteWord
                0x20000ffc                MSC_WriteWordFast
                0x20001004                MSC_MassErase
                0x20001030                . = ALIGN (0x4)
                0x20001030                PROVIDE (__preinit_array_start, .)
 *(.preinit_array)
                0x20001030                PROVIDE (__preinit_array_end, .)
                0x20001030                . = ALIGN (0x4)
                0x20001030                PROVIDE (__init_array_start, .)
 *(SORT(.init_array.*))
 .init_array.00000
                0x20001030        0x4 c:/siliconlabs/simplicitystudio/v4/developer/toolchains/gnu_arm/4.9_2015q3/bin/../lib/gcc/arm-none-eabi/4.9.3/../../../../arm-none-eabi/lib/armv7e-m/softfp\libc.a(lib_a-__call_atexit.o)
 *(.init_array)
 .init_array    0x20001034        0x4 c:/siliconlabs/simplicitystudio/v4/developer/toolchains/gnu_arm/4.9_2015q3/bin/../lib/gcc/arm-none-eabi/4.9.3/armv7e-m/softfp/crtbegin.o
                0x20001038                PROVIDE (__init_array_end, .)
                0x20001038                . = ALIGN (0x4)
                0x20001038                PROVIDE (__fini_array_start, .)
 *(SORT(.fini_array.*))
 *(.fini_array)
 .fini_array    0x20001038        0x4 c:/siliconlabs/simplicitystudio/v4/developer/toolchains/gnu_arm/4.9_2015q3/bin/../lib/gcc/arm-none-eabi/4.9.3/armv7e-m/softfp/crtbegin.o
                0x2000103c                PROVIDE (__fini_array_end, .)
 *(.jcr*)
 .jcr           0x2000103c        0x0 c:/siliconlabs/simplicitystudio/v4/developer/toolchains/gnu_arm/4.9_2015q3/bin/../lib/gcc/arm-none-eabi/4.9.3/armv7e-m/softfp/crtbegin.o
 .jcr           0x2000103c        0x4 c:/siliconlabs/simplicitystudio/v4/developer/toolchains/gnu_arm/4.9_2015q3/bin/../lib/gcc/arm-none-eabi/4.9.3/armv7e-m/softfp/crtend.o
                0x20001040                . = ALIGN (0x4)
                0x20001040                __data_end__ = .

.igot.plt       0x20001040        0x0 load address 0x0004fd34
 .igot.plt      0x00000000        0x0 c:/siliconlabs/simplicitystudio/v4/developer/toolchains/gnu_arm/4.9_2015q3/bin/../lib/gcc/arm-none-eabi/4.9.3/armv7e-m/softfp/crtbegin.o

.bss            0x20001100     0x5bb8 load address 0x0004fe00
                0x20001100                . = ALIGN (0x4)
                0x20001100                __bss_start__ = .
 *(.bss*)
 .bss           0x20001100       0x1c c:/siliconlabs/simplicitystudio/v4/developer/toolchains/gnu_arm/4.9_2015q3/bin/../lib/gcc/arm-none-eabi/4.9.3/armv7e-m/softfp/crtbegin.o
 .bss.deviceHeader
                0x2000111c        0x4 ./graphics.o
 .bss.glibContext
                0x20001120       0x2c ./graphics.o
 .bss.graphLineNum
                0x2000114c        0x1 ./graphics.o
 *fill*         0x2000114d        0x1 
 .bss._my_address
                0x2000114e        0x2 ./main.o
 .bss.LCD_data  0x20001150       0x60 ./main.o
 .bss.lightbulb_state
                0x200011b0        0x4 ./main.o
 .bss.num_connections
                0x200011b4        0x1 ./main.o
 *fill*         0x200011b5        0x3 
 .bss.chTable   0x200011b8       0x80 ./emdrv/dmadrv.o
 .bss.dmaXfer   0x20001238      0x100 ./emdrv/dmadrv.o
 .bss.gpioCallbacks
                0x20001338       0x40 ./emdrv/gpiointerrupt.o
 .bss.sleepCallback
                0x20001378        0x4 ./emdrv/sleep.o
 .bss.sleepBlockCnt
                0x2000137c        0x2 ./emdrv/sleep.o
 *fill*         0x2000137e        0x2 
 .bss.sleepContext
                0x20001380        0xc ./emdrv/sleep.o
 .bss.highCallback
                0x2000138c        0x4 ./emdrv/tempdrv.o
 .bss.calibrationTEMP
                0x20001390        0x4 ./emdrv/tempdrv.o
 .bss.nullCallback
                0x20001394        0x8 ./emdrv/tempdrv.o
 .bss.lowCallback
                0x2000139c        0x4 ./emdrv/tempdrv.o
 .bss.calibrationEMU
                0x200013a0        0x4 ./emdrv/tempdrv.o
 .bss.tempdrvHighCallbacks
                0x200013a4       0x28 ./emdrv/tempdrv.o
 .bss.tempdrvLowCallbacks
                0x200013cc       0x28 ./emdrv/tempdrv.o
 .bss.TEMPDRV_InitState
                0x200013f4        0x1 ./emdrv/tempdrv.o
 *fill*         0x200013f5        0x1 
 .bss.dcdcEm01LoadCurrent_mA
                0x200013f6        0x2 ./emlib/em_emu.o
 .bss.dcdcReverseCurrentControl
                0x200013f8        0x2 ./emlib/em_emu.o
 *fill*         0x200013fa        0x2 
 .bss.vScaleEM01Config
                0x200013fc        0x1 ./emlib/em_emu.o
 *fill*         0x200013fd        0x1 
 .bss.dcdcMaxCurrent_mA
                0x200013fe        0x2 ./emlib/em_emu.o
 .bss.cmuStatus.6241
                0x20001400        0x4 ./emlib/em_emu.o
 .bss.vScaleStatus.6243
                0x20001404        0x1 ./emlib/em_emu.o
 .bss.hfClock.6242
                0x20001405        0x1 ./emlib/em_emu.o
 *fill*         0x20001406        0x2 
 .bss.pixelMatrixBuffer
                0x20001408        0x4 ./glib/BRD4104A/dmd_display.o
 .bss.displayDevice
                0x2000140c       0x2c ./glib/BRD4104A/dmd_display.o
 .bss.dimensions
                0x20001438        0xc ./glib/BRD4104A/dmd_display.o
 .bss.moduleInitialized
                0x20001444        0x1 ./glib/BRD4104A/dmd_display.o
 *fill*         0x20001445        0x3 
 .bss.devicesRegistered
                0x20001448        0x4 ./kit_lcd/BRD4104A/display.o
 .bss.deviceTable
                0x2000144c       0x2c ./kit_lcd/BRD4104A/display.o
 .bss.moduleInitialized
                0x20001478        0x1 ./kit_lcd/BRD4104A/display.o
 *fill*         0x20001479        0x3 
 .bss.pixelMatrixPoolBase
                0x2000147c      0x800 ./kit_lcd/BRD4104A/displayls013b7dh03.o
 .bss.heap_end.6883
                0x20001c7c        0x4 ./serial_vcom/retargetio.o
 .bss.LFtoCRLF  0x20001c80        0x1 ./serial_vcom/retargetserial.o
 *fill*         0x20001c81        0x3 
 .bss.rxBuffer  0x20001c84        0x8 ./serial_vcom/retargetserial.o
 .bss.initialized
                0x20001c8c        0x1 ./serial_vcom/retargetserial.o
 *fill*         0x20001c8d        0x3 
 .bss.rxWriteIndex
                0x20001c90        0x4 ./serial_vcom/retargetserial.o
 .bss.rxReadIndex
                0x20001c94        0x4 ./serial_vcom/retargetserial.o
 .bss.rxCount   0x20001c98        0x4 ./serial_vcom/retargetserial.o
 .bss.reg       0x20001c9c        0x4 ./stack/bt_mesh_stack/mesh_lib.o
 .bss.regs      0x20001ca0        0x4 ./stack/bt_mesh_stack/mesh_lib.o
 .bss.lib_malloc_fn
                0x20001ca4        0x4 ./stack/bt_mesh_stack/mesh_lib.o
 .bss.lib_free_fn
                0x20001ca8        0x4 ./stack/bt_mesh_stack/mesh_lib.o
 *fill*         0x20001cac        0x4 
 .bss           0x20001cb0     0x115c C:/SiliconLabs/SimplicityStudio/v4/developer/sdks/blemesh/v1.1//protocol/bluetooth_dev/lib/EFR32XG13X/GCC/\libbluetooth_mesh.a
                0x20001cc0                bgapi_ep_cmd_buf
                0x20001d74                gecko_cmd_msg
                0x20001d78                gecko_rsp_msg
 .bss.gecko_evt_msgs
                0x20002e0c        0x4 C:/SiliconLabs/SimplicityStudio/v4/developer/sdks/blemesh/v1.1//protocol/bluetooth_dev/lib/EFR32XG13X/GCC/\libbluetooth_mesh.a
 *fill*         0x20002e10       0xf0 
 .bss.gecko_vector_table
                0x20002f00       0xfc C:/SiliconLabs/SimplicityStudio/v4/developer/sdks/blemesh/v1.1//protocol/bluetooth_dev/lib/EFR32XG13X/GCC/\libbluetooth_mesh.a
 .bss.ll_to_hci_buf
                0x20002ffc        0x4 C:/SiliconLabs/SimplicityStudio/v4/developer/sdks/blemesh/v1.1//protocol/bluetooth_dev/lib/EFR32XG13X/GCC/\libbluetooth_mesh.a
 .bss.stack_update_callback
                0x20003000        0x4 C:/SiliconLabs/SimplicityStudio/v4/developer/sdks/blemesh/v1.1//protocol/bluetooth_dev/lib/EFR32XG13X/GCC/\libbluetooth_mesh.a
 .bss.suppress_bgapi_adv_reports
                0x20003004        0x1 C:/SiliconLabs/SimplicityStudio/v4/developer/sdks/blemesh/v1.1//protocol/bluetooth_dev/lib/EFR32XG13X/GCC/\libbluetooth_mesh.a
 *fill*         0x20003005        0x1 
 .bss.legacy_maxadv_events
                0x20003006        0x2 C:/SiliconLabs/SimplicityStudio/v4/developer/sdks/blemesh/v1.1//protocol/bluetooth_dev/lib/EFR32XG13X/GCC/\libbluetooth_mesh.a
 .bss.fcds      0x20003008        0x1 C:/SiliconLabs/SimplicityStudio/v4/developer/sdks/blemesh/v1.1//protocol/bluetooth_dev/lib/EFR32XG13X/GCC/\libbluetooth_mesh.a
 *fill*         0x20003009        0x3 
 .bss.currRfFrequency
                0x2000300c        0x4 C:/SiliconLabs/SimplicityStudio/v4/developer/sdks/blemesh/v1.1//protocol/bluetooth_dev/lib/EFR32XG13X/GCC/\libbluetooth_mesh.a
 .bss.wrapCntOverflows
                0x20003010        0x1 C:/SiliconLabs/SimplicityStudio/v4/developer/sdks/blemesh/v1.1//protocol/bluetooth_dev/lib/EFR32XG13X/GCC/\libbluetooth_mesh.a
 *fill*         0x20003011        0x3 
 .bss.__malloc_max_total_mem
                0x20003014        0x4 c:/siliconlabs/simplicitystudio/v4/developer/toolchains/gnu_arm/4.9_2015q3/bin/../lib/gcc/arm-none-eabi/4.9.3/../../../../arm-none-eabi/lib/armv7e-m/softfp\libc.a(lib_a-mallocr.o)
                0x20003014                __malloc_max_total_mem
 .bss.__malloc_max_sbrked_mem
                0x20003018        0x4 c:/siliconlabs/simplicitystudio/v4/developer/toolchains/gnu_arm/4.9_2015q3/bin/../lib/gcc/arm-none-eabi/4.9.3/../../../../arm-none-eabi/lib/armv7e-m/softfp\libc.a(lib_a-mallocr.o)
                0x20003018                __malloc_max_sbrked_mem
 .bss.__malloc_top_pad
                0x2000301c        0x4 c:/siliconlabs/simplicitystudio/v4/developer/toolchains/gnu_arm/4.9_2015q3/bin/../lib/gcc/arm-none-eabi/4.9.3/../../../../arm-none-eabi/lib/armv7e-m/softfp\libc.a(lib_a-mallocr.o)
                0x2000301c                __malloc_top_pad
 .bss.__malloc_current_mallinfo
                0x20003020       0x28 c:/siliconlabs/simplicitystudio/v4/developer/toolchains/gnu_arm/4.9_2015q3/bin/../lib/gcc/arm-none-eabi/4.9.3/../../../../arm-none-eabi/lib/armv7e-m/softfp\libc.a(lib_a-mallocr.o)
                0x20003020                __malloc_current_mallinfo
 *(COMMON)
 COMMON         0x20003048     0x3590 ./main.o
                0x20003048                current
                0x20003058                bluetooth_stack_heap
                0x200065c8                target
 COMMON         0x200065d8       0x10 ./glib/BRD4104A/dmd_display.o
                0x200065d8                dirtyRows
 COMMON         0x200065e8      0x6cc C:/SiliconLabs/SimplicityStudio/v4/developer/sdks/blemesh/v1.1//protocol/bluetooth_dev/lib/EFR32XG13X/GCC/\libbluetooth_mesh.a
                0x200065e8                txPower24LpCurves
                0x200065ec                user_signals
                0x200065f0                mbedtls_cipher_supported
                0x20006618                bg_gap
                0x20006644                ll_events
                0x20006648                msg_sender
                0x2000664c                ll_hci
                0x20006650                deferred_event_sender
                0x20006654                txPower24HpCurves
                0x20006658                btlePublicDevAddr
                0x2000665e                ll_channelmap
                0x20006684                db_store
                0x2000668c                bg_pool_pools
                0x2000676c                ubt_callback
                0x20006770                ll_radioHandle
                0x20006774                ll_adv_state
                0x20006780                PROTIMER_scheduledRxEnable
                0x20006788                convDecodeBuffer
                0x200067c8                ll_radio
                0x200067f0                prov_caps
                0x200067f4                ll
                0x20006814                used_acls
                0x20006818                gecko_apihandler_rsp
                0x20006848                PROTIMER_softwareTimerTimeout
                0x20006850                test_lib_handler
                0x20006854                bg_store_sender
                0x20006858                ll_dtm
                0x2000688c                BUFC_RxBuffer
                0x20006a8c                mesh_sender
                0x20006a90                rcIrCalData
                0x20006aa2                PROTIMER_scheduledOverflows
                0x20006aa8                txPowerSgCurves
                0x20006aac                ll_to_hci_data_event_sender
                0x20006ab0                usch
                0x20006ac0                current_bg_gattdb
                0x20006ac4                bg_event_handlers
                0x20006aec                node_handle
                0x20006af0                ll_scan
                0x20006b44                hci_status
                0x20006b6c                address_resolver
                0x20006b74                smp
                0x20006ca8                piecewiseSegments
                0x20006cac                timer_overflow
                0x20006cb0                ll_task_callback